12:05:38 **** Incremental Build of configuration Debug for project dht11_lcd ****
make -j12 all 
arm-none-eabi-gcc "../Core/Src/dht11.c" -mcpu=cortex-m4 -std=gnu11 -g3 -DDEBUG -DUSE_HAL_DRIVER -DSTM32F407xx -c -I../Core/Inc -I../Drivers/STM32F4xx_HAL_Driver/Inc -I../Drivers/STM32F4xx_HAL_Driver/Inc/Legacy -I../Drivers/CMSIS/Device/ST/STM32F4xx/Include -I../Drivers/CMSIS/Include -O0 -ffunction-sections -fdata-sections -Wall -fstack-usage -fcyclomatic-complexity -MMD -MP -MF"Core/Src/dht11.d" -MT"Core/Src/dht11.o" --specs=nano.specs -mfpu=fpv4-sp-d16 -mfloat-abi=hard -mthumb -o "Core/Src/dht11.o"
arm-none-eabi-gcc "../Core/Src/main.c" -mcpu=cortex-m4 -std=gnu11 -g3 -DDEBUG -DUSE_HAL_DRIVER -DSTM32F407xx -c -I../Core/Inc -I../Drivers/STM32F4xx_HAL_Driver/Inc -I../Drivers/STM32F4xx_HAL_Driver/Inc/Legacy -I../Drivers/CMSIS/Device/ST/STM32F4xx/Include -I../Drivers/CMSIS/Include -O0 -ffunction-sections -fdata-sections -Wall -fstack-usage -fcyclomatic-complexity -MMD -MP -MF"Core/Src/main.d" -MT"Core/Src/main.o" --specs=nano.specs -mfpu=fpv4-sp-d16 -mfloat-abi=hard -mthumb -o "Core/Src/main.o"
../Core/Src/main.c: In function 'main':
../Core/Src/main.c:158:13: error: invalid storage class for function 'MX_I2C1_Init'
  158 | static void MX_I2C1_Init(void)
      |             ^~~~~~~~~~~~
../Core/Src/main.c:192:13: error: invalid storage class for function 'MX_GPIO_Init'
  192 | static void MX_GPIO_Init(void)
      |             ^~~~~~~~~~~~
../Core/Src/main.c:236:1: error: expected declaration or statement at end of input
  236 | }
      | ^
../Core/Src/main.c: At top level:
../Core/Src/main.c:51:13: warning: 'MX_GPIO_Init' used but never defined
   51 | static void MX_GPIO_Init(void);
      |             ^~~~~~~~~~~~
../Core/Src/main.c:52:13: warning: 'MX_I2C1_Init' used but never defined
   52 | static void MX_I2C1_Init(void);
      |             ^~~~~~~~~~~~
../Core/Src/main.c:227:6: warning: 'Error_Handler' defined but not used [-Wunused-function]
  227 | void Error_Handler(void)
      |      ^~~~~~~~~~~~~
../Core/Src/main.c:192:13: warning: 'MX_GPIO_Init' defined but not used [-Wunused-function]
  192 | static void MX_GPIO_Init(void)
      |             ^~~~~~~~~~~~
../Core/Src/main.c:158:13: warning: 'MX_I2C1_Init' defined but not used [-Wunused-function]
  158 | static void MX_I2C1_Init(void)
      |             ^~~~~~~~~~~~
../Core/Src/main.c:111:6: warning: 'SystemClock_Config' defined but not used [-Wunused-function]
  111 | void SystemClock_Config(void)
      |      ^~~~~~~~~~~~~~~~~~
make: *** [Core/Src/subdir.mk:37: Core/Src/main.o] Error 1
make: *** Waiting for unfinished jobs....
../Core/Src/dht11.c: In function 'DHT11_Init':
../Core/Src/dht11.c:72:16: error: unknown type name 'UART_HandleTypeDef'
   72 |         extern UART_HandleTypeDef huart2;
      |                ^~~~~~~~~~~~~~~~~~
../Core/Src/dht11.c:75:11: warning: implicit declaration of function 'HAL_UART_Transmit' [-Wimplicit-function-declaration]
   75 |           HAL_UART_Transmit(&huart2, (uint8_t*)"DWT FAIL.\r\n", 11, HAL_MAX_DELAY);
      |           ^~~~~~~~~~~~~~~~~
make: *** [Core/Src/subdir.mk:37: Core/Src/dht11.o] Error 1
"make -j12 all" terminated with exit code 2. Build might be incomplete.

12:05:39 Build Failed. 7 errors, 7 warnings. (took 731ms)

