12:05:37 **** Incremental Build of configuration Debug for project dht11 ****
make -j12 all 
arm-none-eabi-gcc "../Core/Src/main.c" -mcpu=cortex-m4 -std=gnu11 -g3 -DDEBUG -DUSE_HAL_DRIVER -DSTM32F407xx -c -I../Core/Inc -I../Drivers/STM32F4xx_HAL_Driver/Inc -I../Drivers/STM32F4xx_HAL_Driver/Inc/Legacy -I../Drivers/CMSIS/Device/ST/STM32F4xx/Include -I../Drivers/CMSIS/Include -O0 -ffunction-sections -fdata-sections -Wall -fstack-usage -fcyclomatic-complexity -MMD -MP -MF"Core/Src/main.d" -MT"Core/Src/main.o" --specs=nano.specs -mfpu=fpv4-sp-d16 -mfloat-abi=soft -mthumb -o "Core/Src/main.o"
arm-none-eabi-gcc "../Core/Src/my_lcd.c" -mcpu=cortex-m4 -std=gnu11 -g3 -DDEBUG -DUSE_HAL_DRIVER -DSTM32F407xx -c -I../Core/Inc -I../Drivers/STM32F4xx_HAL_Driver/Inc -I../Drivers/STM32F4xx_HAL_Driver/Inc/Legacy -I../Drivers/CMSIS/Device/ST/STM32F4xx/Include -I../Drivers/CMSIS/Include -O0 -ffunction-sections -fdata-sections -Wall -fstack-usage -fcyclomatic-complexity -MMD -MP -MF"Core/Src/my_lcd.d" -MT"Core/Src/my_lcd.o" --specs=nano.specs -mfpu=fpv4-sp-d16 -mfloat-abi=soft -mthumb -o "Core/Src/my_lcd.o"
In file included from ../Core/Src/my_lcd.c:14:
../Core/Inc/my_lcd.h:32:23: error: unknown type name 'I2C_HandleTypeDef'; did you mean 'DMA_HandleTypeDef'?
   32 | bool lcd16x2_i2c_init(I2C_HandleTypeDef *pI2cHandle);
      |                       ^~~~~~~~~~~~~~~~~
      |                       DMA_HandleTypeDef
In file included from ../Core/Src/main.c:46:
../Core/Inc/my_lcd.h:32:23: error: unknown type name 'I2C_HandleTypeDef'; did you mean 'DMA_HandleTypeDef'?
   32 | bool lcd16x2_i2c_init(I2C_HandleTypeDef *pI2cHandle);
      |                       ^~~~~~~~~~~~~~~~~
      |                       DMA_HandleTypeDef
../Core/Src/main.c: In function 'main':
../Core/Src/main.c:158:3: warning: implicit declaration of function 'lcd16x2_i2c_init'; did you mean 'lcd16x2_i2c_printf'? [-Wimplicit-function-declaration]
  158 |   lcd16x2_i2c_init(&hi2c1); // LCD READY
      |   ^~~~~~~~~~~~~~~~
      |   lcd16x2_i2c_printf
../Core/Src/main.c:158:21: error: 'hi2c1' undeclared (first use in this function)
  158 |   lcd16x2_i2c_init(&hi2c1); // LCD READY
      |                     ^~~~~
../Core/Src/main.c:158:21: note: each undeclared identifier is reported only once for each function it appears in
../Core/Src/my_lcd.c:29:1: error: unknown type name 'I2C_HandleTypeDef'; did you mean 'DMA_HandleTypeDef'?
   29 | I2C_HandleTypeDef* lcd16x2_i2cHandle = NULL;
      | ^~~~~~~~~~~~~~~~~
      | DMA_HandleTypeDef
../Core/Src/main.c:162:6: error: unknown type name 'Read'
  162 |      Read DHT11
      |      ^~~~
../Core/Src/main.c:163:6: error: expected '=', ',', ';', 'asm' or '__attribute__' before 'Print'
  163 |      Print on LCD
      |      ^~~~~
../Core/Src/main.c:172:19: error: 'line1' undeclared (first use in this function)
  172 |           sprintf(line1, "Temp: %d C", temp);
      |                   ^~~~~
../Core/Src/main.c:172:40: error: 'temp' undeclared (first use in this function)
  172 |           sprintf(line1, "Temp: %d C", temp);
      |                                        ^~~~
../Core/Src/main.c:173:19: error: 'line2' undeclared (first use in this function)
  173 |           sprintf(line2, "Hum : %d %%", hum);
      |                   ^~~~~
../Core/Src/main.c:173:41: error: 'hum' undeclared (first use in this function)
  173 |           sprintf(line2, "Hum : %d %%", hum);
      |                                         ^~~
../Core/Src/main.c:242:13: error: invalid storage class for function 'MX_USART2_UART_Init'
  242 | static void MX_USART2_UART_Init(void)
      |             ^~~~~~~~~~~~~~~~~~~
../Core/Src/main.c: In function 'MX_USART2_UART_Init':
../Core/Src/main.c:256:3: error: 'huart2' undeclared (first use in this function)
  256 |   huart2.Instance = USART2;
      |   ^~~~~~
../Core/Src/main.c: In function 'main':
../Core/Src/main.c:281:13: error: invalid storage class for function 'MX_GPIO_Init'
  281 | static void MX_GPIO_Init(void)
      |             ^~~~~~~~~~~~
../Core/Src/main.c: In function 'MX_GPIO_Init':
../Core/Src/main.c:285:15: error: invalid storage class for function 'MX_I2C1_Init'
  285 |   static void MX_I2C1_Init(void)
      |               ^~~~~~~~~~~~
../Core/Src/my_lcd.c: In function 'lcd_i2c_send_nibble':
../Core/Src/my_lcd.c:54:12: warning: implicit declaration of function 'HAL_I2C_Master_Transmit' [-Wimplicit-function-declaration]
   54 |     return HAL_I2C_Master_Transmit(lcd16x2_i2cHandle,LCD_I2C_SLAVE_ADDRESS,i2cData, 2,  200);
      |            ^~~~~~~~~~~~~~~~~~~~~~~
../Core/Src/main.c: In function 'MX_I2C1_Init':
../Core/Src/main.c:289:30: error: 'I2C_DUTYCYCLE_2' undeclared (first use in this function)
  289 |       hi2c1.Init.DutyCycle = I2C_DUTYCYCLE_2;
      |                              ^~~~~~~~~~~~~~~
../Core/Src/my_lcd.c: At top level:
../Core/Src/my_lcd.c:126:23: error: unknown type name 'I2C_HandleTypeDef'; did you mean 'DMA_HandleTypeDef'?
  126 | bool lcd16x2_i2c_init(I2C_HandleTypeDef *pI2cHandle)
      |                       ^~~~~~~~~~~~~~~~~
      |                       DMA_HandleTypeDef
make: *** [Core/Src/subdir.mk:43: Core/Src/my_lcd.o] Error 1
make: *** Waiting for unfinished jobs....
../Core/Src/main.c:291:35: error: 'I2C_ADDRESSINGMODE_7BIT' undeclared (first use in this function)
  291 |       hi2c1.Init.AddressingMode = I2C_ADDRESSINGMODE_7BIT;
      |                                   ^~~~~~~~~~~~~~~~~~~~~~~
../Core/Src/main.c:292:36: error: 'I2C_DUALADDRESS_DISABLE' undeclared (first use in this function); did you mean 'I2C_DUALADDRESS_DISABLED'?
  292 |       hi2c1.Init.DualAddressMode = I2C_DUALADDRESS_DISABLE;
      |                                    ^~~~~~~~~~~~~~~~~~~~~~~
      |                                    I2C_DUALADDRESS_DISABLED
../Core/Src/main.c:294:36: error: 'I2C_GENERALCALL_DISABLE' undeclared (first use in this function); did you mean 'I2C_GENERALCALL_DISABLED'?
  294 |       hi2c1.Init.GeneralCallMode = I2C_GENERALCALL_DISABLE;
      |                                    ^~~~~~~~~~~~~~~~~~~~~~~
      |                                    I2C_GENERALCALL_DISABLED
../Core/Src/main.c:295:34: error: 'I2C_NOSTRETCH_DISABLE' undeclared (first use in this function); did you mean 'I2C_NOSTRETCH_DISABLED'?
  295 |       hi2c1.Init.NoStretchMode = I2C_NOSTRETCH_DISABLE;
      |                                  ^~~~~~~~~~~~~~~~~~~~~
      |                                  I2C_NOSTRETCH_DISABLED
../Core/Src/main.c:297:11: warning: implicit declaration of function 'HAL_I2C_Init'; did you mean 'HAL_LIN_Init'? [-Wimplicit-function-declaration]
  297 |       if (HAL_I2C_Init(&hi2c1) != HAL_OK)
      |           ^~~~~~~~~~~~
      |           HAL_LIN_Init
../Core/Src/main.c: In function 'main':
../Core/Src/main.c:356:1: error: expected declaration or statement at end of input
  356 | }
      | ^
../Core/Src/main.c:356:1: error: expected declaration or statement at end of input
../Core/Src/main.c: At top level:
../Core/Src/main.c:85:13: warning: 'MX_GPIO_Init' used but never defined
   85 | static void MX_GPIO_Init(void);
      |             ^~~~~~~~~~~~
../Core/Src/main.c:87:13: warning: 'MX_I2C1_Init' used but never defined
   87 | static void MX_I2C1_Init(void);
      |             ^~~~~~~~~~~~
../Core/Src/main.c:341:6: warning: 'Error_Handler' defined but not used [-Wunused-function]
  341 | void Error_Handler(void)
      |      ^~~~~~~~~~~~~
../Core/Src/main.c:281:13: warning: 'MX_GPIO_Init' defined but not used [-Wunused-function]
  281 | static void MX_GPIO_Init(void)
      |             ^~~~~~~~~~~~
../Core/Src/main.c:285:15: warning: 'MX_I2C1_Init' defined but not used [-Wunused-function]
  285 |   static void MX_I2C1_Init(void)
      |               ^~~~~~~~~~~~
../Core/Src/main.c:242:13: warning: 'MX_USART2_UART_Init' defined but not used [-Wunused-function]
  242 | static void MX_USART2_UART_Init(void)
      |             ^~~~~~~~~~~~~~~~~~~
../Core/Src/main.c:195:6: warning: 'SystemClock_Config' defined but not used [-Wunused-function]
  195 | void SystemClock_Config(void)
      |      ^~~~~~~~~~~~~~~~~~
make: *** [Core/Src/subdir.mk:43: Core/Src/main.o] Error 1
"make -j12 all" terminated with exit code 2. Build might be incomplete.

12:05:38 Build Failed. 25 errors, 10 warnings. (took 1s.10ms)

