13:15:05 **** Incremental Build of configuration Debug for project mq2_lcd ****
make -j12 all 
arm-none-eabi-gcc "../Core/Src/dh11.c" -mcpu=cortex-m4 -std=gnu11 -g3 -DDEBUG -DUSE_HAL_DRIVER -DSTM32F407xx -c -I../Core/Inc -I../Drivers/STM32F4xx_HAL_Driver/Inc -I../Drivers/STM32F4xx_HAL_Driver/Inc/Legacy -I../Drivers/CMSIS/Device/ST/STM32F4xx/Include -I../Drivers/CMSIS/Include -O0 -ffunction-sections -fdata-sections -Wall -fstack-usage -fcyclomatic-complexity -MMD -MP -MF"Core/Src/dh11.d" -MT"Core/Src/dh11.o" --specs=nano.specs -mfpu=fpv4-sp-d16 -mfloat-abi=soft -mthumb -o "Core/Src/dh11.o"
arm-none-eabi-gcc "../Core/Src/main.c" -mcpu=cortex-m4 -std=gnu11 -g3 -DDEBUG -DUSE_HAL_DRIVER -DSTM32F407xx -c -I../Core/Inc -I../Drivers/STM32F4xx_HAL_Driver/Inc -I../Drivers/STM32F4xx_HAL_Driver/Inc/Legacy -I../Drivers/CMSIS/Device/ST/STM32F4xx/Include -I../Drivers/CMSIS/Include -O0 -ffunction-sections -fdata-sections -Wall -fstack-usage -fcyclomatic-complexity -MMD -MP -MF"Core/Src/main.d" -MT"Core/Src/main.o" --specs=nano.specs -mfpu=fpv4-sp-d16 -mfloat-abi=soft -mthumb -o "Core/Src/main.o"
../Core/Src/dh11.c:129:16: error: conflicting types for 'DH11_ReadByte'; have 'uint8_t(void)' {aka 'unsigned char(void)'}
  129 | static uint8_t DH11_ReadByte(void)
      |                ^~~~~~~~~~~~~
In file included from ../Core/Src/dh11.c:7:
../Core/Inc/dh11.h:16:9: note: previous declaration of 'DH11_ReadByte' with type 'uint8_t(uint8_t *, uint8_t *)' {aka 'unsigned char(unsigned char *, unsigned char *)'}
   16 | uint8_t DH11_ReadByte(uint8_t *temperature, uint8_t *humidity);
      |         ^~~~~~~~~~~~~
../Core/Src/dh11.c: In function 'DH11_Read':
../Core/Src/dh11.c:187:5: warning: implicit declaration of function 'DH11_Pin_Input'; did you mean 'DHT11_Pin_Input'? [-Wimplicit-function-declaration]
  187 |     DH11_Pin_Input();
      |     ^~~~~~~~~~~~~~
      |     DHT11_Pin_Input
../Core/Src/dh11.c: At top level:
../Core/Src/dh11.c:95:13: warning: 'DHT11_Pin_Input' defined but not used [-Wunused-function]
   95 | static void DHT11_Pin_Input(void)
      |             ^~~~~~~~~~~~~~~
make: *** [Core/Src/subdir.mk:49: Core/Src/dh11.o] Error 1
make: *** Waiting for unfinished jobs....
../Core/Src/main.c: In function 'main':
../Core/Src/main.c:158:17: warning: implicit declaration of function 'DH11_Read'; did you mean 'DH11_ReadByte'? [-Wimplicit-function-declaration]
  158 |             if (DH11_Read(&temperature, &humidity) == 0)
      |                 ^~~~~~~~~
      |                 DH11_ReadByte
"make -j12 all" terminated with exit code 2. Build might be incomplete.

13:15:06 Build Failed. 3 errors, 3 warnings. (took 1s.75ms)

