11:52:48 **** Clean-only build of configuration Debug for project Exti_Functionality ****
make -j12 clean 
rm -rf ./Startup/startup_stm32f407vgtx.d ./Startup/startup_stm32f407vgtx.o
rm -rf ./Src/ext_intr.cyclo ./Src/ext_intr.d ./Src/ext_intr.o ./Src/ext_intr.su ./Src/itm.cyclo ./Src/itm.d ./Src/itm.o ./Src/itm.su ./Src/main.cyclo ./Src/main.d ./Src/main.o ./Src/main.su ./Src/my_led.cyclo ./Src/my_led.d ./Src/my_led.o ./Src/my_led.su ./Src/syscalls.cyclo ./Src/syscalls.d ./Src/syscalls.o ./Src/syscalls.su ./Src/sysmem.cyclo ./Src/sysmem.d ./Src/sysmem.o ./Src/sysmem.su ./Src/system_stm32f4xx.cyclo ./Src/system_stm32f4xx.d ./Src/system_stm32f4xx.o ./Src/system_stm32f4xx.su
rm -rf Exti_Functionality.elf Exti_Functionality.list Exti_Functionality.map default.size.stdout
 
11:52:52 **** Build of configuration Debug for project Exti_Functionality ****
make -j12 all 
arm-none-eabi-gcc -mcpu=cortex-m4 -g3 -DDEBUG -c -x assembler-with-cpp -MMD -MP -MF"Startup/startup_stm32f407vgtx.d" -MT"Startup/startup_stm32f407vgtx.o" --specs=nano.specs -mfpu=fpv4-sp-d16 -mfloat-abi=soft -mthumb -o "Startup/startup_stm32f407vgtx.o" "../Startup/startup_stm32f407vgtx.s"
arm-none-eabi-gcc "../Src/ext_intr.c" -mcpu=cortex-m4 -std=gnu11 -g3 -DDEBUG -DSTM32 -DSTM32F407G_DISC1 -DSTM32F4 -DSTM32F407VGTx -c -I../Inc -O0 -ffunction-sections -fdata-sections -Wall -fstack-usage -fcyclomatic-complexity -MMD -MP -MF"Src/ext_intr.d" -MT"Src/ext_intr.o" --specs=nano.specs -mfpu=fpv4-sp-d16 -mfloat-abi=soft -mthumb -o "Src/ext_intr.o"
arm-none-eabi-gcc "../Src/itm.c" -mcpu=cortex-m4 -std=gnu11 -g3 -DDEBUG -DSTM32 -DSTM32F407G_DISC1 -DSTM32F4 -DSTM32F407VGTx -c -I../Inc -O0 -ffunction-sections -fdata-sections -Wall -fstack-usage -fcyclomatic-complexity -MMD -MP -MF"Src/itm.d" -MT"Src/itm.o" --specs=nano.specs -mfpu=fpv4-sp-d16 -mfloat-abi=soft -mthumb -o "Src/itm.o"
arm-none-eabi-gcc "../Src/main.c" -mcpu=cortex-m4 -std=gnu11 -g3 -DDEBUG -DSTM32 -DSTM32F407G_DISC1 -DSTM32F4 -DSTM32F407VGTx -c -I../Inc -O0 -ffunction-sections -fdata-sections -Wall -fstack-usage -fcyclomatic-complexity -MMD -MP -MF"Src/main.d" -MT"Src/main.o" --specs=nano.specs -mfpu=fpv4-sp-d16 -mfloat-abi=soft -mthumb -o "Src/main.o"
arm-none-eabi-gcc "../Src/my_led.c" -mcpu=cortex-m4 -std=gnu11 -g3 -DDEBUG -DSTM32 -DSTM32F407G_DISC1 -DSTM32F4 -DSTM32F407VGTx -c -I../Inc -O0 -ffunction-sections -fdata-sections -Wall -fstack-usage -fcyclomatic-complexity -MMD -MP -MF"Src/my_led.d" -MT"Src/my_led.o" --specs=nano.specs -mfpu=fpv4-sp-d16 -mfloat-abi=soft -mthumb -o "Src/my_led.o"
arm-none-eabi-gcc "../Src/syscalls.c" -mcpu=cortex-m4 -std=gnu11 -g3 -DDEBUG -DSTM32 -DSTM32F407G_DISC1 -DSTM32F4 -DSTM32F407VGTx -c -I../Inc -O0 -ffunction-sections -fdata-sections -Wall -fstack-usage -fcyclomatic-complexity -MMD -MP -MF"Src/syscalls.d" -MT"Src/syscalls.o" --specs=nano.specs -mfpu=fpv4-sp-d16 -mfloat-abi=soft -mthumb -o "Src/syscalls.o"
arm-none-eabi-gcc "../Src/sysmem.c" -mcpu=cortex-m4 -std=gnu11 -g3 -DDEBUG -DSTM32 -DSTM32F407G_DISC1 -DSTM32F4 -DSTM32F407VGTx -c -I../Inc -O0 -ffunction-sections -fdata-sections -Wall -fstack-usage -fcyclomatic-complexity -MMD -MP -MF"Src/sysmem.d" -MT"Src/sysmem.o" --specs=nano.specs -mfpu=fpv4-sp-d16 -mfloat-abi=soft -mthumb -o "Src/sysmem.o"
arm-none-eabi-gcc "../Src/system_stm32f4xx.c" -mcpu=cortex-m4 -std=gnu11 -g3 -DDEBUG -DSTM32 -DSTM32F407G_DISC1 -DSTM32F4 -DSTM32F407VGTx -c -I../Inc -O0 -ffunction-sections -fdata-sections -Wall -fstack-usage -fcyclomatic-complexity -MMD -MP -MF"Src/system_stm32f4xx.d" -MT"Src/system_stm32f4xx.o" --specs=nano.specs -mfpu=fpv4-sp-d16 -mfloat-abi=soft -mthumb -o "Src/system_stm32f4xx.o"
arm-none-eabi-gcc -o "Exti_Functionality.elf" @"objects.list"   -mcpu=cortex-m4 -T"C:\Users\sanket mirage\OneDrive\Desktop\Intenshipdata\ARM_94088_SAKSHI\Assignment5\Exti_Functionality\STM32F407VGTX_FLASH.ld" --specs=nosys.specs -Wl,-Map="Exti_Functionality.map" -Wl,--gc-sections -static --specs=nano.specs -mfpu=fpv4-sp-d16 -mfloat-abi=soft -mthumb -Wl,--start-group -lc -lm -Wl,--end-group
Finished building target: Exti_Functionality.elf
 
arm-none-eabi-size  Exti_Functionality.elf 
arm-none-eabi-objdump -h -S Exti_Functionality.elf  > "Exti_Functionality.list"
   text	   data	    bss	    dec	    hex	filename
   1320	      4	   1572	   2896	    b50	Exti_Functionality.elf
Finished building: default.size.stdout
 
Finished building: Exti_Functionality.list
 
11:52:53 **** Incremental Build of configuration Debug for project interrupttrigger.c ****
make -j12 all 
arm-none-eabi-size  interrupttrigger.c.elf 
   text	   data	    bss	    dec	    hex	filename
   1404	      4	   1564	   2972	    b9c	interrupttrigger.c.elf
Finished building: default.size.stdout
 
11:52:54 **** Incremental Build of configuration Debug for project softwareflag.c ****
make -j12 all 
arm-none-eabi-size  softwareflag.c.elf 
   text	   data	    bss	    dec	    hex	filename
   1328	      4	   1572	   2904	    b58	softwareflag.c.elf
Finished building: default.size.stdout
 
11:53:19 **** Incremental Build of configuration Debug for project Exti_Functionality ****
make -j12 all 
arm-none-eabi-size  Exti_Functionality.elf 
   text	   data	    bss	    dec	    hex	filename
   1320	      4	   1572	   2896	    b50	Exti_Functionality.elf
Finished building: default.size.stdout
 
11:53:40 **** Incremental Build of configuration Debug for project Exti_Functionality ****
make -j12 all 
arm-none-eabi-size  Exti_Functionality.elf 
   text	   data	    bss	    dec	    hex	filename
   1320	      4	   1572	   2896	    b50	Exti_Functionality.elf
Finished building: default.size.stdout
 
12:03:01 **** Incremental Build of configuration Debug for project Exti_Functionality ****
make -j12 all 
arm-none-eabi-gcc "../Src/main.c" -mcpu=cortex-m4 -std=gnu11 -g3 -DDEBUG -DSTM32 -DSTM32F407G_DISC1 -DSTM32F4 -DSTM32F407VGTx -c -I../Inc -O0 -ffunction-sections -fdata-sections -Wall -fstack-usage -fcyclomatic-complexity -MMD -MP -MF"Src/main.d" -MT"Src/main.o" --specs=nano.specs -mfpu=fpv4-sp-d16 -mfloat-abi=soft -mthumb -o "Src/main.o"
../Src/main.c: In function 'main':
../Src/main.c:40:22: error: expected expression before ')' token
   40 |                 else()
      |                      ^
make: *** [Src/subdir.mk:37: Src/main.o] Error 1
"make -j12 all" terminated with exit code 2. Build might be incomplete.
12:03:16 **** Incremental Build of configuration Debug for project Exti_Functionality ****
make -j12 all 
arm-none-eabi-gcc "../Src/main.c" -mcpu=cortex-m4 -std=gnu11 -g3 -DDEBUG -DSTM32 -DSTM32F407G_DISC1 -DSTM32F4 -DSTM32F407VGTx -c -I../Inc -O0 -ffunction-sections -fdata-sections -Wall -fstack-usage -fcyclomatic-complexity -MMD -MP -MF"Src/main.d" -MT"Src/main.o" --specs=nano.specs -mfpu=fpv4-sp-d16 -mfloat-abi=soft -mthumb -o "Src/main.o"
arm-none-eabi-gcc -o "Exti_Functionality.elf" @"objects.list"   -mcpu=cortex-m4 -T"C:\Users\sanket mirage\OneDrive\Desktop\Intenshipdata\ARM_94088_SAKSHI\Assignment5\Exti_Functionality\STM32F407VGTX_FLASH.ld" --specs=nosys.specs -Wl,-Map="Exti_Functionality.map" -Wl,--gc-sections -static --specs=nano.specs -mfpu=fpv4-sp-d16 -mfloat-abi=soft -mthumb -Wl,--start-group -lc -lm -Wl,--end-group
Finished building target: Exti_Functionality.elf
 
arm-none-eabi-size  Exti_Functionality.elf 
arm-none-eabi-objdump -h -S Exti_Functionality.elf  > "Exti_Functionality.list"
   text	   data	    bss	    dec	    hex	filename
   1304	      4	   1572	   2880	    b40	Exti_Functionality.elf
Finished building: default.size.stdout
 
Finished building: Exti_Functionality.list
 
12:03:23 **** Incremental Build of configuration Debug for project Exti_Functionality ****
make -j12 all 
arm-none-eabi-size  Exti_Functionality.elf 
   text	   data	    bss	    dec	    hex	filename
   1304	      4	   1572	   2880	    b40	Exti_Functionality.elf
Finished building: default.size.stdout
 
12:03:43 **** Incremental Build of configuration Debug for project Exti_Functionality ****
make -j12 all 
arm-none-eabi-size  Exti_Functionality.elf 
   text	   data	    bss	    dec	    hex	filename
   1304	      4	   1572	   2880	    b40	Exti_Functionality.elf
Finished building: default.size.stdout
 
12:05:41 **** Incremental Build of configuration Debug for project Exti_Functionality ****
make -j12 all 
arm-none-eabi-gcc "../Src/main.c" -mcpu=cortex-m4 -std=gnu11 -g3 -DDEBUG -DSTM32 -DSTM32F407G_DISC1 -DSTM32F4 -DSTM32F407VGTx -c -I../Inc -O0 -ffunction-sections -fdata-sections -Wall -fstack-usage -fcyclomatic-complexity -MMD -MP -MF"Src/main.d" -MT"Src/main.o" --specs=nano.specs -mfpu=fpv4-sp-d16 -mfloat-abi=soft -mthumb -o "Src/main.o"
arm-none-eabi-gcc -o "Exti_Functionality.elf" @"objects.list"   -mcpu=cortex-m4 -T"C:\Users\sanket mirage\OneDrive\Desktop\Intenshipdata\ARM_94088_SAKSHI\Assignment5\Exti_Functionality\STM32F407VGTX_FLASH.ld" --specs=nosys.specs -Wl,-Map="Exti_Functionality.map" -Wl,--gc-sections -static --specs=nano.specs -mfpu=fpv4-sp-d16 -mfloat-abi=soft -mthumb -Wl,--start-group -lc -lm -Wl,--end-group
Finished building target: Exti_Functionality.elf
 
arm-none-eabi-size  Exti_Functionality.elf 
arm-none-eabi-objdump -h -S Exti_Functionality.elf  > "Exti_Functionality.list"
   text	   data	    bss	    dec	    hex	filename
   1308	      4	   1572	   2884	    b44	Exti_Functionality.elf
Finished building: default.size.stdout
 
Finished building: Exti_Functionality.list
 
12:05:49 **** Incremental Build of configuration Debug for project Exti_Functionality ****
make -j12 all 
arm-none-eabi-size  Exti_Functionality.elf 
   text	   data	    bss	    dec	    hex	filename
   1308	      4	   1572	   2884	    b44	Exti_Functionality.elf
Finished building: default.size.stdout
 
12:06:43 **** Incremental Build of configuration Debug for project Exti_Functionality ****
make -j12 all 
arm-none-eabi-size  Exti_Functionality.elf 
   text	   data	    bss	    dec	    hex	filename
   1308	      4	   1572	   2884	    b44	Exti_Functionality.elf
Finished building: default.size.stdout
 
12:07:33 **** Incremental Build of configuration Debug for project Exti_Functionality ****
make -j12 all 
arm-none-eabi-gcc "../Src/main.c" -mcpu=cortex-m4 -std=gnu11 -g3 -DDEBUG -DSTM32 -DSTM32F407G_DISC1 -DSTM32F4 -DSTM32F407VGTx -c -I../Inc -O0 -ffunction-sections -fdata-sections -Wall -fstack-usage -fcyclomatic-complexity -MMD -MP -MF"Src/main.d" -MT"Src/main.o" --specs=nano.specs -mfpu=fpv4-sp-d16 -mfloat-abi=soft -mthumb -o "Src/main.o"
arm-none-eabi-gcc -o "Exti_Functionality.elf" @"objects.list"   -mcpu=cortex-m4 -T"C:\Users\sanket mirage\OneDrive\Desktop\Intenshipdata\ARM_94088_SAKSHI\Assignment5\Exti_Functionality\STM32F407VGTX_FLASH.ld" --specs=nosys.specs -Wl,-Map="Exti_Functionality.map" -Wl,--gc-sections -static --specs=nano.specs -mfpu=fpv4-sp-d16 -mfloat-abi=soft -mthumb -Wl,--start-group -lc -lm -Wl,--end-group
Finished building target: Exti_Functionality.elf
 
arm-none-eabi-size  Exti_Functionality.elf 
arm-none-eabi-objdump -h -S Exti_Functionality.elf  > "Exti_Functionality.list"
   text	   data	    bss	    dec	    hex	filename
   1300	      4	   1572	   2876	    b3c	Exti_Functionality.elf
Finished building: default.size.stdout
 
Finished building: Exti_Functionality.list
 
12:07:38 **** Incremental Build of configuration Debug for project Exti_Functionality ****
make -j12 all 
arm-none-eabi-size  Exti_Functionality.elf 
   text	   data	    bss	    dec	    hex	filename
   1300	      4	   1572	   2876	    b3c	Exti_Functionality.elf
Finished building: default.size.stdout
 
12:07:51 **** Incremental Build of configuration Debug for project Exti_Functionality ****
make -j12 all 
arm-none-eabi-size  Exti_Functionality.elf 
   text	   data	    bss	    dec	    hex	filename
   1300	      4	   1572	   2876	    b3c	Exti_Functionality.elf
Finished building: default.size.stdout
 
12:08:05 **** Incremental Build of configuration Debug for project Exti_Functionality ****
make -j12 all 
arm-none-eabi-size  Exti_Functionality.elf 
   text	   data	    bss	    dec	    hex	filename
   1300	      4	   1572	   2876	    b3c	Exti_Functionality.elf
Finished building: default.size.stdout
 
12:08:18 **** Incremental Build of configuration Debug for project Exti_Functionality ****
make -j12 all 
arm-none-eabi-size  Exti_Functionality.elf 
   text	   data	    bss	    dec	    hex	filename
   1300	      4	   1572	   2876	    b3c	Exti_Functionality.elf
Finished building: default.size.stdout
 
12:09:50 **** Incremental Build of configuration Debug for project Exti_Functionality ****
make -j12 all 
arm-none-eabi-gcc "../Src/main.c" -mcpu=cortex-m4 -std=gnu11 -g3 -DDEBUG -DSTM32 -DSTM32F407G_DISC1 -DSTM32F4 -DSTM32F407VGTx -c -I../Inc -O0 -ffunction-sections -fdata-sections -Wall -fstack-usage -fcyclomatic-complexity -MMD -MP -MF"Src/main.d" -MT"Src/main.o" --specs=nano.specs -mfpu=fpv4-sp-d16 -mfloat-abi=soft -mthumb -o "Src/main.o"
arm-none-eabi-gcc -o "Exti_Functionality.elf" @"objects.list"   -mcpu=cortex-m4 -T"C:\Users\sanket mirage\OneDrive\Desktop\Intenshipdata\ARM_94088_SAKSHI\Assignment5\Exti_Functionality\STM32F407VGTX_FLASH.ld" --specs=nosys.specs -Wl,-Map="Exti_Functionality.map" -Wl,--gc-sections -static --specs=nano.specs -mfpu=fpv4-sp-d16 -mfloat-abi=soft -mthumb -Wl,--start-group -lc -lm -Wl,--end-group
Finished building target: Exti_Functionality.elf
 
arm-none-eabi-size  Exti_Functionality.elf 
arm-none-eabi-objdump -h -S Exti_Functionality.elf  > "Exti_Functionality.list"
   text	   data	    bss	    dec	    hex	filename
   1208	      0	   1568	   2776	    ad8	Exti_Functionality.elf
Finished building: default.size.stdout
 
Finished building: Exti_Functionality.list
 
12:09:54 **** Incremental Build of configuration Debug for project Exti_Functionality ****
make -j12 all 
arm-none-eabi-size  Exti_Functionality.elf 
   text	   data	    bss	    dec	    hex	filename
   1208	      0	   1568	   2776	    ad8	Exti_Functionality.elf
Finished building: default.size.stdout
 
12:10:09 **** Incremental Build of configuration Debug for project Exti_Functionality ****
make -j12 all 
arm-none-eabi-size  Exti_Functionality.elf 
   text	   data	    bss	    dec	    hex	filename
   1208	      0	   1568	   2776	    ad8	Exti_Functionality.elf
Finished building: default.size.stdout
 
12:29:03 **** Incremental Build of configuration Debug for project Exti_Functionality ****
make -j12 all 
arm-none-eabi-gcc "../Src/ext_intr.c" -mcpu=cortex-m4 -std=gnu11 -g3 -DDEBUG -DSTM32 -DSTM32F407G_DISC1 -DSTM32F4 -DSTM32F407VGTx -c -I../Inc -O0 -ffunction-sections -fdata-sections -Wall -fstack-usage -fcyclomatic-complexity -MMD -MP -MF"Src/ext_intr.d" -MT"Src/ext_intr.o" --specs=nano.specs -mfpu=fpv4-sp-d16 -mfloat-abi=soft -mthumb -o "Src/ext_intr.o"
arm-none-eabi-gcc "../Src/main.c" -mcpu=cortex-m4 -std=gnu11 -g3 -DDEBUG -DSTM32 -DSTM32F407G_DISC1 -DSTM32F4 -DSTM32F407VGTx -c -I../Inc -O0 -ffunction-sections -fdata-sections -Wall -fstack-usage -fcyclomatic-complexity -MMD -MP -MF"Src/main.d" -MT"Src/main.o" --specs=nano.specs -mfpu=fpv4-sp-d16 -mfloat-abi=soft -mthumb -o "Src/main.o"
arm-none-eabi-gcc "../Src/my_led.c" -mcpu=cortex-m4 -std=gnu11 -g3 -DDEBUG -DSTM32 -DSTM32F407G_DISC1 -DSTM32F4 -DSTM32F407VGTx -c -I../Inc -O0 -ffunction-sections -fdata-sections -Wall -fstack-usage -fcyclomatic-complexity -MMD -MP -MF"Src/my_led.d" -MT"Src/my_led.o" --specs=nano.specs -mfpu=fpv4-sp-d16 -mfloat-abi=soft -mthumb -o "Src/my_led.o"
arm-none-eabi-gcc -o "Exti_Functionality.elf" @"objects.list"   -mcpu=cortex-m4 -T"C:\Users\sanket mirage\OneDrive\Desktop\Intenshipdata\ARM_94088_SAKSHI\Assignment5\Exti_Functionality\STM32F407VGTX_FLASH.ld" --specs=nosys.specs -Wl,-Map="Exti_Functionality.map" -Wl,--gc-sections -static --specs=nano.specs -mfpu=fpv4-sp-d16 -mfloat-abi=soft -mthumb -Wl,--start-group -lc -lm -Wl,--end-group
Finished building target: Exti_Functionality.elf
 
arm-none-eabi-size  Exti_Functionality.elf 
arm-none-eabi-objdump -h -S Exti_Functionality.elf  > "Exti_Functionality.list"
   text	   data	    bss	    dec	    hex	filename
   1232	      0	   1576	   2808	    af8	Exti_Functionality.elf
Finished building: default.size.stdout
 
Finished building: Exti_Functionality.list
 
12:29:55 **** Incremental Build of configuration Debug for project Exti_Functionality ****
make -j12 all 
arm-none-eabi-size  Exti_Functionality.elf 
   text	   data	    bss	    dec	    hex	filename
   1232	      0	   1576	   2808	    af8	Exti_Functionality.elf
Finished building: default.size.stdout
 
12:30:10 **** Incremental Build of configuration Debug for project Exti_Functionality ****
make -j12 all 
arm-none-eabi-size  Exti_Functionality.elf 
   text	   data	    bss	    dec	    hex	filename
   1232	      0	   1576	   2808	    af8	Exti_Functionality.elf
Finished building: default.size.stdout
 
