09:25:03 **** Incremental Build of configuration Debug for project ledrun.c ****
make -j12 all 
arm-none-eabi-gcc "../Src/main.c" -mcpu=cortex-m4 -std=gnu11 -g3 -DDEBUG -DSTM32 -DSTM32F407G_DISC1 -DSTM32F4 -DSTM32F407VGTx -c -I../Inc -O0 -ffunction-sections -fdata-sections -Wall -fstack-usage -fcyclomatic-complexity -MMD -MP -MF"Src/main.d" -MT"Src/main.o" --specs=nano.specs -mfpu=fpv4-sp-d16 -mfloat-abi=soft -mthumb -o "Src/main.o"
arm-none-eabi-gcc -o "ledrun.c.elf" @"objects.list"   -mcpu=cortex-m4 -T"C:\Users\sanket mirage\OneDrive\Desktop\Intenshipdata\ARM_94088_SAKSHI\Assignment3\ledrun.c\STM32F407VGTX_FLASH.ld" --specs=nosys.specs -Wl,-Map="ledrun.c.map" -Wl,--gc-sections -static --specs=nano.specs -mfpu=fpv4-sp-d16 -mfloat-abi=soft -mthumb -Wl,--start-group -lc -lm -Wl,--end-group
Finished building target: ledrun.c.elf
 
arm-none-eabi-size  ledrun.c.elf 
arm-none-eabi-objdump -h -S ledrun.c.elf  > "ledrun.c.list"
   text	   data	    bss	    dec	    hex	filename
   1260	      4	   1564	   2828	    b0c	ledrun.c.elf
Finished building: default.size.stdout
 
Finished building: ledrun.c.list
 
09:25:27 **** Incremental Build of configuration Debug for project alternateledblink.c ****
make -j12 all 
arm-none-eabi-size  alternateledblink.c.elf 
   text	   data	    bss	    dec	    hex	filename
   1064	      4	   1564	   2632	    a48	alternateledblink.c.elf
Finished building: default.size.stdout
 
09:25:28 **** Incremental Build of configuration Debug for project ledrun.c ****
make -j12 all 
arm-none-eabi-size  ledrun.c.elf 
   text	   data	    bss	    dec	    hex	filename
   1260	      4	   1564	   2828	    b0c	ledrun.c.elf
Finished building: default.size.stdout
 
09:25:28 **** Incremental Build of configuration Debug for project quetion1 ****
make -j12 all 
arm-none-eabi-size  quetion1.elf 
   text	   data	    bss	    dec	    hex	filename
   1040	      4	   1564	   2608	    a30	quetion1.elf
Finished building: default.size.stdout
 
09:25:53 **** Incremental Build of configuration Debug for project ledrun.c ****
make -j12 all 
arm-none-eabi-size  ledrun.c.elf 
   text	   data	    bss	    dec	    hex	filename
   1260	      4	   1564	   2828	    b0c	ledrun.c.elf
Finished building: default.size.stdout
 
09:26:10 **** Incremental Build of configuration Debug for project ledrun.c ****
make -j12 all 
arm-none-eabi-size  ledrun.c.elf 
   text	   data	    bss	    dec	    hex	filename
   1260	      4	   1564	   2828	    b0c	ledrun.c.elf
Finished building: default.size.stdout
 
09:34:06 **** Incremental Build of configuration Debug for project alternateledblink.c ****
make -j12 all 
arm-none-eabi-size  alternateledblink.c.elf 
   text	   data	    bss	    dec	    hex	filename
   1064	      4	   1564	   2632	    a48	alternateledblink.c.elf
Finished building: default.size.stdout
 
09:34:07 **** Incremental Build of configuration Debug for project ledrun.c ****
make -j12 all 
arm-none-eabi-size  ledrun.c.elf 
   text	   data	    bss	    dec	    hex	filename
   1260	      4	   1564	   2828	    b0c	ledrun.c.elf
Finished building: default.size.stdout
 
09:34:07 **** Build of configuration Debug for project ledrunrrighttoleft.c ****
make -j12 all 
arm-none-eabi-gcc -mcpu=cortex-m4 -g3 -DDEBUG -c -x assembler-with-cpp -MMD -MP -MF"Startup/startup_stm32f407vgtx.d" -MT"Startup/startup_stm32f407vgtx.o" --specs=nano.specs -mfpu=fpv4-sp-d16 -mfloat-abi=hard -mthumb -o "Startup/startup_stm32f407vgtx.o" "../Startup/startup_stm32f407vgtx.s"
arm-none-eabi-gcc "../Src/itm.c" -mcpu=cortex-m4 -std=gnu11 -g3 -DDEBUG -DSTM32 -DSTM32F407G_DISC1 -DSTM32F4 -DSTM32F407VGTx -c -I../Inc -O0 -ffunction-sections -fdata-sections -Wall -fstack-usage -fcyclomatic-complexity -MMD -MP -MF"Src/itm.d" -MT"Src/itm.o" --specs=nano.specs -mfpu=fpv4-sp-d16 -mfloat-abi=hard -mthumb -o "Src/itm.o"
arm-none-eabi-gcc "../Src/main.c" -mcpu=cortex-m4 -std=gnu11 -g3 -DDEBUG -DSTM32 -DSTM32F407G_DISC1 -DSTM32F4 -DSTM32F407VGTx -c -I../Inc -O0 -ffunction-sections -fdata-sections -Wall -fstack-usage -fcyclomatic-complexity -MMD -MP -MF"Src/main.d" -MT"Src/main.o" --specs=nano.specs -mfpu=fpv4-sp-d16 -mfloat-abi=hard -mthumb -o "Src/main.o"
arm-none-eabi-gcc "../Src/syscalls.c" -mcpu=cortex-m4 -std=gnu11 -g3 -DDEBUG -DSTM32 -DSTM32F407G_DISC1 -DSTM32F4 -DSTM32F407VGTx -c -I../Inc -O0 -ffunction-sections -fdata-sections -Wall -fstack-usage -fcyclomatic-complexity -MMD -MP -MF"Src/syscalls.d" -MT"Src/syscalls.o" --specs=nano.specs -mfpu=fpv4-sp-d16 -mfloat-abi=hard -mthumb -o "Src/syscalls.o"
arm-none-eabi-gcc "../Src/sysmem.c" -mcpu=cortex-m4 -std=gnu11 -g3 -DDEBUG -DSTM32 -DSTM32F407G_DISC1 -DSTM32F4 -DSTM32F407VGTx -c -I../Inc -O0 -ffunction-sections -fdata-sections -Wall -fstack-usage -fcyclomatic-complexity -MMD -MP -MF"Src/sysmem.d" -MT"Src/sysmem.o" --specs=nano.specs -mfpu=fpv4-sp-d16 -mfloat-abi=hard -mthumb -o "Src/sysmem.o"
arm-none-eabi-gcc "../Src/system_stm32f4xx.c" -mcpu=cortex-m4 -std=gnu11 -g3 -DDEBUG -DSTM32 -DSTM32F407G_DISC1 -DSTM32F4 -DSTM32F407VGTx -c -I../Inc -O0 -ffunction-sections -fdata-sections -Wall -fstack-usage -fcyclomatic-complexity -MMD -MP -MF"Src/system_stm32f4xx.d" -MT"Src/system_stm32f4xx.o" --specs=nano.specs -mfpu=fpv4-sp-d16 -mfloat-abi=hard -mthumb -o "Src/system_stm32f4xx.o"
../Src/main.c:27:4: warning: #warning "FPU is not initialized, but the project is compiling for an FPU. Please initialize the FPU before use." [-Wcpp]
   27 |   #warning "FPU is not initialized, but the project is compiling for an FPU. Please initialize the FPU before use."
      |    ^~~~~~~
arm-none-eabi-gcc -o "ledrunrrighttoleft.c.elf" @"objects.list"   -mcpu=cortex-m4 -T"C:\Users\sanket mirage\OneDrive\Desktop\Intenshipdata\ARM_94088_SAKSHI\Assignment3\ledrunrrighttoleft.c\STM32F407VGTX_FLASH.ld" --specs=nosys.specs -Wl,-Map="ledrunrrighttoleft.c.map" -Wl,--gc-sections -static --specs=nano.specs -mfpu=fpv4-sp-d16 -mfloat-abi=hard -mthumb -Wl,--start-group -lc -lm -Wl,--end-group
Finished building target: ledrunrrighttoleft.c.elf
 
arm-none-eabi-size  ledrunrrighttoleft.c.elf 
arm-none-eabi-objdump -h -S ledrunrrighttoleft.c.elf  > "ledrunrrighttoleft.c.list"
   text	   data	    bss	    dec	    hex	filename
   1316	      4	   1564	   2884	    b44	ledrunrrighttoleft.c.elf
Finished building: default.size.stdout
 
Finished building: ledrunrrighttoleft.c.list
 
09:34:09 **** Incremental Build of configuration Debug for project quetion1 ****
make -j12 all 
arm-none-eabi-size  quetion1.elf 
   text	   data	    bss	    dec	    hex	filename
   1040	      4	   1564	   2608	    a30	quetion1.elf
Finished building: default.size.stdout
 
09:34:51 **** Incremental Build of configuration Debug for project alternateledblink.c ****
make -j12 all 
arm-none-eabi-size  alternateledblink.c.elf 
   text	   data	    bss	    dec	    hex	filename
   1064	      4	   1564	   2632	    a48	alternateledblink.c.elf
Finished building: default.size.stdout
 
09:34:52 **** Incremental Build of configuration Debug for project ledrun.c ****
make -j12 all 
arm-none-eabi-size  ledrun.c.elf 
   text	   data	    bss	    dec	    hex	filename
   1260	      4	   1564	   2828	    b0c	ledrun.c.elf
Finished building: default.size.stdout
 
09:34:52 **** Incremental Build of configuration Debug for project ledrunrrighttoleft.c ****
make -j12 all 
arm-none-eabi-size  ledrunrrighttoleft.c.elf 
   text	   data	    bss	    dec	    hex	filename
   1316	      4	   1564	   2884	    b44	ledrunrrighttoleft.c.elf
Finished building: default.size.stdout
 
09:34:53 **** Incremental Build of configuration Debug for project quetion1 ****
make -j12 all 
arm-none-eabi-size  quetion1.elf 
   text	   data	    bss	    dec	    hex	filename
   1040	      4	   1564	   2608	    a30	quetion1.elf
Finished building: default.size.stdout
 
09:36:08 **** Incremental Build of configuration Debug for project ledrunrrighttoleft.c ****
make -j12 all 
arm-none-eabi-gcc -mcpu=cortex-m4 -g3 -DDEBUG -c -x assembler-with-cpp -MMD -MP -MF"Startup/startup_stm32f407vgtx.d" -MT"Startup/startup_stm32f407vgtx.o" --specs=nano.specs -mfpu=fpv4-sp-d16 -mfloat-abi=soft -mthumb -o "Startup/startup_stm32f407vgtx.o" "../Startup/startup_stm32f407vgtx.s"
arm-none-eabi-gcc "../Src/itm.c" -mcpu=cortex-m4 -std=gnu11 -g3 -DDEBUG -DSTM32 -DSTM32F407G_DISC1 -DSTM32F4 -DSTM32F407VGTx -c -I../Inc -O0 -ffunction-sections -fdata-sections -Wall -fstack-usage -fcyclomatic-complexity -MMD -MP -MF"Src/itm.d" -MT"Src/itm.o" --specs=nano.specs -mfpu=fpv4-sp-d16 -mfloat-abi=soft -mthumb -o "Src/itm.o"
arm-none-eabi-gcc "../Src/main.c" -mcpu=cortex-m4 -std=gnu11 -g3 -DDEBUG -DSTM32 -DSTM32F407G_DISC1 -DSTM32F4 -DSTM32F407VGTx -c -I../Inc -O0 -ffunction-sections -fdata-sections -Wall -fstack-usage -fcyclomatic-complexity -MMD -MP -MF"Src/main.d" -MT"Src/main.o" --specs=nano.specs -mfpu=fpv4-sp-d16 -mfloat-abi=soft -mthumb -o "Src/main.o"
arm-none-eabi-gcc "../Src/syscalls.c" -mcpu=cortex-m4 -std=gnu11 -g3 -DDEBUG -DSTM32 -DSTM32F407G_DISC1 -DSTM32F4 -DSTM32F407VGTx -c -I../Inc -O0 -ffunction-sections -fdata-sections -Wall -fstack-usage -fcyclomatic-complexity -MMD -MP -MF"Src/syscalls.d" -MT"Src/syscalls.o" --specs=nano.specs -mfpu=fpv4-sp-d16 -mfloat-abi=soft -mthumb -o "Src/syscalls.o"
arm-none-eabi-gcc "../Src/sysmem.c" -mcpu=cortex-m4 -std=gnu11 -g3 -DDEBUG -DSTM32 -DSTM32F407G_DISC1 -DSTM32F4 -DSTM32F407VGTx -c -I../Inc -O0 -ffunction-sections -fdata-sections -Wall -fstack-usage -fcyclomatic-complexity -MMD -MP -MF"Src/sysmem.d" -MT"Src/sysmem.o" --specs=nano.specs -mfpu=fpv4-sp-d16 -mfloat-abi=soft -mthumb -o "Src/sysmem.o"
arm-none-eabi-gcc "../Src/system_stm32f4xx.c" -mcpu=cortex-m4 -std=gnu11 -g3 -DDEBUG -DSTM32 -DSTM32F407G_DISC1 -DSTM32F4 -DSTM32F407VGTx -c -I../Inc -O0 -ffunction-sections -fdata-sections -Wall -fstack-usage -fcyclomatic-complexity -MMD -MP -MF"Src/system_stm32f4xx.d" -MT"Src/system_stm32f4xx.o" --specs=nano.specs -mfpu=fpv4-sp-d16 -mfloat-abi=soft -mthumb -o "Src/system_stm32f4xx.o"
arm-none-eabi-gcc -o "ledrunrrighttoleft.c.elf" @"objects.list"   -mcpu=cortex-m4 -T"C:\Users\sanket mirage\OneDrive\Desktop\Intenshipdata\ARM_94088_SAKSHI\Assignment3\ledrunrrighttoleft.c\STM32F407VGTX_FLASH.ld" --specs=nosys.specs -Wl,-Map="ledrunrrighttoleft.c.map" -Wl,--gc-sections -static --specs=nano.specs -mfpu=fpv4-sp-d16 -mfloat-abi=soft -mthumb -Wl,--start-group -lc -lm -Wl,--end-group
Finished building target: ledrunrrighttoleft.c.elf
 
arm-none-eabi-size  ledrunrrighttoleft.c.elf 
arm-none-eabi-objdump -h -S ledrunrrighttoleft.c.elf  > "ledrunrrighttoleft.c.list"
   text	   data	    bss	    dec	    hex	filename
   1260	      4	   1564	   2828	    b0c	ledrunrrighttoleft.c.elf
Finished building: default.size.stdout
 
Finished building: ledrunrrighttoleft.c.list
 
09:36:25 **** Incremental Build of configuration Debug for project ledrunrrighttoleft.c ****
make -j12 all 
arm-none-eabi-size  ledrunrrighttoleft.c.elf 
   text	   data	    bss	    dec	    hex	filename
   1260	      4	   1564	   2828	    b0c	ledrunrrighttoleft.c.elf
Finished building: default.size.stdout
 
09:46:36 **** Build of configuration Debug for project Allledblink.c ****
make -j12 all 
arm-none-eabi-gcc -mcpu=cortex-m4 -g3 -DDEBUG -c -x assembler-with-cpp -MMD -MP -MF"Startup/startup_stm32f407vgtx.d" -MT"Startup/startup_stm32f407vgtx.o" --specs=nano.specs -mfpu=fpv4-sp-d16 -mfloat-abi=hard -mthumb -o "Startup/startup_stm32f407vgtx.o" "../Startup/startup_stm32f407vgtx.s"
arm-none-eabi-gcc "../Src/itm.c" -mcpu=cortex-m4 -std=gnu11 -g3 -DDEBUG -DSTM32 -DSTM32F407G_DISC1 -DSTM32F4 -DSTM32F407VGTx -c -I../Inc -O0 -ffunction-sections -fdata-sections -Wall -fstack-usage -fcyclomatic-complexity -MMD -MP -MF"Src/itm.d" -MT"Src/itm.o" --specs=nano.specs -mfpu=fpv4-sp-d16 -mfloat-abi=hard -mthumb -o "Src/itm.o"
arm-none-eabi-gcc "../Src/main.c" -mcpu=cortex-m4 -std=gnu11 -g3 -DDEBUG -DSTM32 -DSTM32F407G_DISC1 -DSTM32F4 -DSTM32F407VGTx -c -I../Inc -O0 -ffunction-sections -fdata-sections -Wall -fstack-usage -fcyclomatic-complexity -MMD -MP -MF"Src/main.d" -MT"Src/main.o" --specs=nano.specs -mfpu=fpv4-sp-d16 -mfloat-abi=hard -mthumb -o "Src/main.o"
arm-none-eabi-gcc "../Src/syscalls.c" -mcpu=cortex-m4 -std=gnu11 -g3 -DDEBUG -DSTM32 -DSTM32F407G_DISC1 -DSTM32F4 -DSTM32F407VGTx -c -I../Inc -O0 -ffunction-sections -fdata-sections -Wall -fstack-usage -fcyclomatic-complexity -MMD -MP -MF"Src/syscalls.d" -MT"Src/syscalls.o" --specs=nano.specs -mfpu=fpv4-sp-d16 -mfloat-abi=hard -mthumb -o "Src/syscalls.o"
arm-none-eabi-gcc "../Src/sysmem.c" -mcpu=cortex-m4 -std=gnu11 -g3 -DDEBUG -DSTM32 -DSTM32F407G_DISC1 -DSTM32F4 -DSTM32F407VGTx -c -I../Inc -O0 -ffunction-sections -fdata-sections -Wall -fstack-usage -fcyclomatic-complexity -MMD -MP -MF"Src/sysmem.d" -MT"Src/sysmem.o" --specs=nano.specs -mfpu=fpv4-sp-d16 -mfloat-abi=hard -mthumb -o "Src/sysmem.o"
arm-none-eabi-gcc "../Src/system_stm32f4xx.c" -mcpu=cortex-m4 -std=gnu11 -g3 -DDEBUG -DSTM32 -DSTM32F407G_DISC1 -DSTM32F4 -DSTM32F407VGTx -c -I../Inc -O0 -ffunction-sections -fdata-sections -Wall -fstack-usage -fcyclomatic-complexity -MMD -MP -MF"Src/system_stm32f4xx.d" -MT"Src/system_stm32f4xx.o" --specs=nano.specs -mfpu=fpv4-sp-d16 -mfloat-abi=hard -mthumb -o "Src/system_stm32f4xx.o"
../Src/main.c:27:4: warning: #warning "FPU is not initialized, but the project is compiling for an FPU. Please initialize the FPU before use." [-Wcpp]
   27 |   #warning "FPU is not initialized, but the project is compiling for an FPU. Please initialize the FPU before use."
      |    ^~~~~~~
arm-none-eabi-gcc -o "Allledblink.c.elf" @"objects.list"   -mcpu=cortex-m4 -T"C:\Users\sanket mirage\OneDrive\Desktop\Intenshipdata\ARM_94088_SAKSHI\Assignment3\Allledblink.c\STM32F407VGTX_FLASH.ld" --specs=nosys.specs -Wl,-Map="Allledblink.c.map" -Wl,--gc-sections -static --specs=nano.specs -mfpu=fpv4-sp-d16 -mfloat-abi=hard -mthumb -Wl,--start-group -lc -lm -Wl,--end-group
Finished building target: Allledblink.c.elf
 
arm-none-eabi-size  Allledblink.c.elf 
arm-none-eabi-objdump -h -S Allledblink.c.elf  > "Allledblink.c.list"
   text	   data	    bss	    dec	    hex	filename
   1072	      4	   1564	   2640	    a50	Allledblink.c.elf
Finished building: default.size.stdout
 
Finished building: Allledblink.c.list
 
09:46:37 **** Incremental Build of configuration Debug for project alternateledblink.c ****
make -j12 all 
arm-none-eabi-size  alternateledblink.c.elf 
   text	   data	    bss	    dec	    hex	filename
   1064	      4	   1564	   2632	    a48	alternateledblink.c.elf
Finished building: default.size.stdout
 
09:46:38 **** Incremental Build of configuration Debug for project ledrun.c ****
make -j12 all 
arm-none-eabi-size  ledrun.c.elf 
   text	   data	    bss	    dec	    hex	filename
   1260	      4	   1564	   2828	    b0c	ledrun.c.elf
Finished building: default.size.stdout
 
09:46:38 **** Incremental Build of configuration Debug for project ledrunrrighttoleft.c ****
make -j12 all 
arm-none-eabi-size  ledrunrrighttoleft.c.elf 
   text	   data	    bss	    dec	    hex	filename
   1260	      4	   1564	   2828	    b0c	ledrunrrighttoleft.c.elf
Finished building: default.size.stdout
 
09:46:38 **** Incremental Build of configuration Debug for project quetion1 ****
make -j12 all 
arm-none-eabi-size  quetion1.elf 
   text	   data	    bss	    dec	    hex	filename
   1040	      4	   1564	   2608	    a30	quetion1.elf
Finished building: default.size.stdout
 
09:47:31 **** Incremental Build of configuration Debug for project Allledblink.c ****
make -j12 all 
arm-none-eabi-gcc -mcpu=cortex-m4 -g3 -DDEBUG -c -x assembler-with-cpp -MMD -MP -MF"Startup/startup_stm32f407vgtx.d" -MT"Startup/startup_stm32f407vgtx.o" --specs=nano.specs -mfpu=fpv4-sp-d16 -mfloat-abi=soft -mthumb -o "Startup/startup_stm32f407vgtx.o" "../Startup/startup_stm32f407vgtx.s"
arm-none-eabi-gcc "../Src/itm.c" -mcpu=cortex-m4 -std=gnu11 -g3 -DDEBUG -DSTM32 -DSTM32F407G_DISC1 -DSTM32F4 -DSTM32F407VGTx -c -I../Inc -O0 -ffunction-sections -fdata-sections -Wall -fstack-usage -fcyclomatic-complexity -MMD -MP -MF"Src/itm.d" -MT"Src/itm.o" --specs=nano.specs -mfpu=fpv4-sp-d16 -mfloat-abi=soft -mthumb -o "Src/itm.o"
arm-none-eabi-gcc "../Src/main.c" -mcpu=cortex-m4 -std=gnu11 -g3 -DDEBUG -DSTM32 -DSTM32F407G_DISC1 -DSTM32F4 -DSTM32F407VGTx -c -I../Inc -O0 -ffunction-sections -fdata-sections -Wall -fstack-usage -fcyclomatic-complexity -MMD -MP -MF"Src/main.d" -MT"Src/main.o" --specs=nano.specs -mfpu=fpv4-sp-d16 -mfloat-abi=soft -mthumb -o "Src/main.o"
arm-none-eabi-gcc "../Src/syscalls.c" -mcpu=cortex-m4 -std=gnu11 -g3 -DDEBUG -DSTM32 -DSTM32F407G_DISC1 -DSTM32F4 -DSTM32F407VGTx -c -I../Inc -O0 -ffunction-sections -fdata-sections -Wall -fstack-usage -fcyclomatic-complexity -MMD -MP -MF"Src/syscalls.d" -MT"Src/syscalls.o" --specs=nano.specs -mfpu=fpv4-sp-d16 -mfloat-abi=soft -mthumb -o "Src/syscalls.o"
arm-none-eabi-gcc "../Src/sysmem.c" -mcpu=cortex-m4 -std=gnu11 -g3 -DDEBUG -DSTM32 -DSTM32F407G_DISC1 -DSTM32F4 -DSTM32F407VGTx -c -I../Inc -O0 -ffunction-sections -fdata-sections -Wall -fstack-usage -fcyclomatic-complexity -MMD -MP -MF"Src/sysmem.d" -MT"Src/sysmem.o" --specs=nano.specs -mfpu=fpv4-sp-d16 -mfloat-abi=soft -mthumb -o "Src/sysmem.o"
arm-none-eabi-gcc "../Src/system_stm32f4xx.c" -mcpu=cortex-m4 -std=gnu11 -g3 -DDEBUG -DSTM32 -DSTM32F407G_DISC1 -DSTM32F4 -DSTM32F407VGTx -c -I../Inc -O0 -ffunction-sections -fdata-sections -Wall -fstack-usage -fcyclomatic-complexity -MMD -MP -MF"Src/system_stm32f4xx.d" -MT"Src/system_stm32f4xx.o" --specs=nano.specs -mfpu=fpv4-sp-d16 -mfloat-abi=soft -mthumb -o "Src/system_stm32f4xx.o"
arm-none-eabi-gcc -o "Allledblink.c.elf" @"objects.list"   -mcpu=cortex-m4 -T"C:\Users\sanket mirage\OneDrive\Desktop\Intenshipdata\ARM_94088_SAKSHI\Assignment3\Allledblink.c\STM32F407VGTX_FLASH.ld" --specs=nosys.specs -Wl,-Map="Allledblink.c.map" -Wl,--gc-sections -static --specs=nano.specs -mfpu=fpv4-sp-d16 -mfloat-abi=soft -mthumb -Wl,--start-group -lc -lm -Wl,--end-group
Finished building target: Allledblink.c.elf
 
arm-none-eabi-size  Allledblink.c.elf 
arm-none-eabi-objdump -h -S Allledblink.c.elf  > "Allledblink.c.list"
   text	   data	    bss	    dec	    hex	filename
   1040	      4	   1564	   2608	    a30	Allledblink.c.elf
Finished building: default.size.stdout
 
Finished building: Allledblink.c.list
 
09:47:32 **** Incremental Build of configuration Debug for project alternateledblink.c ****
make -j12 all 
arm-none-eabi-size  alternateledblink.c.elf 
   text	   data	    bss	    dec	    hex	filename
   1064	      4	   1564	   2632	    a48	alternateledblink.c.elf
Finished building: default.size.stdout
 
09:47:32 **** Incremental Build of configuration Debug for project ledrun.c ****
make -j12 all 
arm-none-eabi-size  ledrun.c.elf 
   text	   data	    bss	    dec	    hex	filename
   1260	      4	   1564	   2828	    b0c	ledrun.c.elf
Finished building: default.size.stdout
 
09:47:33 **** Incremental Build of configuration Debug for project ledrunrrighttoleft.c ****
make -j12 all 
arm-none-eabi-size  ledrunrrighttoleft.c.elf 
   text	   data	    bss	    dec	    hex	filename
   1260	      4	   1564	   2828	    b0c	ledrunrrighttoleft.c.elf
Finished building: default.size.stdout
 
09:47:33 **** Incremental Build of configuration Debug for project quetion1 ****
make -j12 all 
arm-none-eabi-size  quetion1.elf 
   text	   data	    bss	    dec	    hex	filename
   1040	      4	   1564	   2608	    a30	quetion1.elf
Finished building: default.size.stdout
 
09:48:49 **** Incremental Build of configuration Debug for project ledrunrrighttoleft.c ****
make -j12 all 
arm-none-eabi-size  ledrunrrighttoleft.c.elf 
   text	   data	    bss	    dec	    hex	filename
   1260	      4	   1564	   2828	    b0c	ledrunrrighttoleft.c.elf
Finished building: default.size.stdout
 
09:49:09 **** Incremental Build of configuration Debug for project ledrunrrighttoleft.c ****
make -j12 all 
arm-none-eabi-size  ledrunrrighttoleft.c.elf 
   text	   data	    bss	    dec	    hex	filename
   1260	      4	   1564	   2828	    b0c	ledrunrrighttoleft.c.elf
Finished building: default.size.stdout
 
09:49:58 **** Incremental Build of configuration Debug for project Allledblink.c ****
make -j12 all 
arm-none-eabi-size  Allledblink.c.elf 
   text	   data	    bss	    dec	    hex	filename
   1040	      4	   1564	   2608	    a30	Allledblink.c.elf
Finished building: default.size.stdout
 
09:50:15 **** Incremental Build of configuration Debug for project Allledblink.c ****
make -j12 all 
arm-none-eabi-size  Allledblink.c.elf 
   text	   data	    bss	    dec	    hex	filename
   1040	      4	   1564	   2608	    a30	Allledblink.c.elf
Finished building: default.size.stdout
 
10:03:31 **** Incremental Build of configuration Debug for project Allledblink.c ****
make -j12 all 
arm-none-eabi-size  Allledblink.c.elf 
   text	   data	    bss	    dec	    hex	filename
   1040	      4	   1564	   2608	    a30	Allledblink.c.elf
Finished building: default.size.stdout
 
10:03:32 **** Build of configuration Debug for project Toggleled.c ****
make -j12 all 
arm-none-eabi-gcc -mcpu=cortex-m4 -g3 -DDEBUG -c -x assembler-with-cpp -MMD -MP -MF"Startup/startup_stm32f407vgtx.d" -MT"Startup/startup_stm32f407vgtx.o" --specs=nano.specs -mfpu=fpv4-sp-d16 -mfloat-abi=hard -mthumb -o "Startup/startup_stm32f407vgtx.o" "../Startup/startup_stm32f407vgtx.s"
arm-none-eabi-gcc "../Src/itm.c" -mcpu=cortex-m4 -std=gnu11 -g3 -DDEBUG -DSTM32 -DSTM32F407G_DISC1 -DSTM32F4 -DSTM32F407VGTx -c -I../Inc -O0 -ffunction-sections -fdata-sections -Wall -fstack-usage -fcyclomatic-complexity -MMD -MP -MF"Src/itm.d" -MT"Src/itm.o" --specs=nano.specs -mfpu=fpv4-sp-d16 -mfloat-abi=hard -mthumb -o "Src/itm.o"
arm-none-eabi-gcc "../Src/main.c" -mcpu=cortex-m4 -std=gnu11 -g3 -DDEBUG -DSTM32 -DSTM32F407G_DISC1 -DSTM32F4 -DSTM32F407VGTx -c -I../Inc -O0 -ffunction-sections -fdata-sections -Wall -fstack-usage -fcyclomatic-complexity -MMD -MP -MF"Src/main.d" -MT"Src/main.o" --specs=nano.specs -mfpu=fpv4-sp-d16 -mfloat-abi=hard -mthumb -o "Src/main.o"
arm-none-eabi-gcc "../Src/syscalls.c" -mcpu=cortex-m4 -std=gnu11 -g3 -DDEBUG -DSTM32 -DSTM32F407G_DISC1 -DSTM32F4 -DSTM32F407VGTx -c -I../Inc -O0 -ffunction-sections -fdata-sections -Wall -fstack-usage -fcyclomatic-complexity -MMD -MP -MF"Src/syscalls.d" -MT"Src/syscalls.o" --specs=nano.specs -mfpu=fpv4-sp-d16 -mfloat-abi=hard -mthumb -o "Src/syscalls.o"
arm-none-eabi-gcc "../Src/sysmem.c" -mcpu=cortex-m4 -std=gnu11 -g3 -DDEBUG -DSTM32 -DSTM32F407G_DISC1 -DSTM32F4 -DSTM32F407VGTx -c -I../Inc -O0 -ffunction-sections -fdata-sections -Wall -fstack-usage -fcyclomatic-complexity -MMD -MP -MF"Src/sysmem.d" -MT"Src/sysmem.o" --specs=nano.specs -mfpu=fpv4-sp-d16 -mfloat-abi=hard -mthumb -o "Src/sysmem.o"
arm-none-eabi-gcc "../Src/system_stm32f4xx.c" -mcpu=cortex-m4 -std=gnu11 -g3 -DDEBUG -DSTM32 -DSTM32F407G_DISC1 -DSTM32F4 -DSTM32F407VGTx -c -I../Inc -O0 -ffunction-sections -fdata-sections -Wall -fstack-usage -fcyclomatic-complexity -MMD -MP -MF"Src/system_stm32f4xx.d" -MT"Src/system_stm32f4xx.o" --specs=nano.specs -mfpu=fpv4-sp-d16 -mfloat-abi=hard -mthumb -o "Src/system_stm32f4xx.o"
../Src/main.c:27:4: warning: #warning "FPU is not initialized, but the project is compiling for an FPU. Please initialize the FPU before use." [-Wcpp]
   27 |   #warning "FPU is not initialized, but the project is compiling for an FPU. Please initialize the FPU before use."
      |    ^~~~~~~
../Src/main.c: In function 'toggle_led':
../Src/main.c:64:15: error: 'ODR' undeclared (first use in this function)
   64 |         GPIOD-ODR ^= ( BV(12)| BV(13)| BV(14)|BV(15));
      |               ^~~
../Src/main.c:64:15: note: each undeclared identifier is reported only once for each function it appears in
make: *** [Src/subdir.mk:31: Src/main.o] Error 1
make: *** Waiting for unfinished jobs....
"make -j12 all" terminated with exit code 2. Build might be incomplete.
10:03:33 **** Incremental Build of configuration Debug for project alternateledblink.c ****
make -j12 all 
arm-none-eabi-size  alternateledblink.c.elf 
   text	   data	    bss	    dec	    hex	filename
   1064	      4	   1564	   2632	    a48	alternateledblink.c.elf
Finished building: default.size.stdout
 
10:03:33 **** Incremental Build of configuration Debug for project ledrun.c ****
make -j12 all 
arm-none-eabi-size  ledrun.c.elf 
   text	   data	    bss	    dec	    hex	filename
   1260	      4	   1564	   2828	    b0c	ledrun.c.elf
Finished building: default.size.stdout
 
10:03:34 **** Incremental Build of configuration Debug for project ledrunrrighttoleft.c ****
make -j12 all 
arm-none-eabi-size  ledrunrrighttoleft.c.elf 
   text	   data	    bss	    dec	    hex	filename
   1260	      4	   1564	   2828	    b0c	ledrunrrighttoleft.c.elf
Finished building: default.size.stdout
 
10:03:34 **** Incremental Build of configuration Debug for project quetion1 ****
make -j12 all 
arm-none-eabi-size  quetion1.elf 
   text	   data	    bss	    dec	    hex	filename
   1040	      4	   1564	   2608	    a30	quetion1.elf
Finished building: default.size.stdout
 
10:03:57 **** Incremental Build of configuration Debug for project Allledblink.c ****
make -j12 all 
arm-none-eabi-size  Allledblink.c.elf 
   text	   data	    bss	    dec	    hex	filename
   1040	      4	   1564	   2608	    a30	Allledblink.c.elf
Finished building: default.size.stdout
 
10:03:58 **** Incremental Build of configuration Debug for project Toggleled.c ****
make -j12 all 
arm-none-eabi-gcc "../Src/main.c" -mcpu=cortex-m4 -std=gnu11 -g3 -DDEBUG -DSTM32 -DSTM32F407G_DISC1 -DSTM32F4 -DSTM32F407VGTx -c -I../Inc -O0 -ffunction-sections -fdata-sections -Wall -fstack-usage -fcyclomatic-complexity -MMD -MP -MF"Src/main.d" -MT"Src/main.o" --specs=nano.specs -mfpu=fpv4-sp-d16 -mfloat-abi=hard -mthumb -o "Src/main.o"
../Src/main.c:27:4: warning: #warning "FPU is not initialized, but the project is compiling for an FPU. Please initialize the FPU before use." [-Wcpp]
   27 |   #warning "FPU is not initialized, but the project is compiling for an FPU. Please initialize the FPU before use."
      |    ^~~~~~~
../Src/main.c: In function 'toggle_led':
../Src/main.c:64:15: error: 'ODR' undeclared (first use in this function)
   64 |         GPIOD-ODR ^= BV(12)| BV(13)| BV(14)|BV(15);
      |               ^~~
../Src/main.c:64:15: note: each undeclared identifier is reported only once for each function it appears in
make: *** [Src/subdir.mk:31: Src/main.o] Error 1
"make -j12 all" terminated with exit code 2. Build might be incomplete.
10:03:58 **** Incremental Build of configuration Debug for project alternateledblink.c ****
make -j12 all 
arm-none-eabi-size  alternateledblink.c.elf 
   text	   data	    bss	    dec	    hex	filename
   1064	      4	   1564	   2632	    a48	alternateledblink.c.elf
Finished building: default.size.stdout
 
10:03:59 **** Incremental Build of configuration Debug for project ledrun.c ****
make -j12 all 
arm-none-eabi-size  ledrun.c.elf 
   text	   data	    bss	    dec	    hex	filename
   1260	      4	   1564	   2828	    b0c	ledrun.c.elf
Finished building: default.size.stdout
 
10:03:59 **** Incremental Build of configuration Debug for project ledrunrrighttoleft.c ****
make -j12 all 
arm-none-eabi-size  ledrunrrighttoleft.c.elf 
   text	   data	    bss	    dec	    hex	filename
   1260	      4	   1564	   2828	    b0c	ledrunrrighttoleft.c.elf
Finished building: default.size.stdout
 
10:04:00 **** Incremental Build of configuration Debug for project quetion1 ****
make -j12 all 
arm-none-eabi-size  quetion1.elf 
   text	   data	    bss	    dec	    hex	filename
   1040	      4	   1564	   2608	    a30	quetion1.elf
Finished building: default.size.stdout
 
10:04:13 **** Incremental Build of configuration Debug for project Allledblink.c ****
make -j12 all 
arm-none-eabi-size  Allledblink.c.elf 
   text	   data	    bss	    dec	    hex	filename
   1040	      4	   1564	   2608	    a30	Allledblink.c.elf
Finished building: default.size.stdout
 
10:04:13 **** Incremental Build of configuration Debug for project Toggleled.c ****
make -j12 all 
arm-none-eabi-gcc "../Src/main.c" -mcpu=cortex-m4 -std=gnu11 -g3 -DDEBUG -DSTM32 -DSTM32F407G_DISC1 -DSTM32F4 -DSTM32F407VGTx -c -I../Inc -O0 -ffunction-sections -fdata-sections -Wall -fstack-usage -fcyclomatic-complexity -MMD -MP -MF"Src/main.d" -MT"Src/main.o" --specs=nano.specs -mfpu=fpv4-sp-d16 -mfloat-abi=hard -mthumb -o "Src/main.o"
../Src/main.c:27:4: warning: #warning "FPU is not initialized, but the project is compiling for an FPU. Please initialize the FPU before use." [-Wcpp]
   27 |   #warning "FPU is not initialized, but the project is compiling for an FPU. Please initialize the FPU before use."
      |    ^~~~~~~
arm-none-eabi-gcc -o "Toggleled.c.elf" @"objects.list"   -mcpu=cortex-m4 -T"C:\Users\sanket mirage\OneDrive\Desktop\Intenshipdata\ARM_94088_SAKSHI\Assignment3\Toggleled.c\STM32F407VGTX_FLASH.ld" --specs=nosys.specs -Wl,-Map="Toggleled.c.map" -Wl,--gc-sections -static --specs=nano.specs -mfpu=fpv4-sp-d16 -mfloat-abi=hard -mthumb -Wl,--start-group -lc -lm -Wl,--end-group
C:/ST/STM32CubeIDE_1.19.0/STM32CubeIDE/plugins/com.st.stm32cube.ide.mcu.externaltools.gnu-tools-for-stm32.13.3.rel1.win32_1.0.0.202411081344/tools/bin/../lib/gcc/arm-none-eabi/13.3.1/../../../../arm-none-eabi/bin/ld.exe: ./Src/main.o: in function `main':
C:/Users/sanket mirage/OneDrive/Desktop/Intenshipdata/ARM_94088_SAKSHI/Assignment3/Toggleled.c/Debug/../Src/main.c:39:(.text.main+0x8): undefined reference to `led_on'
C:/ST/STM32CubeIDE_1.19.0/STM32CubeIDE/plugins/com.st.stm32cube.ide.mcu.externaltools.gnu-tools-for-stm32.13.3.rel1.win32_1.0.0.202411081344/tools/bin/../lib/gcc/arm-none-eabi/13.3.1/../../../../arm-none-eabi/bin/ld.exe: C:/Users/sanket mirage/OneDrive/Desktop/Intenshipdata/ARM_94088_SAKSHI/Assignment3/Toggleled.c/Debug/../Src/main.c:41:(.text.main+0x14): undefined reference to `led_off'
collect2.exe: error: ld returned 1 exit status
make: *** [makefile:63: Toggleled.c.elf] Error 1
"make -j12 all" terminated with exit code 2. Build might be incomplete.
10:04:14 **** Incremental Build of configuration Debug for project alternateledblink.c ****
make -j12 all 
arm-none-eabi-size  alternateledblink.c.elf 
   text	   data	    bss	    dec	    hex	filename
   1064	      4	   1564	   2632	    a48	alternateledblink.c.elf
Finished building: default.size.stdout
 
10:04:15 **** Incremental Build of configuration Debug for project ledrun.c ****
make -j12 all 
arm-none-eabi-size  ledrun.c.elf 
   text	   data	    bss	    dec	    hex	filename
   1260	      4	   1564	   2828	    b0c	ledrun.c.elf
Finished building: default.size.stdout
 
10:04:15 **** Incremental Build of configuration Debug for project ledrunrrighttoleft.c ****
make -j12 all 
arm-none-eabi-size  ledrunrrighttoleft.c.elf 
   text	   data	    bss	    dec	    hex	filename
   1260	      4	   1564	   2828	    b0c	ledrunrrighttoleft.c.elf
Finished building: default.size.stdout
 
10:04:16 **** Incremental Build of configuration Debug for project quetion1 ****
make -j12 all 
arm-none-eabi-size  quetion1.elf 
   text	   data	    bss	    dec	    hex	filename
   1040	      4	   1564	   2608	    a30	quetion1.elf
Finished building: default.size.stdout
 
10:04:54 **** Incremental Build of configuration Debug for project Allledblink.c ****
make -j12 all 
arm-none-eabi-size  Allledblink.c.elf 
   text	   data	    bss	    dec	    hex	filename
   1040	      4	   1564	   2608	    a30	Allledblink.c.elf
Finished building: default.size.stdout
 
10:04:55 **** Incremental Build of configuration Debug for project Toggleled.c ****
make -j12 all 
arm-none-eabi-gcc -mcpu=cortex-m4 -g3 -DDEBUG -c -x assembler-with-cpp -MMD -MP -MF"Startup/startup_stm32f407vgtx.d" -MT"Startup/startup_stm32f407vgtx.o" --specs=nano.specs -mfpu=fpv4-sp-d16 -mfloat-abi=soft -mthumb -o "Startup/startup_stm32f407vgtx.o" "../Startup/startup_stm32f407vgtx.s"
arm-none-eabi-gcc "../Src/itm.c" -mcpu=cortex-m4 -std=gnu11 -g3 -DDEBUG -DSTM32 -DSTM32F407G_DISC1 -DSTM32F4 -DSTM32F407VGTx -c -I../Inc -O0 -ffunction-sections -fdata-sections -Wall -fstack-usage -fcyclomatic-complexity -MMD -MP -MF"Src/itm.d" -MT"Src/itm.o" --specs=nano.specs -mfpu=fpv4-sp-d16 -mfloat-abi=soft -mthumb -o "Src/itm.o"
arm-none-eabi-gcc "../Src/main.c" -mcpu=cortex-m4 -std=gnu11 -g3 -DDEBUG -DSTM32 -DSTM32F407G_DISC1 -DSTM32F4 -DSTM32F407VGTx -c -I../Inc -O0 -ffunction-sections -fdata-sections -Wall -fstack-usage -fcyclomatic-complexity -MMD -MP -MF"Src/main.d" -MT"Src/main.o" --specs=nano.specs -mfpu=fpv4-sp-d16 -mfloat-abi=soft -mthumb -o "Src/main.o"
arm-none-eabi-gcc "../Src/syscalls.c" -mcpu=cortex-m4 -std=gnu11 -g3 -DDEBUG -DSTM32 -DSTM32F407G_DISC1 -DSTM32F4 -DSTM32F407VGTx -c -I../Inc -O0 -ffunction-sections -fdata-sections -Wall -fstack-usage -fcyclomatic-complexity -MMD -MP -MF"Src/syscalls.d" -MT"Src/syscalls.o" --specs=nano.specs -mfpu=fpv4-sp-d16 -mfloat-abi=soft -mthumb -o "Src/syscalls.o"
arm-none-eabi-gcc "../Src/sysmem.c" -mcpu=cortex-m4 -std=gnu11 -g3 -DDEBUG -DSTM32 -DSTM32F407G_DISC1 -DSTM32F4 -DSTM32F407VGTx -c -I../Inc -O0 -ffunction-sections -fdata-sections -Wall -fstack-usage -fcyclomatic-complexity -MMD -MP -MF"Src/sysmem.d" -MT"Src/sysmem.o" --specs=nano.specs -mfpu=fpv4-sp-d16 -mfloat-abi=soft -mthumb -o "Src/sysmem.o"
arm-none-eabi-gcc "../Src/system_stm32f4xx.c" -mcpu=cortex-m4 -std=gnu11 -g3 -DDEBUG -DSTM32 -DSTM32F407G_DISC1 -DSTM32F4 -DSTM32F407VGTx -c -I../Inc -O0 -ffunction-sections -fdata-sections -Wall -fstack-usage -fcyclomatic-complexity -MMD -MP -MF"Src/system_stm32f4xx.d" -MT"Src/system_stm32f4xx.o" --specs=nano.specs -mfpu=fpv4-sp-d16 -mfloat-abi=soft -mthumb -o "Src/system_stm32f4xx.o"
arm-none-eabi-gcc -o "Toggleled.c.elf" @"objects.list"   -mcpu=cortex-m4 -T"C:\Users\sanket mirage\OneDrive\Desktop\Intenshipdata\ARM_94088_SAKSHI\Assignment3\Toggleled.c\STM32F407VGTX_FLASH.ld" --specs=nosys.specs -Wl,-Map="Toggleled.c.map" -Wl,--gc-sections -static --specs=nano.specs -mfpu=fpv4-sp-d16 -mfloat-abi=soft -mthumb -Wl,--start-group -lc -lm -Wl,--end-group
C:/ST/STM32CubeIDE_1.19.0/STM32CubeIDE/plugins/com.st.stm32cube.ide.mcu.externaltools.gnu-tools-for-stm32.13.3.rel1.win32_1.0.0.202411081344/tools/bin/../lib/gcc/arm-none-eabi/13.3.1/../../../../arm-none-eabi/bin/ld.exe: ./Src/main.o: in function `main':
C:/Users/sanket mirage/OneDrive/Desktop/Intenshipdata/ARM_94088_SAKSHI/Assignment3/Toggleled.c/Debug/../Src/main.c:39:(.text.main+0x8): undefined reference to `led_on'
C:/ST/STM32CubeIDE_1.19.0/STM32CubeIDE/plugins/com.st.stm32cube.ide.mcu.externaltools.gnu-tools-for-stm32.13.3.rel1.win32_1.0.0.202411081344/tools/bin/../lib/gcc/arm-none-eabi/13.3.1/../../../../arm-none-eabi/bin/ld.exe: C:/Users/sanket mirage/OneDrive/Desktop/Intenshipdata/ARM_94088_SAKSHI/Assignment3/Toggleled.c/Debug/../Src/main.c:41:(.text.main+0x14): undefined reference to `led_off'
collect2.exe: error: ld returned 1 exit status
make: *** [makefile:63: Toggleled.c.elf] Error 1
"make -j12 all" terminated with exit code 2. Build might be incomplete.
10:04:56 **** Incremental Build of configuration Debug for project alternateledblink.c ****
make -j12 all 
arm-none-eabi-size  alternateledblink.c.elf 
   text	   data	    bss	    dec	    hex	filename
   1064	      4	   1564	   2632	    a48	alternateledblink.c.elf
Finished building: default.size.stdout
 
10:04:57 **** Incremental Build of configuration Debug for project ledrun.c ****
make -j12 all 
arm-none-eabi-size  ledrun.c.elf 
   text	   data	    bss	    dec	    hex	filename
   1260	      4	   1564	   2828	    b0c	ledrun.c.elf
Finished building: default.size.stdout
 
10:04:57 **** Incremental Build of configuration Debug for project ledrunrrighttoleft.c ****
make -j12 all 
arm-none-eabi-size  ledrunrrighttoleft.c.elf 
   text	   data	    bss	    dec	    hex	filename
   1260	      4	   1564	   2828	    b0c	ledrunrrighttoleft.c.elf
Finished building: default.size.stdout
 
10:04:58 **** Incremental Build of configuration Debug for project quetion1 ****
make -j12 all 
arm-none-eabi-size  quetion1.elf 
   text	   data	    bss	    dec	    hex	filename
   1040	      4	   1564	   2608	    a30	quetion1.elf
Finished building: default.size.stdout
 
10:06:49 **** Incremental Build of configuration Debug for project Allledblink.c ****
make -j12 all 
arm-none-eabi-size  Allledblink.c.elf 
   text	   data	    bss	    dec	    hex	filename
   1040	      4	   1564	   2608	    a30	Allledblink.c.elf
Finished building: default.size.stdout
 
10:06:50 **** Incremental Build of configuration Debug for project Toggleled.c ****
make -j12 all 
arm-none-eabi-gcc "../Src/main.c" -mcpu=cortex-m4 -std=gnu11 -g3 -DDEBUG -DSTM32 -DSTM32F407G_DISC1 -DSTM32F4 -DSTM32F407VGTx -c -I../Inc -O0 -ffunction-sections -fdata-sections -Wall -fstack-usage -fcyclomatic-complexity -MMD -MP -MF"Src/main.d" -MT"Src/main.o" --specs=nano.specs -mfpu=fpv4-sp-d16 -mfloat-abi=soft -mthumb -o "Src/main.o"
arm-none-eabi-gcc -o "Toggleled.c.elf" @"objects.list"   -mcpu=cortex-m4 -T"C:\Users\sanket mirage\OneDrive\Desktop\Intenshipdata\ARM_94088_SAKSHI\Assignment3\Toggleled.c\STM32F407VGTX_FLASH.ld" --specs=nosys.specs -Wl,-Map="Toggleled.c.map" -Wl,--gc-sections -static --specs=nano.specs -mfpu=fpv4-sp-d16 -mfloat-abi=soft -mthumb -Wl,--start-group -lc -lm -Wl,--end-group
Finished building target: Toggleled.c.elf
 
arm-none-eabi-size  Toggleled.c.elf 
arm-none-eabi-objdump -h -S Toggleled.c.elf  > "Toggleled.c.list"
   text	   data	    bss	    dec	    hex	filename
    912	      0	   1568	   2480	    9b0	Toggleled.c.elf
Finished building: default.size.stdout
 
Finished building: Toggleled.c.list
 
10:06:51 **** Incremental Build of configuration Debug for project alternateledblink.c ****
make -j12 all 
arm-none-eabi-size  alternateledblink.c.elf 
   text	   data	    bss	    dec	    hex	filename
   1064	      4	   1564	   2632	    a48	alternateledblink.c.elf
Finished building: default.size.stdout
 
10:06:51 **** Incremental Build of configuration Debug for project ledrun.c ****
make -j12 all 
arm-none-eabi-size  ledrun.c.elf 
   text	   data	    bss	    dec	    hex	filename
   1260	      4	   1564	   2828	    b0c	ledrun.c.elf
Finished building: default.size.stdout
 
10:06:52 **** Incremental Build of configuration Debug for project ledrunrrighttoleft.c ****
make -j12 all 
arm-none-eabi-size  ledrunrrighttoleft.c.elf 
   text	   data	    bss	    dec	    hex	filename
   1260	      4	   1564	   2828	    b0c	ledrunrrighttoleft.c.elf
Finished building: default.size.stdout
 
10:06:52 **** Incremental Build of configuration Debug for project quetion1 ****
make -j12 all 
arm-none-eabi-size  quetion1.elf 
   text	   data	    bss	    dec	    hex	filename
   1040	      4	   1564	   2608	    a30	quetion1.elf
Finished building: default.size.stdout
 
10:07:37 **** Incremental Build of configuration Debug for project Allledblink.c ****
make -j12 all 
arm-none-eabi-size  Allledblink.c.elf 
   text	   data	    bss	    dec	    hex	filename
   1040	      4	   1564	   2608	    a30	Allledblink.c.elf
Finished building: default.size.stdout
 
10:07:38 **** Incremental Build of configuration Debug for project Toggleled.c ****
make -j12 all 
arm-none-eabi-gcc "../Src/main.c" -mcpu=cortex-m4 -std=gnu11 -g3 -DDEBUG -DSTM32 -DSTM32F407G_DISC1 -DSTM32F4 -DSTM32F407VGTx -c -I../Inc -O0 -ffunction-sections -fdata-sections -Wall -fstack-usage -fcyclomatic-complexity -MMD -MP -MF"Src/main.d" -MT"Src/main.o" --specs=nano.specs -mfpu=fpv4-sp-d16 -mfloat-abi=soft -mthumb -o "Src/main.o"
arm-none-eabi-gcc -o "Toggleled.c.elf" @"objects.list"   -mcpu=cortex-m4 -T"C:\Users\sanket mirage\OneDrive\Desktop\Intenshipdata\ARM_94088_SAKSHI\Assignment3\Toggleled.c\STM32F407VGTX_FLASH.ld" --specs=nosys.specs -Wl,-Map="Toggleled.c.map" -Wl,--gc-sections -static --specs=nano.specs -mfpu=fpv4-sp-d16 -mfloat-abi=soft -mthumb -Wl,--start-group -lc -lm -Wl,--end-group
Finished building target: Toggleled.c.elf
 
arm-none-eabi-size  Toggleled.c.elf 
arm-none-eabi-objdump -h -S Toggleled.c.elf  > "Toggleled.c.list"
   text	   data	    bss	    dec	    hex	filename
   1000	      4	   1564	   2568	    a08	Toggleled.c.elf
Finished building: default.size.stdout
 
Finished building: Toggleled.c.list
 
10:07:39 **** Incremental Build of configuration Debug for project alternateledblink.c ****
make -j12 all 
arm-none-eabi-size  alternateledblink.c.elf 
   text	   data	    bss	    dec	    hex	filename
   1064	      4	   1564	   2632	    a48	alternateledblink.c.elf
Finished building: default.size.stdout
 
10:07:39 **** Incremental Build of configuration Debug for project ledrun.c ****
make -j12 all 
arm-none-eabi-size  ledrun.c.elf 
   text	   data	    bss	    dec	    hex	filename
   1260	      4	   1564	   2828	    b0c	ledrun.c.elf
Finished building: default.size.stdout
 
10:07:40 **** Incremental Build of configuration Debug for project ledrunrrighttoleft.c ****
make -j12 all 
arm-none-eabi-size  ledrunrrighttoleft.c.elf 
   text	   data	    bss	    dec	    hex	filename
   1260	      4	   1564	   2828	    b0c	ledrunrrighttoleft.c.elf
Finished building: default.size.stdout
 
10:07:40 **** Incremental Build of configuration Debug for project quetion1 ****
make -j12 all 
arm-none-eabi-size  quetion1.elf 
   text	   data	    bss	    dec	    hex	filename
   1040	      4	   1564	   2608	    a30	quetion1.elf
Finished building: default.size.stdout
 
10:08:47 **** Incremental Build of configuration Debug for project Toggleled.c ****
make -j12 all 
arm-none-eabi-size  Toggleled.c.elf 
   text	   data	    bss	    dec	    hex	filename
   1000	      4	   1564	   2568	    a08	Toggleled.c.elf
Finished building: default.size.stdout
 
10:09:04 **** Incremental Build of configuration Debug for project Toggleled.c ****
make -j12 all 
arm-none-eabi-size  Toggleled.c.elf 
   text	   data	    bss	    dec	    hex	filename
   1000	      4	   1564	   2568	    a08	Toggleled.c.elf
Finished building: default.size.stdout
 
