11:08:07 **** Clean-only build of configuration Debug for project EXTI_FUNCTIONALITY ****
make -j12 clean 
rm -rf ./Drivers/STM32F4xx_HAL_Driver/Src/stm32f4xx_hal.cyclo ./Drivers/STM32F4xx_HAL_Driver/Src/stm32f4xx_hal.d ./Drivers/STM32F4xx_HAL_Driver/Src/stm32f4xx_hal.o ./Drivers/STM32F4xx_HAL_Driver/Src/stm32f4xx_hal.su ./Drivers/STM32F4xx_HAL_Driver/Src/stm32f4xx_hal_cortex.cyclo ./Drivers/STM32F4xx_HAL_Driver/Src/stm32f4xx_hal_cortex.d ./Drivers/STM32F4xx_HAL_Driver/Src/stm32f4xx_hal_cortex.o ./Drivers/STM32F4xx_HAL_Driver/Src/stm32f4xx_hal_cortex.su ./Drivers/STM32F4xx_HAL_Driver/Src/stm32f4xx_hal_dma.cyclo ./Drivers/STM32F4xx_HAL_Driver/Src/stm32f4xx_hal_dma.d ./Drivers/STM32F4xx_HAL_Driver/Src/stm32f4xx_hal_dma.o ./Drivers/STM32F4xx_HAL_Driver/Src/stm32f4xx_hal_dma.su ./Drivers/STM32F4xx_HAL_Driver/Src/stm32f4xx_hal_dma_ex.cyclo ./Drivers/STM32F4xx_HAL_Driver/Src/stm32f4xx_hal_dma_ex.d ./Drivers/STM32F4xx_HAL_Driver/Src/stm32f4xx_hal_dma_ex.o ./Drivers/STM32F4xx_HAL_Driver/Src/stm32f4xx_hal_dma_ex.su ./Drivers/STM32F4xx_HAL_Driver/Src/stm32f4xx_hal_exti.cyclo ./Drivers/STM32F4xx_HAL_Driver/Src/stm32f4xx_hal_exti.d ./Drivers/STM32F4xx_HAL_Driver/Src/stm32f4xx_hal_exti.o ./Drivers/STM32F4xx_HAL_Driver/Src/stm32f4xx_hal_exti.su ./Drivers/STM32F4xx_HAL_Driver/Src/stm32f4xx_hal_flash.cyclo ./Drivers/STM32F4xx_HAL_Driver/Src/stm32f4xx_hal_flash.d ./Drivers/STM32F4xx_HAL_Driver/Src/stm32f4xx_hal_flash.o ./Drivers/STM32F4xx_HAL_Driver/Src/stm32f4xx_hal_flash.su ./Drivers/STM32F4xx_HAL_Driver/Src/stm32f4xx_hal_flash_ex.cyclo ./Drivers/STM32F4xx_HAL_Driver/Src/stm32f4xx_hal_flash_ex.d ./Drivers/STM32F4xx_HAL_Driver/Src/stm32f4xx_hal_flash_ex.o ./Drivers/STM32F4xx_HAL_Driver/Src/stm32f4xx_hal_flash_ex.su ./Drivers/STM32F4xx_HAL_Driver/Src/stm32f4xx_hal_flash_ramfunc.cyclo ./Drivers/STM32F4xx_HAL_Driver/Src/stm32f4xx_hal_flash_ramfunc.d ./Drivers/STM32F4xx_HAL_Driver/Src/stm32f4xx_hal_flash_ramfunc.o ./Drivers/STM32F4xx_HAL_Driver/Src/stm32f4xx_hal_flash_ramfunc.su ./Drivers/STM32F4xx_HAL_Driver/Src/stm32f4xx_hal_gpio.cyclo ./Drivers/STM32F4xx_HAL_Driver/Src/stm32f4xx_hal_gpio.d ./Drivers/STM32F4xx_HAL_Driver/Src/stm32f4xx_hal_gpio.o ./Drivers/STM32F4xx_HAL_Driver/Src/stm32f4xx_hal_gpio.su ./Drivers/STM32F4xx_HAL_Driver/Src/stm32f4xx_hal_pwr.cyclo ./Drivers/STM32F4xx_HAL_Driver/Src/stm32f4xx_hal_pwr.d ./Drivers/STM32F4xx_HAL_Driver/Src/stm32f4xx_hal_pwr.o ./Drivers/STM32F4xx_HAL_Driver/Src/stm32f4xx_hal_pwr.su ./Drivers/STM32F4xx_HAL_Driver/Src/stm32f4xx_hal_pwr_ex.cyclo ./Drivers/STM32F4xx_HAL_Driver/Src/stm32f4xx_hal_pwr_ex.d ./Drivers/STM32F4xx_HAL_Driver/Src/stm32f4xx_hal_pwr_ex.o ./Drivers/STM32F4xx_HAL_Driver/Src/stm32f4xx_hal_pwr_ex.su ./Drivers/STM32F4xx_HAL_Driver/Src/stm32f4xx_hal_rcc.cyclo ./Drivers/STM32F4xx_HAL_Driver/Src/stm32f4xx_hal_rcc.d ./Drivers/STM32F4xx_HAL_Driver/Src/stm32f4xx_hal_rcc.o ./Drivers/STM32F4xx_HAL_Driver/Src/stm32f4xx_hal_rcc.su ./Drivers/STM32F4xx_HAL_Driver/Src/stm32f4xx_hal_rcc_ex.cyclo ./Drivers/STM32F4xx_HAL_Driver/Src/stm32f4xx_hal_rcc_ex.d ./Drivers/STM32F4xx_HAL_Driver/Src/stm32f4xx_hal_rcc_ex.o ./Drivers/STM32F4xx_HAL_Driver/Src/stm32f4xx_hal_rcc_ex.su
rm -rf ./Core/Startup/startup_stm32f407vgtx.d ./Core/Startup/startup_stm32f407vgtx.o
rm -rf ./Core/Src/main.cyclo ./Core/Src/main.d ./Core/Src/main.o ./Core/Src/main.su ./Core/Src/stm32f4xx_hal_msp.cyclo ./Core/Src/stm32f4xx_hal_msp.d ./Core/Src/stm32f4xx_hal_msp.o ./Core/Src/stm32f4xx_hal_msp.su ./Core/Src/stm32f4xx_it.cyclo ./Core/Src/stm32f4xx_it.d ./Core/Src/stm32f4xx_it.o ./Core/Src/stm32f4xx_it.su ./Core/Src/syscalls.cyclo ./Core/Src/syscalls.d ./Core/Src/syscalls.o ./Core/Src/syscalls.su ./Core/Src/sysmem.cyclo ./Core/Src/sysmem.d ./Core/Src/sysmem.o ./Core/Src/sysmem.su ./Core/Src/system_stm32f4xx.cyclo ./Core/Src/system_stm32f4xx.d ./Core/Src/system_stm32f4xx.o ./Core/Src/system_stm32f4xx.su
rm -rf EXTI_FUNCTIONALITY.elf EXTI_FUNCTIONALITY.list EXTI_FUNCTIONALITY.map default.size.stdout
 
11:08:13 **** Build of configuration Debug for project EXTI_FUNCTIONALITY ****
make -j12 all 
arm-none-eabi-gcc "../Drivers/STM32F4xx_HAL_Driver/Src/stm32f4xx_hal.c" -mcpu=cortex-m4 -std=gnu11 -g3 -DDEBUG -DUSE_HAL_DRIVER -DSTM32F407xx -c -I../Core/Inc -I../Drivers/STM32F4xx_HAL_Driver/Inc -I../Drivers/STM32F4xx_HAL_Driver/Inc/Legacy -I../Drivers/CMSIS/Device/ST/STM32F4xx/Include -I../Drivers/CMSIS/Include -O0 -ffunction-sections -fdata-sections -Wall -fstack-usage -fcyclomatic-complexity -MMD -MP -MF"Drivers/STM32F4xx_HAL_Driver/Src/stm32f4xx_hal.d" -MT"Drivers/STM32F4xx_HAL_Driver/Src/stm32f4xx_hal.o" --specs=nano.specs -mfpu=fpv4-sp-d16 -mfloat-abi=hard -mthumb -o "Drivers/STM32F4xx_HAL_Driver/Src/stm32f4xx_hal.o"
arm-none-eabi-gcc "../Drivers/STM32F4xx_HAL_Driver/Src/stm32f4xx_hal_cortex.c" -mcpu=cortex-m4 -std=gnu11 -g3 -DDEBUG -DUSE_HAL_DRIVER -DSTM32F407xx -c -I../Core/Inc -I../Drivers/STM32F4xx_HAL_Driver/Inc -I../Drivers/STM32F4xx_HAL_Driver/Inc/Legacy -I../Drivers/CMSIS/Device/ST/STM32F4xx/Include -I../Drivers/CMSIS/Include -O0 -ffunction-sections -fdata-sections -Wall -fstack-usage -fcyclomatic-complexity -MMD -MP -MF"Drivers/STM32F4xx_HAL_Driver/Src/stm32f4xx_hal_cortex.d" -MT"Drivers/STM32F4xx_HAL_Driver/Src/stm32f4xx_hal_cortex.o" --specs=nano.specs -mfpu=fpv4-sp-d16 -mfloat-abi=hard -mthumb -o "Drivers/STM32F4xx_HAL_Driver/Src/stm32f4xx_hal_cortex.o"
arm-none-eabi-gcc "../Drivers/STM32F4xx_HAL_Driver/Src/stm32f4xx_hal_dma.c" -mcpu=cortex-m4 -std=gnu11 -g3 -DDEBUG -DUSE_HAL_DRIVER -DSTM32F407xx -c -I../Core/Inc -I../Drivers/STM32F4xx_HAL_Driver/Inc -I../Drivers/STM32F4xx_HAL_Driver/Inc/Legacy -I../Drivers/CMSIS/Device/ST/STM32F4xx/Include -I../Drivers/CMSIS/Include -O0 -ffunction-sections -fdata-sections -Wall -fstack-usage -fcyclomatic-complexity -MMD -MP -MF"Drivers/STM32F4xx_HAL_Driver/Src/stm32f4xx_hal_dma.d" -MT"Drivers/STM32F4xx_HAL_Driver/Src/stm32f4xx_hal_dma.o" --specs=nano.specs -mfpu=fpv4-sp-d16 -mfloat-abi=hard -mthumb -o "Drivers/STM32F4xx_HAL_Driver/Src/stm32f4xx_hal_dma.o"
arm-none-eabi-gcc "../Drivers/STM32F4xx_HAL_Driver/Src/stm32f4xx_hal_dma_ex.c" -mcpu=cortex-m4 -std=gnu11 -g3 -DDEBUG -DUSE_HAL_DRIVER -DSTM32F407xx -c -I../Core/Inc -I../Drivers/STM32F4xx_HAL_Driver/Inc -I../Drivers/STM32F4xx_HAL_Driver/Inc/Legacy -I../Drivers/CMSIS/Device/ST/STM32F4xx/Include -I../Drivers/CMSIS/Include -O0 -ffunction-sections -fdata-sections -Wall -fstack-usage -fcyclomatic-complexity -MMD -MP -MF"Drivers/STM32F4xx_HAL_Driver/Src/stm32f4xx_hal_dma_ex.d" -MT"Drivers/STM32F4xx_HAL_Driver/Src/stm32f4xx_hal_dma_ex.o" --specs=nano.specs -mfpu=fpv4-sp-d16 -mfloat-abi=hard -mthumb -o "Drivers/STM32F4xx_HAL_Driver/Src/stm32f4xx_hal_dma_ex.o"
arm-none-eabi-gcc "../Drivers/STM32F4xx_HAL_Driver/Src/stm32f4xx_hal_exti.c" -mcpu=cortex-m4 -std=gnu11 -g3 -DDEBUG -DUSE_HAL_DRIVER -DSTM32F407xx -c -I../Core/Inc -I../Drivers/STM32F4xx_HAL_Driver/Inc -I../Drivers/STM32F4xx_HAL_Driver/Inc/Legacy -I../Drivers/CMSIS/Device/ST/STM32F4xx/Include -I../Drivers/CMSIS/Include -O0 -ffunction-sections -fdata-sections -Wall -fstack-usage -fcyclomatic-complexity -MMD -MP -MF"Drivers/STM32F4xx_HAL_Driver/Src/stm32f4xx_hal_exti.d" -MT"Drivers/STM32F4xx_HAL_Driver/Src/stm32f4xx_hal_exti.o" --specs=nano.specs -mfpu=fpv4-sp-d16 -mfloat-abi=hard -mthumb -o "Drivers/STM32F4xx_HAL_Driver/Src/stm32f4xx_hal_exti.o"
arm-none-eabi-gcc "../Drivers/STM32F4xx_HAL_Driver/Src/stm32f4xx_hal_flash.c" -mcpu=cortex-m4 -std=gnu11 -g3 -DDEBUG -DUSE_HAL_DRIVER -DSTM32F407xx -c -I../Core/Inc -I../Drivers/STM32F4xx_HAL_Driver/Inc -I../Drivers/STM32F4xx_HAL_Driver/Inc/Legacy -I../Drivers/CMSIS/Device/ST/STM32F4xx/Include -I../Drivers/CMSIS/Include -O0 -ffunction-sections -fdata-sections -Wall -fstack-usage -fcyclomatic-complexity -MMD -MP -MF"Drivers/STM32F4xx_HAL_Driver/Src/stm32f4xx_hal_flash.d" -MT"Drivers/STM32F4xx_HAL_Driver/Src/stm32f4xx_hal_flash.o" --specs=nano.specs -mfpu=fpv4-sp-d16 -mfloat-abi=hard -mthumb -o "Drivers/STM32F4xx_HAL_Driver/Src/stm32f4xx_hal_flash.o"
arm-none-eabi-gcc "../Drivers/STM32F4xx_HAL_Driver/Src/stm32f4xx_hal_flash_ex.c" -mcpu=cortex-m4 -std=gnu11 -g3 -DDEBUG -DUSE_HAL_DRIVER -DSTM32F407xx -c -I../Core/Inc -I../Drivers/STM32F4xx_HAL_Driver/Inc -I../Drivers/STM32F4xx_HAL_Driver/Inc/Legacy -I../Drivers/CMSIS/Device/ST/STM32F4xx/Include -I../Drivers/CMSIS/Include -O0 -ffunction-sections -fdata-sections -Wall -fstack-usage -fcyclomatic-complexity -MMD -MP -MF"Drivers/STM32F4xx_HAL_Driver/Src/stm32f4xx_hal_flash_ex.d" -MT"Drivers/STM32F4xx_HAL_Driver/Src/stm32f4xx_hal_flash_ex.o" --specs=nano.specs -mfpu=fpv4-sp-d16 -mfloat-abi=hard -mthumb -o "Drivers/STM32F4xx_HAL_Driver/Src/stm32f4xx_hal_flash_ex.o"
arm-none-eabi-gcc "../Drivers/STM32F4xx_HAL_Driver/Src/stm32f4xx_hal_flash_ramfunc.c" -mcpu=cortex-m4 -std=gnu11 -g3 -DDEBUG -DUSE_HAL_DRIVER -DSTM32F407xx -c -I../Core/Inc -I../Drivers/STM32F4xx_HAL_Driver/Inc -I../Drivers/STM32F4xx_HAL_Driver/Inc/Legacy -I../Drivers/CMSIS/Device/ST/STM32F4xx/Include -I../Drivers/CMSIS/Include -O0 -ffunction-sections -fdata-sections -Wall -fstack-usage -fcyclomatic-complexity -MMD -MP -MF"Drivers/STM32F4xx_HAL_Driver/Src/stm32f4xx_hal_flash_ramfunc.d" -MT"Drivers/STM32F4xx_HAL_Driver/Src/stm32f4xx_hal_flash_ramfunc.o" --specs=nano.specs -mfpu=fpv4-sp-d16 -mfloat-abi=hard -mthumb -o "Drivers/STM32F4xx_HAL_Driver/Src/stm32f4xx_hal_flash_ramfunc.o"
arm-none-eabi-gcc "../Drivers/STM32F4xx_HAL_Driver/Src/stm32f4xx_hal_gpio.c" -mcpu=cortex-m4 -std=gnu11 -g3 -DDEBUG -DUSE_HAL_DRIVER -DSTM32F407xx -c -I../Core/Inc -I../Drivers/STM32F4xx_HAL_Driver/Inc -I../Drivers/STM32F4xx_HAL_Driver/Inc/Legacy -I../Drivers/CMSIS/Device/ST/STM32F4xx/Include -I../Drivers/CMSIS/Include -O0 -ffunction-sections -fdata-sections -Wall -fstack-usage -fcyclomatic-complexity -MMD -MP -MF"Drivers/STM32F4xx_HAL_Driver/Src/stm32f4xx_hal_gpio.d" -MT"Drivers/STM32F4xx_HAL_Driver/Src/stm32f4xx_hal_gpio.o" --specs=nano.specs -mfpu=fpv4-sp-d16 -mfloat-abi=hard -mthumb -o "Drivers/STM32F4xx_HAL_Driver/Src/stm32f4xx_hal_gpio.o"
arm-none-eabi-gcc "../Drivers/STM32F4xx_HAL_Driver/Src/stm32f4xx_hal_pwr.c" -mcpu=cortex-m4 -std=gnu11 -g3 -DDEBUG -DUSE_HAL_DRIVER -DSTM32F407xx -c -I../Core/Inc -I../Drivers/STM32F4xx_HAL_Driver/Inc -I../Drivers/STM32F4xx_HAL_Driver/Inc/Legacy -I../Drivers/CMSIS/Device/ST/STM32F4xx/Include -I../Drivers/CMSIS/Include -O0 -ffunction-sections -fdata-sections -Wall -fstack-usage -fcyclomatic-complexity -MMD -MP -MF"Drivers/STM32F4xx_HAL_Driver/Src/stm32f4xx_hal_pwr.d" -MT"Drivers/STM32F4xx_HAL_Driver/Src/stm32f4xx_hal_pwr.o" --specs=nano.specs -mfpu=fpv4-sp-d16 -mfloat-abi=hard -mthumb -o "Drivers/STM32F4xx_HAL_Driver/Src/stm32f4xx_hal_pwr.o"
arm-none-eabi-gcc "../Drivers/STM32F4xx_HAL_Driver/Src/stm32f4xx_hal_pwr_ex.c" -mcpu=cortex-m4 -std=gnu11 -g3 -DDEBUG -DUSE_HAL_DRIVER -DSTM32F407xx -c -I../Core/Inc -I../Drivers/STM32F4xx_HAL_Driver/Inc -I../Drivers/STM32F4xx_HAL_Driver/Inc/Legacy -I../Drivers/CMSIS/Device/ST/STM32F4xx/Include -I../Drivers/CMSIS/Include -O0 -ffunction-sections -fdata-sections -Wall -fstack-usage -fcyclomatic-complexity -MMD -MP -MF"Drivers/STM32F4xx_HAL_Driver/Src/stm32f4xx_hal_pwr_ex.d" -MT"Drivers/STM32F4xx_HAL_Driver/Src/stm32f4xx_hal_pwr_ex.o" --specs=nano.specs -mfpu=fpv4-sp-d16 -mfloat-abi=hard -mthumb -o "Drivers/STM32F4xx_HAL_Driver/Src/stm32f4xx_hal_pwr_ex.o"
arm-none-eabi-gcc "../Drivers/STM32F4xx_HAL_Driver/Src/stm32f4xx_hal_rcc.c" -mcpu=cortex-m4 -std=gnu11 -g3 -DDEBUG -DUSE_HAL_DRIVER -DSTM32F407xx -c -I../Core/Inc -I../Drivers/STM32F4xx_HAL_Driver/Inc -I../Drivers/STM32F4xx_HAL_Driver/Inc/Legacy -I../Drivers/CMSIS/Device/ST/STM32F4xx/Include -I../Drivers/CMSIS/Include -O0 -ffunction-sections -fdata-sections -Wall -fstack-usage -fcyclomatic-complexity -MMD -MP -MF"Drivers/STM32F4xx_HAL_Driver/Src/stm32f4xx_hal_rcc.d" -MT"Drivers/STM32F4xx_HAL_Driver/Src/stm32f4xx_hal_rcc.o" --specs=nano.specs -mfpu=fpv4-sp-d16 -mfloat-abi=hard -mthumb -o "Drivers/STM32F4xx_HAL_Driver/Src/stm32f4xx_hal_rcc.o"
arm-none-eabi-gcc "../Drivers/STM32F4xx_HAL_Driver/Src/stm32f4xx_hal_rcc_ex.c" -mcpu=cortex-m4 -std=gnu11 -g3 -DDEBUG -DUSE_HAL_DRIVER -DSTM32F407xx -c -I../Core/Inc -I../Drivers/STM32F4xx_HAL_Driver/Inc -I../Drivers/STM32F4xx_HAL_Driver/Inc/Legacy -I../Drivers/CMSIS/Device/ST/STM32F4xx/Include -I../Drivers/CMSIS/Include -O0 -ffunction-sections -fdata-sections -Wall -fstack-usage -fcyclomatic-complexity -MMD -MP -MF"Drivers/STM32F4xx_HAL_Driver/Src/stm32f4xx_hal_rcc_ex.d" -MT"Drivers/STM32F4xx_HAL_Driver/Src/stm32f4xx_hal_rcc_ex.o" --specs=nano.specs -mfpu=fpv4-sp-d16 -mfloat-abi=hard -mthumb -o "Drivers/STM32F4xx_HAL_Driver/Src/stm32f4xx_hal_rcc_ex.o"
arm-none-eabi-gcc -mcpu=cortex-m4 -g3 -DDEBUG -c -x assembler-with-cpp -MMD -MP -MF"Core/Startup/startup_stm32f407vgtx.d" -MT"Core/Startup/startup_stm32f407vgtx.o" --specs=nano.specs -mfpu=fpv4-sp-d16 -mfloat-abi=hard -mthumb -o "Core/Startup/startup_stm32f407vgtx.o" "../Core/Startup/startup_stm32f407vgtx.s"
arm-none-eabi-gcc "../Core/Src/main.c" -mcpu=cortex-m4 -std=gnu11 -g3 -DDEBUG -DUSE_HAL_DRIVER -DSTM32F407xx -c -I../Core/Inc -I../Drivers/STM32F4xx_HAL_Driver/Inc -I../Drivers/STM32F4xx_HAL_Driver/Inc/Legacy -I../Drivers/CMSIS/Device/ST/STM32F4xx/Include -I../Drivers/CMSIS/Include -O0 -ffunction-sections -fdata-sections -Wall -fstack-usage -fcyclomatic-complexity -MMD -MP -MF"Core/Src/main.d" -MT"Core/Src/main.o" --specs=nano.specs -mfpu=fpv4-sp-d16 -mfloat-abi=hard -mthumb -o "Core/Src/main.o"
arm-none-eabi-gcc "../Core/Src/stm32f4xx_hal_msp.c" -mcpu=cortex-m4 -std=gnu11 -g3 -DDEBUG -DUSE_HAL_DRIVER -DSTM32F407xx -c -I../Core/Inc -I../Drivers/STM32F4xx_HAL_Driver/Inc -I../Drivers/STM32F4xx_HAL_Driver/Inc/Legacy -I../Drivers/CMSIS/Device/ST/STM32F4xx/Include -I../Drivers/CMSIS/Include -O0 -ffunction-sections -fdata-sections -Wall -fstack-usage -fcyclomatic-complexity -MMD -MP -MF"Core/Src/stm32f4xx_hal_msp.d" -MT"Core/Src/stm32f4xx_hal_msp.o" --specs=nano.specs -mfpu=fpv4-sp-d16 -mfloat-abi=hard -mthumb -o "Core/Src/stm32f4xx_hal_msp.o"
arm-none-eabi-gcc "../Core/Src/stm32f4xx_it.c" -mcpu=cortex-m4 -std=gnu11 -g3 -DDEBUG -DUSE_HAL_DRIVER -DSTM32F407xx -c -I../Core/Inc -I../Drivers/STM32F4xx_HAL_Driver/Inc -I../Drivers/STM32F4xx_HAL_Driver/Inc/Legacy -I../Drivers/CMSIS/Device/ST/STM32F4xx/Include -I../Drivers/CMSIS/Include -O0 -ffunction-sections -fdata-sections -Wall -fstack-usage -fcyclomatic-complexity -MMD -MP -MF"Core/Src/stm32f4xx_it.d" -MT"Core/Src/stm32f4xx_it.o" --specs=nano.specs -mfpu=fpv4-sp-d16 -mfloat-abi=hard -mthumb -o "Core/Src/stm32f4xx_it.o"
arm-none-eabi-gcc "../Core/Src/syscalls.c" -mcpu=cortex-m4 -std=gnu11 -g3 -DDEBUG -DUSE_HAL_DRIVER -DSTM32F407xx -c -I../Core/Inc -I../Drivers/STM32F4xx_HAL_Driver/Inc -I../Drivers/STM32F4xx_HAL_Driver/Inc/Legacy -I../Drivers/CMSIS/Device/ST/STM32F4xx/Include -I../Drivers/CMSIS/Include -O0 -ffunction-sections -fdata-sections -Wall -fstack-usage -fcyclomatic-complexity -MMD -MP -MF"Core/Src/syscalls.d" -MT"Core/Src/syscalls.o" --specs=nano.specs -mfpu=fpv4-sp-d16 -mfloat-abi=hard -mthumb -o "Core/Src/syscalls.o"
arm-none-eabi-gcc "../Core/Src/sysmem.c" -mcpu=cortex-m4 -std=gnu11 -g3 -DDEBUG -DUSE_HAL_DRIVER -DSTM32F407xx -c -I../Core/Inc -I../Drivers/STM32F4xx_HAL_Driver/Inc -I../Drivers/STM32F4xx_HAL_Driver/Inc/Legacy -I../Drivers/CMSIS/Device/ST/STM32F4xx/Include -I../Drivers/CMSIS/Include -O0 -ffunction-sections -fdata-sections -Wall -fstack-usage -fcyclomatic-complexity -MMD -MP -MF"Core/Src/sysmem.d" -MT"Core/Src/sysmem.o" --specs=nano.specs -mfpu=fpv4-sp-d16 -mfloat-abi=hard -mthumb -o "Core/Src/sysmem.o"
arm-none-eabi-gcc "../Core/Src/system_stm32f4xx.c" -mcpu=cortex-m4 -std=gnu11 -g3 -DDEBUG -DUSE_HAL_DRIVER -DSTM32F407xx -c -I../Core/Inc -I../Drivers/STM32F4xx_HAL_Driver/Inc -I../Drivers/STM32F4xx_HAL_Driver/Inc/Legacy -I../Drivers/CMSIS/Device/ST/STM32F4xx/Include -I../Drivers/CMSIS/Include -O0 -ffunction-sections -fdata-sections -Wall -fstack-usage -fcyclomatic-complexity -MMD -MP -MF"Core/Src/system_stm32f4xx.d" -MT"Core/Src/system_stm32f4xx.o" --specs=nano.specs -mfpu=fpv4-sp-d16 -mfloat-abi=hard -mthumb -o "Core/Src/system_stm32f4xx.o"
arm-none-eabi-gcc -o "EXTI_FUNCTIONALITY.elf" @"objects.list"   -mcpu=cortex-m4 -T"C:\Users\sanket mirage\OneDrive\Desktop\Intenshipdata\ARM_94088_SAKSHI\Assignment7\EXTI_FUNCTIONALITY\STM32F407VGTX_FLASH.ld" --specs=nosys.specs -Wl,-Map="EXTI_FUNCTIONALITY.map" -Wl,--gc-sections -static --specs=nano.specs -mfpu=fpv4-sp-d16 -mfloat-abi=hard -mthumb -Wl,--start-group -lc -lm -Wl,--end-group
Finished building target: EXTI_FUNCTIONALITY.elf
 
arm-none-eabi-size  EXTI_FUNCTIONALITY.elf 
arm-none-eabi-objdump -h -S EXTI_FUNCTIONALITY.elf  > "EXTI_FUNCTIONALITY.list"
   text	   data	    bss	    dec	    hex	filename
   6284	     12	   1572	   7868	   1ebc	EXTI_FUNCTIONALITY.elf
Finished building: default.size.stdout
 
Finished building: EXTI_FUNCTIONALITY.list
 
11:10:10 **** Incremental Build of configuration Debug for project EXTI_FUNCTIONALITY ****
make -j12 all 
arm-none-eabi-gcc "../Core/Src/main.c" -mcpu=cortex-m4 -std=gnu11 -g3 -DDEBUG -DUSE_HAL_DRIVER -DSTM32F407xx -c -I../Core/Inc -I../Drivers/STM32F4xx_HAL_Driver/Inc -I../Drivers/STM32F4xx_HAL_Driver/Inc/Legacy -I../Drivers/CMSIS/Device/ST/STM32F4xx/Include -I../Drivers/CMSIS/Include -O0 -ffunction-sections -fdata-sections -Wall -fstack-usage -fcyclomatic-complexity -MMD -MP -MF"Core/Src/main.d" -MT"Core/Src/main.o" --specs=nano.specs -mfpu=fpv4-sp-d16 -mfloat-abi=hard -mthumb -o "Core/Src/main.o"
arm-none-eabi-gcc -o "EXTI_FUNCTIONALITY.elf" @"objects.list"   -mcpu=cortex-m4 -T"C:\Users\sanket mirage\OneDrive\Desktop\Intenshipdata\ARM_94088_SAKSHI\Assignment7\EXTI_FUNCTIONALITY\STM32F407VGTX_FLASH.ld" --specs=nosys.specs -Wl,-Map="EXTI_FUNCTIONALITY.map" -Wl,--gc-sections -static --specs=nano.specs -mfpu=fpv4-sp-d16 -mfloat-abi=hard -mthumb -Wl,--start-group -lc -lm -Wl,--end-group
Finished building target: EXTI_FUNCTIONALITY.elf
 
arm-none-eabi-size  EXTI_FUNCTIONALITY.elf 
arm-none-eabi-objdump -h -S EXTI_FUNCTIONALITY.elf  > "EXTI_FUNCTIONALITY.list"
   text	   data	    bss	    dec	    hex	filename
   6288	     12	   1572	   7872	   1ec0	EXTI_FUNCTIONALITY.elf
Finished building: default.size.stdout
 
Finished building: EXTI_FUNCTIONALITY.list
 
11:10:11 **** Incremental Build of configuration Debug for project EXTI_Sofware ****
make -j12 all 
arm-none-eabi-size  EXTI_Sofware.elf 
   text	   data	    bss	    dec	    hex	filename
   6300	     12	   1572	   7884	   1ecc	EXTI_Sofware.elf
Finished building: default.size.stdout
 
11:10:12 **** Incremental Build of configuration Debug for project INTERRUTTRIGGER_EDGESELEC ****
make -j12 all 
arm-none-eabi-size  INTERRUTTRIGGER_EDGESELEC.elf 
   text	   data	    bss	    dec	    hex	filename
   6268	     16	   1568	   7852	   1eac	INTERRUTTRIGGER_EDGESELEC.elf
Finished building: default.size.stdout
 
11:10:16 **** Incremental Build of configuration Debug for project EXTI_FUNCTIONALITY ****
make -j12 all 
arm-none-eabi-size  EXTI_FUNCTIONALITY.elf 
   text	   data	    bss	    dec	    hex	filename
   6288	     12	   1572	   7872	   1ec0	EXTI_FUNCTIONALITY.elf
Finished building: default.size.stdout
 
11:10:33 **** Incremental Build of configuration Debug for project EXTI_FUNCTIONALITY ****
make -j12 all 
arm-none-eabi-size  EXTI_FUNCTIONALITY.elf 
   text	   data	    bss	    dec	    hex	filename
   6288	     12	   1572	   7872	   1ec0	EXTI_FUNCTIONALITY.elf
Finished building: default.size.stdout
 
11:12:17 **** Incremental Build of configuration Debug for project EXTI_FUNCTIONALITY ****
make -j12 all 
arm-none-eabi-gcc "../Core/Src/main.c" -mcpu=cortex-m4 -std=gnu11 -g3 -DDEBUG -DUSE_HAL_DRIVER -DSTM32F407xx -c -I../Core/Inc -I../Drivers/STM32F4xx_HAL_Driver/Inc -I../Drivers/STM32F4xx_HAL_Driver/Inc/Legacy -I../Drivers/CMSIS/Device/ST/STM32F4xx/Include -I../Drivers/CMSIS/Include -O0 -ffunction-sections -fdata-sections -Wall -fstack-usage -fcyclomatic-complexity -MMD -MP -MF"Core/Src/main.d" -MT"Core/Src/main.o" --specs=nano.specs -mfpu=fpv4-sp-d16 -mfloat-abi=hard -mthumb -o "Core/Src/main.o"
arm-none-eabi-gcc -o "EXTI_FUNCTIONALITY.elf" @"objects.list"   -mcpu=cortex-m4 -T"C:\Users\sanket mirage\OneDrive\Desktop\Intenshipdata\ARM_94088_SAKSHI\Assignment7\EXTI_FUNCTIONALITY\STM32F407VGTX_FLASH.ld" --specs=nosys.specs -Wl,-Map="EXTI_FUNCTIONALITY.map" -Wl,--gc-sections -static --specs=nano.specs -mfpu=fpv4-sp-d16 -mfloat-abi=hard -mthumb -Wl,--start-group -lc -lm -Wl,--end-group
Finished building target: EXTI_FUNCTIONALITY.elf
 
arm-none-eabi-size  EXTI_FUNCTIONALITY.elf 
arm-none-eabi-objdump -h -S EXTI_FUNCTIONALITY.elf  > "EXTI_FUNCTIONALITY.list"
   text	   data	    bss	    dec	    hex	filename
   6284	     12	   1572	   7868	   1ebc	EXTI_FUNCTIONALITY.elf
Finished building: default.size.stdout
 
Finished building: EXTI_FUNCTIONALITY.list
 
11:12:18 **** Incremental Build of configuration Debug for project EXTI_Sofware ****
make -j12 all 
arm-none-eabi-size  EXTI_Sofware.elf 
   text	   data	    bss	    dec	    hex	filename
   6300	     12	   1572	   7884	   1ecc	EXTI_Sofware.elf
Finished building: default.size.stdout
 
11:12:19 **** Incremental Build of configuration Debug for project INTERRUTTRIGGER_EDGESELEC ****
make -j12 all 
arm-none-eabi-size  INTERRUTTRIGGER_EDGESELEC.elf 
   text	   data	    bss	    dec	    hex	filename
   6268	     16	   1568	   7852	   1eac	INTERRUTTRIGGER_EDGESELEC.elf
Finished building: default.size.stdout
 
11:12:26 **** Incremental Build of configuration Debug for project EXTI_FUNCTIONALITY ****
make -j12 all 
arm-none-eabi-size  EXTI_FUNCTIONALITY.elf 
   text	   data	    bss	    dec	    hex	filename
   6284	     12	   1572	   7868	   1ebc	EXTI_FUNCTIONALITY.elf
Finished building: default.size.stdout
 
11:12:46 **** Incremental Build of configuration Debug for project EXTI_FUNCTIONALITY ****
make -j12 all 
arm-none-eabi-size  EXTI_FUNCTIONALITY.elf 
   text	   data	    bss	    dec	    hex	filename
   6284	     12	   1572	   7868	   1ebc	EXTI_FUNCTIONALITY.elf
Finished building: default.size.stdout
 
11:13:31 **** Incremental Build of configuration Debug for project EXTI_FUNCTIONALITY ****
make -j12 all 
arm-none-eabi-gcc "../Core/Src/main.c" -mcpu=cortex-m4 -std=gnu11 -g3 -DDEBUG -DUSE_HAL_DRIVER -DSTM32F407xx -c -I../Core/Inc -I../Drivers/STM32F4xx_HAL_Driver/Inc -I../Drivers/STM32F4xx_HAL_Driver/Inc/Legacy -I../Drivers/CMSIS/Device/ST/STM32F4xx/Include -I../Drivers/CMSIS/Include -O0 -ffunction-sections -fdata-sections -Wall -fstack-usage -fcyclomatic-complexity -MMD -MP -MF"Core/Src/main.d" -MT"Core/Src/main.o" --specs=nano.specs -mfpu=fpv4-sp-d16 -mfloat-abi=hard -mthumb -o "Core/Src/main.o"
arm-none-eabi-gcc -o "EXTI_FUNCTIONALITY.elf" @"objects.list"   -mcpu=cortex-m4 -T"C:\Users\sanket mirage\OneDrive\Desktop\Intenshipdata\ARM_94088_SAKSHI\Assignment7\EXTI_FUNCTIONALITY\STM32F407VGTX_FLASH.ld" --specs=nosys.specs -Wl,-Map="EXTI_FUNCTIONALITY.map" -Wl,--gc-sections -static --specs=nano.specs -mfpu=fpv4-sp-d16 -mfloat-abi=hard -mthumb -Wl,--start-group -lc -lm -Wl,--end-group
Finished building target: EXTI_FUNCTIONALITY.elf
 
arm-none-eabi-size  EXTI_FUNCTIONALITY.elf 
arm-none-eabi-objdump -h -S EXTI_FUNCTIONALITY.elf  > "EXTI_FUNCTIONALITY.list"
   text	   data	    bss	    dec	    hex	filename
   6288	     12	   1572	   7872	   1ec0	EXTI_FUNCTIONALITY.elf
Finished building: default.size.stdout
 
Finished building: EXTI_FUNCTIONALITY.list
 
11:13:32 **** Incremental Build of configuration Debug for project EXTI_Sofware ****
make -j12 all 
arm-none-eabi-size  EXTI_Sofware.elf 
   text	   data	    bss	    dec	    hex	filename
   6300	     12	   1572	   7884	   1ecc	EXTI_Sofware.elf
Finished building: default.size.stdout
 
11:13:33 **** Incremental Build of configuration Debug for project INTERRUTTRIGGER_EDGESELEC ****
make -j12 all 
arm-none-eabi-size  INTERRUTTRIGGER_EDGESELEC.elf 
   text	   data	    bss	    dec	    hex	filename
   6268	     16	   1568	   7852	   1eac	INTERRUTTRIGGER_EDGESELEC.elf
Finished building: default.size.stdout
 
11:13:36 **** Incremental Build of configuration Debug for project EXTI_FUNCTIONALITY ****
make -j12 all 
arm-none-eabi-size  EXTI_FUNCTIONALITY.elf 
   text	   data	    bss	    dec	    hex	filename
   6288	     12	   1572	   7872	   1ec0	EXTI_FUNCTIONALITY.elf
Finished building: default.size.stdout
 
11:13:55 **** Incremental Build of configuration Debug for project EXTI_FUNCTIONALITY ****
make -j12 all 
arm-none-eabi-size  EXTI_FUNCTIONALITY.elf 
   text	   data	    bss	    dec	    hex	filename
   6288	     12	   1572	   7872	   1ec0	EXTI_FUNCTIONALITY.elf
Finished building: default.size.stdout
 
11:14:40 **** Incremental Build of configuration Debug for project EXTI_FUNCTIONALITY ****
make -j12 all 
arm-none-eabi-gcc "../Core/Src/main.c" -mcpu=cortex-m4 -std=gnu11 -g3 -DDEBUG -DUSE_HAL_DRIVER -DSTM32F407xx -c -I../Core/Inc -I../Drivers/STM32F4xx_HAL_Driver/Inc -I../Drivers/STM32F4xx_HAL_Driver/Inc/Legacy -I../Drivers/CMSIS/Device/ST/STM32F4xx/Include -I../Drivers/CMSIS/Include -O0 -ffunction-sections -fdata-sections -Wall -fstack-usage -fcyclomatic-complexity -MMD -MP -MF"Core/Src/main.d" -MT"Core/Src/main.o" --specs=nano.specs -mfpu=fpv4-sp-d16 -mfloat-abi=hard -mthumb -o "Core/Src/main.o"
arm-none-eabi-gcc -o "EXTI_FUNCTIONALITY.elf" @"objects.list"   -mcpu=cortex-m4 -T"C:\Users\sanket mirage\OneDrive\Desktop\Intenshipdata\ARM_94088_SAKSHI\Assignment7\EXTI_FUNCTIONALITY\STM32F407VGTX_FLASH.ld" --specs=nosys.specs -Wl,-Map="EXTI_FUNCTIONALITY.map" -Wl,--gc-sections -static --specs=nano.specs -mfpu=fpv4-sp-d16 -mfloat-abi=hard -mthumb -Wl,--start-group -lc -lm -Wl,--end-group
Finished building target: EXTI_FUNCTIONALITY.elf
 
arm-none-eabi-size  EXTI_FUNCTIONALITY.elf 
arm-none-eabi-objdump -h -S EXTI_FUNCTIONALITY.elf  > "EXTI_FUNCTIONALITY.list"
   text	   data	    bss	    dec	    hex	filename
   6288	     12	   1572	   7872	   1ec0	EXTI_FUNCTIONALITY.elf
Finished building: default.size.stdout
 
Finished building: EXTI_FUNCTIONALITY.list
 
11:14:41 **** Incremental Build of configuration Debug for project EXTI_Sofware ****
make -j12 all 
arm-none-eabi-size  EXTI_Sofware.elf 
   text	   data	    bss	    dec	    hex	filename
   6300	     12	   1572	   7884	   1ecc	EXTI_Sofware.elf
Finished building: default.size.stdout
 
11:14:42 **** Incremental Build of configuration Debug for project INTERRUTTRIGGER_EDGESELEC ****
make -j12 all 
arm-none-eabi-size  INTERRUTTRIGGER_EDGESELEC.elf 
   text	   data	    bss	    dec	    hex	filename
   6268	     16	   1568	   7852	   1eac	INTERRUTTRIGGER_EDGESELEC.elf
Finished building: default.size.stdout
 
11:14:47 **** Incremental Build of configuration Debug for project EXTI_FUNCTIONALITY ****
make -j12 all 
arm-none-eabi-size  EXTI_FUNCTIONALITY.elf 
   text	   data	    bss	    dec	    hex	filename
   6288	     12	   1572	   7872	   1ec0	EXTI_FUNCTIONALITY.elf
Finished building: default.size.stdout
 
11:15:02 **** Incremental Build of configuration Debug for project EXTI_FUNCTIONALITY ****
make -j12 all 
arm-none-eabi-size  EXTI_FUNCTIONALITY.elf 
   text	   data	    bss	    dec	    hex	filename
   6288	     12	   1572	   7872	   1ec0	EXTI_FUNCTIONALITY.elf
Finished building: default.size.stdout
 
11:16:15 **** Incremental Build of configuration Debug for project EXTI_FUNCTIONALITY ****
make -j12 all 
arm-none-eabi-gcc "../Core/Src/main.c" -mcpu=cortex-m4 -std=gnu11 -g3 -DDEBUG -DUSE_HAL_DRIVER -DSTM32F407xx -c -I../Core/Inc -I../Drivers/STM32F4xx_HAL_Driver/Inc -I../Drivers/STM32F4xx_HAL_Driver/Inc/Legacy -I../Drivers/CMSIS/Device/ST/STM32F4xx/Include -I../Drivers/CMSIS/Include -O0 -ffunction-sections -fdata-sections -Wall -fstack-usage -fcyclomatic-complexity -MMD -MP -MF"Core/Src/main.d" -MT"Core/Src/main.o" --specs=nano.specs -mfpu=fpv4-sp-d16 -mfloat-abi=hard -mthumb -o "Core/Src/main.o"
arm-none-eabi-gcc -o "EXTI_FUNCTIONALITY.elf" @"objects.list"   -mcpu=cortex-m4 -T"C:\Users\sanket mirage\OneDrive\Desktop\Intenshipdata\ARM_94088_SAKSHI\Assignment7\EXTI_FUNCTIONALITY\STM32F407VGTX_FLASH.ld" --specs=nosys.specs -Wl,-Map="EXTI_FUNCTIONALITY.map" -Wl,--gc-sections -static --specs=nano.specs -mfpu=fpv4-sp-d16 -mfloat-abi=hard -mthumb -Wl,--start-group -lc -lm -Wl,--end-group
Finished building target: EXTI_FUNCTIONALITY.elf
 
arm-none-eabi-size  EXTI_FUNCTIONALITY.elf 
arm-none-eabi-objdump -h -S EXTI_FUNCTIONALITY.elf  > "EXTI_FUNCTIONALITY.list"
   text	   data	    bss	    dec	    hex	filename
   6284	     16	   1568	   7868	   1ebc	EXTI_FUNCTIONALITY.elf
Finished building: default.size.stdout
 
Finished building: EXTI_FUNCTIONALITY.list
 
11:16:16 **** Incremental Build of configuration Debug for project EXTI_Sofware ****
make -j12 all 
arm-none-eabi-size  EXTI_Sofware.elf 
   text	   data	    bss	    dec	    hex	filename
   6300	     12	   1572	   7884	   1ecc	EXTI_Sofware.elf
Finished building: default.size.stdout
 
11:16:16 **** Incremental Build of configuration Debug for project INTERRUTTRIGGER_EDGESELEC ****
make -j12 all 
arm-none-eabi-size  INTERRUTTRIGGER_EDGESELEC.elf 
   text	   data	    bss	    dec	    hex	filename
   6268	     16	   1568	   7852	   1eac	INTERRUTTRIGGER_EDGESELEC.elf
Finished building: default.size.stdout
 
11:16:21 **** Incremental Build of configuration Debug for project EXTI_FUNCTIONALITY ****
make -j12 all 
arm-none-eabi-size  EXTI_FUNCTIONALITY.elf 
   text	   data	    bss	    dec	    hex	filename
   6284	     16	   1568	   7868	   1ebc	EXTI_FUNCTIONALITY.elf
Finished building: default.size.stdout
 
11:16:37 **** Incremental Build of configuration Debug for project EXTI_FUNCTIONALITY ****
make -j12 all 
arm-none-eabi-size  EXTI_FUNCTIONALITY.elf 
   text	   data	    bss	    dec	    hex	filename
   6284	     16	   1568	   7868	   1ebc	EXTI_FUNCTIONALITY.elf
Finished building: default.size.stdout
 
11:17:27 **** Incremental Build of configuration Debug for project EXTI_FUNCTIONALITY ****
make -j12 all 
arm-none-eabi-gcc "../Core/Src/main.c" -mcpu=cortex-m4 -std=gnu11 -g3 -DDEBUG -DUSE_HAL_DRIVER -DSTM32F407xx -c -I../Core/Inc -I../Drivers/STM32F4xx_HAL_Driver/Inc -I../Drivers/STM32F4xx_HAL_Driver/Inc/Legacy -I../Drivers/CMSIS/Device/ST/STM32F4xx/Include -I../Drivers/CMSIS/Include -O0 -ffunction-sections -fdata-sections -Wall -fstack-usage -fcyclomatic-complexity -MMD -MP -MF"Core/Src/main.d" -MT"Core/Src/main.o" --specs=nano.specs -mfpu=fpv4-sp-d16 -mfloat-abi=hard -mthumb -o "Core/Src/main.o"
arm-none-eabi-gcc -o "EXTI_FUNCTIONALITY.elf" @"objects.list"   -mcpu=cortex-m4 -T"C:\Users\sanket mirage\OneDrive\Desktop\Intenshipdata\ARM_94088_SAKSHI\Assignment7\EXTI_FUNCTIONALITY\STM32F407VGTX_FLASH.ld" --specs=nosys.specs -Wl,-Map="EXTI_FUNCTIONALITY.map" -Wl,--gc-sections -static --specs=nano.specs -mfpu=fpv4-sp-d16 -mfloat-abi=hard -mthumb -Wl,--start-group -lc -lm -Wl,--end-group
Finished building target: EXTI_FUNCTIONALITY.elf
 
arm-none-eabi-size  EXTI_FUNCTIONALITY.elf 
arm-none-eabi-objdump -h -S EXTI_FUNCTIONALITY.elf  > "EXTI_FUNCTIONALITY.list"
   text	   data	    bss	    dec	    hex	filename
   6284	     16	   1568	   7868	   1ebc	EXTI_FUNCTIONALITY.elf
Finished building: default.size.stdout
 
Finished building: EXTI_FUNCTIONALITY.list
 
11:17:29 **** Incremental Build of configuration Debug for project EXTI_Sofware ****
make -j12 all 
arm-none-eabi-size  EXTI_Sofware.elf 
   text	   data	    bss	    dec	    hex	filename
   6300	     12	   1572	   7884	   1ecc	EXTI_Sofware.elf
Finished building: default.size.stdout
 
11:17:29 **** Incremental Build of configuration Debug for project INTERRUTTRIGGER_EDGESELEC ****
make -j12 all 
arm-none-eabi-size  INTERRUTTRIGGER_EDGESELEC.elf 
   text	   data	    bss	    dec	    hex	filename
   6268	     16	   1568	   7852	   1eac	INTERRUTTRIGGER_EDGESELEC.elf
Finished building: default.size.stdout
 
11:17:35 **** Incremental Build of configuration Debug for project EXTI_FUNCTIONALITY ****
make -j12 all 
arm-none-eabi-size  EXTI_FUNCTIONALITY.elf 
   text	   data	    bss	    dec	    hex	filename
   6284	     16	   1568	   7868	   1ebc	EXTI_FUNCTIONALITY.elf
Finished building: default.size.stdout
 
11:17:49 **** Incremental Build of configuration Debug for project EXTI_FUNCTIONALITY ****
make -j12 all 
arm-none-eabi-size  EXTI_FUNCTIONALITY.elf 
   text	   data	    bss	    dec	    hex	filename
   6284	     16	   1568	   7868	   1ebc	EXTI_FUNCTIONALITY.elf
Finished building: default.size.stdout
 
11:18:29 **** Incremental Build of configuration Debug for project EXTI_FUNCTIONALITY ****
make -j12 all 
arm-none-eabi-gcc "../Core/Src/main.c" -mcpu=cortex-m4 -std=gnu11 -g3 -DDEBUG -DUSE_HAL_DRIVER -DSTM32F407xx -c -I../Core/Inc -I../Drivers/STM32F4xx_HAL_Driver/Inc -I../Drivers/STM32F4xx_HAL_Driver/Inc/Legacy -I../Drivers/CMSIS/Device/ST/STM32F4xx/Include -I../Drivers/CMSIS/Include -O0 -ffunction-sections -fdata-sections -Wall -fstack-usage -fcyclomatic-complexity -MMD -MP -MF"Core/Src/main.d" -MT"Core/Src/main.o" --specs=nano.specs -mfpu=fpv4-sp-d16 -mfloat-abi=hard -mthumb -o "Core/Src/main.o"
arm-none-eabi-gcc -o "EXTI_FUNCTIONALITY.elf" @"objects.list"   -mcpu=cortex-m4 -T"C:\Users\sanket mirage\OneDrive\Desktop\Intenshipdata\ARM_94088_SAKSHI\Assignment7\EXTI_FUNCTIONALITY\STM32F407VGTX_FLASH.ld" --specs=nosys.specs -Wl,-Map="EXTI_FUNCTIONALITY.map" -Wl,--gc-sections -static --specs=nano.specs -mfpu=fpv4-sp-d16 -mfloat-abi=hard -mthumb -Wl,--start-group -lc -lm -Wl,--end-group
Finished building target: EXTI_FUNCTIONALITY.elf
 
arm-none-eabi-size  EXTI_FUNCTIONALITY.elf 
arm-none-eabi-objdump -h -S EXTI_FUNCTIONALITY.elf  > "EXTI_FUNCTIONALITY.list"
   text	   data	    bss	    dec	    hex	filename
   6284	     12	   1572	   7868	   1ebc	EXTI_FUNCTIONALITY.elf
Finished building: default.size.stdout
 
Finished building: EXTI_FUNCTIONALITY.list
 
11:18:30 **** Incremental Build of configuration Debug for project EXTI_Sofware ****
make -j12 all 
arm-none-eabi-size  EXTI_Sofware.elf 
   text	   data	    bss	    dec	    hex	filename
   6300	     12	   1572	   7884	   1ecc	EXTI_Sofware.elf
Finished building: default.size.stdout
 
11:18:30 **** Incremental Build of configuration Debug for project INTERRUTTRIGGER_EDGESELEC ****
make -j12 all 
arm-none-eabi-size  INTERRUTTRIGGER_EDGESELEC.elf 
   text	   data	    bss	    dec	    hex	filename
   6268	     16	   1568	   7852	   1eac	INTERRUTTRIGGER_EDGESELEC.elf
Finished building: default.size.stdout
 
11:18:41 **** Incremental Build of configuration Debug for project EXTI_FUNCTIONALITY ****
make -j12 all 
arm-none-eabi-size  EXTI_FUNCTIONALITY.elf 
   text	   data	    bss	    dec	    hex	filename
   6284	     12	   1572	   7868	   1ebc	EXTI_FUNCTIONALITY.elf
Finished building: default.size.stdout
 
11:18:42 **** Incremental Build of configuration Debug for project EXTI_Sofware ****
make -j12 all 
arm-none-eabi-size  EXTI_Sofware.elf 
   text	   data	    bss	    dec	    hex	filename
   6300	     12	   1572	   7884	   1ecc	EXTI_Sofware.elf
Finished building: default.size.stdout
 
11:18:42 **** Incremental Build of configuration Debug for project INTERRUTTRIGGER_EDGESELEC ****
make -j12 all 
arm-none-eabi-size  INTERRUTTRIGGER_EDGESELEC.elf 
   text	   data	    bss	    dec	    hex	filename
   6268	     16	   1568	   7852	   1eac	INTERRUTTRIGGER_EDGESELEC.elf
Finished building: default.size.stdout
 
11:18:46 **** Incremental Build of configuration Debug for project EXTI_FUNCTIONALITY ****
make -j12 all 
arm-none-eabi-size  EXTI_FUNCTIONALITY.elf 
   text	   data	    bss	    dec	    hex	filename
   6284	     12	   1572	   7868	   1ebc	EXTI_FUNCTIONALITY.elf
Finished building: default.size.stdout
 
11:19:01 **** Incremental Build of configuration Debug for project EXTI_FUNCTIONALITY ****
make -j12 all 
arm-none-eabi-size  EXTI_FUNCTIONALITY.elf 
   text	   data	    bss	    dec	    hex	filename
   6284	     12	   1572	   7868	   1ebc	EXTI_FUNCTIONALITY.elf
Finished building: default.size.stdout
 
11:19:19 **** Incremental Build of configuration Debug for project EXTI_FUNCTIONALITY ****
make -j12 all 
arm-none-eabi-size  EXTI_FUNCTIONALITY.elf 
   text	   data	    bss	    dec	    hex	filename
   6284	     12	   1572	   7868	   1ebc	EXTI_FUNCTIONALITY.elf
Finished building: default.size.stdout
 
11:21:45 **** Incremental Build of configuration Debug for project EXTI_FUNCTIONALITY ****
make -j12 all 
arm-none-eabi-gcc "../Core/Src/main.c" -mcpu=cortex-m4 -std=gnu11 -g3 -DDEBUG -DUSE_HAL_DRIVER -DSTM32F407xx -c -I../Core/Inc -I../Drivers/STM32F4xx_HAL_Driver/Inc -I../Drivers/STM32F4xx_HAL_Driver/Inc/Legacy -I../Drivers/CMSIS/Device/ST/STM32F4xx/Include -I../Drivers/CMSIS/Include -O0 -ffunction-sections -fdata-sections -Wall -fstack-usage -fcyclomatic-complexity -MMD -MP -MF"Core/Src/main.d" -MT"Core/Src/main.o" --specs=nano.specs -mfpu=fpv4-sp-d16 -mfloat-abi=hard -mthumb -o "Core/Src/main.o"
arm-none-eabi-gcc -o "EXTI_FUNCTIONALITY.elf" @"objects.list"   -mcpu=cortex-m4 -T"C:\Users\sanket mirage\OneDrive\Desktop\Intenshipdata\ARM_94088_SAKSHI\Assignment7\EXTI_FUNCTIONALITY\STM32F407VGTX_FLASH.ld" --specs=nosys.specs -Wl,-Map="EXTI_FUNCTIONALITY.map" -Wl,--gc-sections -static --specs=nano.specs -mfpu=fpv4-sp-d16 -mfloat-abi=hard -mthumb -Wl,--start-group -lc -lm -Wl,--end-group
Finished building target: EXTI_FUNCTIONALITY.elf
 
arm-none-eabi-size  EXTI_FUNCTIONALITY.elf 
arm-none-eabi-objdump -h -S EXTI_FUNCTIONALITY.elf  > "EXTI_FUNCTIONALITY.list"
   text	   data	    bss	    dec	    hex	filename
   6364	     12	   1572	   7948	   1f0c	EXTI_FUNCTIONALITY.elf
Finished building: default.size.stdout
 
Finished building: EXTI_FUNCTIONALITY.list
 
11:21:46 **** Incremental Build of configuration Debug for project EXTI_Sofware ****
make -j12 all 
arm-none-eabi-size  EXTI_Sofware.elf 
   text	   data	    bss	    dec	    hex	filename
   6300	     12	   1572	   7884	   1ecc	EXTI_Sofware.elf
Finished building: default.size.stdout
 
11:21:46 **** Incremental Build of configuration Debug for project INTERRUTTRIGGER_EDGESELEC ****
make -j12 all 
arm-none-eabi-size  INTERRUTTRIGGER_EDGESELEC.elf 
   text	   data	    bss	    dec	    hex	filename
   6268	     16	   1568	   7852	   1eac	INTERRUTTRIGGER_EDGESELEC.elf
Finished building: default.size.stdout
 
11:21:51 **** Incremental Build of configuration Debug for project EXTI_FUNCTIONALITY ****
make -j12 all 
arm-none-eabi-size  EXTI_FUNCTIONALITY.elf 
   text	   data	    bss	    dec	    hex	filename
   6364	     12	   1572	   7948	   1f0c	EXTI_FUNCTIONALITY.elf
Finished building: default.size.stdout
 
11:22:19 **** Incremental Build of configuration Debug for project EXTI_FUNCTIONALITY ****
make -j12 all 
arm-none-eabi-size  EXTI_FUNCTIONALITY.elf 
   text	   data	    bss	    dec	    hex	filename
   6364	     12	   1572	   7948	   1f0c	EXTI_FUNCTIONALITY.elf
Finished building: default.size.stdout
 
11:22:35 **** Incremental Build of configuration Debug for project EXTI_FUNCTIONALITY ****
make -j12 all 
arm-none-eabi-size  EXTI_FUNCTIONALITY.elf 
   text	   data	    bss	    dec	    hex	filename
   6364	     12	   1572	   7948	   1f0c	EXTI_FUNCTIONALITY.elf
Finished building: default.size.stdout
 
11:28:22 **** Incremental Build of configuration Debug for project EXTI_FUNCTIONALITY ****
make -j12 all 
arm-none-eabi-gcc "../Core/Src/main.c" -mcpu=cortex-m4 -std=gnu11 -g3 -DDEBUG -DUSE_HAL_DRIVER -DSTM32F407xx -c -I../Core/Inc -I../Drivers/STM32F4xx_HAL_Driver/Inc -I../Drivers/STM32F4xx_HAL_Driver/Inc/Legacy -I../Drivers/CMSIS/Device/ST/STM32F4xx/Include -I../Drivers/CMSIS/Include -O0 -ffunction-sections -fdata-sections -Wall -fstack-usage -fcyclomatic-complexity -MMD -MP -MF"Core/Src/main.d" -MT"Core/Src/main.o" --specs=nano.specs -mfpu=fpv4-sp-d16 -mfloat-abi=hard -mthumb -o "Core/Src/main.o"
arm-none-eabi-gcc "../Core/Src/stm32f4xx_it.c" -mcpu=cortex-m4 -std=gnu11 -g3 -DDEBUG -DUSE_HAL_DRIVER -DSTM32F407xx -c -I../Core/Inc -I../Drivers/STM32F4xx_HAL_Driver/Inc -I../Drivers/STM32F4xx_HAL_Driver/Inc/Legacy -I../Drivers/CMSIS/Device/ST/STM32F4xx/Include -I../Drivers/CMSIS/Include -O0 -ffunction-sections -fdata-sections -Wall -fstack-usage -fcyclomatic-complexity -MMD -MP -MF"Core/Src/stm32f4xx_it.d" -MT"Core/Src/stm32f4xx_it.o" --specs=nano.specs -mfpu=fpv4-sp-d16 -mfloat-abi=hard -mthumb -o "Core/Src/stm32f4xx_it.o"
../Core/Src/stm32f4xx_it.c: In function 'EXTI0_IRQHandler':
../Core/Src/stm32f4xx_it.c:209:18: error: 'button_pressed' undeclared (first use in this function)
  209 |                  button_pressed=1;
      |                  ^~~~~~~~~~~~~~
../Core/Src/stm32f4xx_it.c:209:18: note: each undeclared identifier is reported only once for each function it appears in
make: *** [Core/Src/subdir.mk:34: Core/Src/stm32f4xx_it.o] Error 1
make: *** Waiting for unfinished jobs....
"make -j12 all" terminated with exit code 2. Build might be incomplete.
11:28:23 **** Incremental Build of configuration Debug for project EXTI_Sofware ****
make -j12 all 
arm-none-eabi-size  EXTI_Sofware.elf 
   text	   data	    bss	    dec	    hex	filename
   6300	     12	   1572	   7884	   1ecc	EXTI_Sofware.elf
Finished building: default.size.stdout
 
11:28:23 **** Incremental Build of configuration Debug for project INTERRUTTRIGGER_EDGESELEC ****
make -j12 all 
arm-none-eabi-size  INTERRUTTRIGGER_EDGESELEC.elf 
   text	   data	    bss	    dec	    hex	filename
   6268	     16	   1568	   7852	   1eac	INTERRUTTRIGGER_EDGESELEC.elf
Finished building: default.size.stdout
 
11:29:51 **** Incremental Build of configuration Debug for project EXTI_FUNCTIONALITY ****
make -j12 all 
arm-none-eabi-gcc "../Core/Src/stm32f4xx_it.c" -mcpu=cortex-m4 -std=gnu11 -g3 -DDEBUG -DUSE_HAL_DRIVER -DSTM32F407xx -c -I../Core/Inc -I../Drivers/STM32F4xx_HAL_Driver/Inc -I../Drivers/STM32F4xx_HAL_Driver/Inc/Legacy -I../Drivers/CMSIS/Device/ST/STM32F4xx/Include -I../Drivers/CMSIS/Include -O0 -ffunction-sections -fdata-sections -Wall -fstack-usage -fcyclomatic-complexity -MMD -MP -MF"Core/Src/stm32f4xx_it.d" -MT"Core/Src/stm32f4xx_it.o" --specs=nano.specs -mfpu=fpv4-sp-d16 -mfloat-abi=hard -mthumb -o "Core/Src/stm32f4xx_it.o"
arm-none-eabi-gcc -o "EXTI_FUNCTIONALITY.elf" @"objects.list"   -mcpu=cortex-m4 -T"C:\Users\sanket mirage\OneDrive\Desktop\Intenshipdata\ARM_94088_SAKSHI\Assignment7\EXTI_FUNCTIONALITY\STM32F407VGTX_FLASH.ld" --specs=nosys.specs -Wl,-Map="EXTI_FUNCTIONALITY.map" -Wl,--gc-sections -static --specs=nano.specs -mfpu=fpv4-sp-d16 -mfloat-abi=hard -mthumb -Wl,--start-group -lc -lm -Wl,--end-group
Finished building target: EXTI_FUNCTIONALITY.elf
 
arm-none-eabi-size  EXTI_FUNCTIONALITY.elf 
arm-none-eabi-objdump -h -S EXTI_FUNCTIONALITY.elf  > "EXTI_FUNCTIONALITY.list"
   text	   data	    bss	    dec	    hex	filename
   6284	     12	   1572	   7868	   1ebc	EXTI_FUNCTIONALITY.elf
Finished building: default.size.stdout
 
Finished building: EXTI_FUNCTIONALITY.list
 
11:29:52 **** Incremental Build of configuration Debug for project EXTI_Sofware ****
make -j12 all 
arm-none-eabi-size  EXTI_Sofware.elf 
   text	   data	    bss	    dec	    hex	filename
   6300	     12	   1572	   7884	   1ecc	EXTI_Sofware.elf
Finished building: default.size.stdout
 
11:29:53 **** Incremental Build of configuration Debug for project INTERRUTTRIGGER_EDGESELEC ****
make -j12 all 
arm-none-eabi-size  INTERRUTTRIGGER_EDGESELEC.elf 
   text	   data	    bss	    dec	    hex	filename
   6268	     16	   1568	   7852	   1eac	INTERRUTTRIGGER_EDGESELEC.elf
Finished building: default.size.stdout
 
11:30:14 **** Incremental Build of configuration Debug for project EXTI_FUNCTIONALITY ****
make -j12 all 
arm-none-eabi-size  EXTI_FUNCTIONALITY.elf 
   text	   data	    bss	    dec	    hex	filename
   6284	     12	   1572	   7868	   1ebc	EXTI_FUNCTIONALITY.elf
Finished building: default.size.stdout
 
11:30:31 **** Incremental Build of configuration Debug for project EXTI_FUNCTIONALITY ****
make -j12 all 
arm-none-eabi-size  EXTI_FUNCTIONALITY.elf 
   text	   data	    bss	    dec	    hex	filename
   6284	     12	   1572	   7868	   1ebc	EXTI_FUNCTIONALITY.elf
Finished building: default.size.stdout
 
11:35:15 **** Incremental Build of configuration Debug for project EXTI_FUNCTIONALITY ****
make -j12 all 
arm-none-eabi-gcc "../Core/Src/main.c" -mcpu=cortex-m4 -std=gnu11 -g3 -DDEBUG -DUSE_HAL_DRIVER -DSTM32F407xx -c -I../Core/Inc -I../Drivers/STM32F4xx_HAL_Driver/Inc -I../Drivers/STM32F4xx_HAL_Driver/Inc/Legacy -I../Drivers/CMSIS/Device/ST/STM32F4xx/Include -I../Drivers/CMSIS/Include -O0 -ffunction-sections -fdata-sections -Wall -fstack-usage -fcyclomatic-complexity -MMD -MP -MF"Core/Src/main.d" -MT"Core/Src/main.o" --specs=nano.specs -mfpu=fpv4-sp-d16 -mfloat-abi=hard -mthumb -o "Core/Src/main.o"
arm-none-eabi-gcc -o "EXTI_FUNCTIONALITY.elf" @"objects.list"   -mcpu=cortex-m4 -T"C:\Users\sanket mirage\OneDrive\Desktop\Intenshipdata\ARM_94088_SAKSHI\Assignment7\EXTI_FUNCTIONALITY\STM32F407VGTX_FLASH.ld" --specs=nosys.specs -Wl,-Map="EXTI_FUNCTIONALITY.map" -Wl,--gc-sections -static --specs=nano.specs -mfpu=fpv4-sp-d16 -mfloat-abi=hard -mthumb -Wl,--start-group -lc -lm -Wl,--end-group
Finished building target: EXTI_FUNCTIONALITY.elf
 
arm-none-eabi-size  EXTI_FUNCTIONALITY.elf 
arm-none-eabi-objdump -h -S EXTI_FUNCTIONALITY.elf  > "EXTI_FUNCTIONALITY.list"
   text	   data	    bss	    dec	    hex	filename
   6284	     12	   1572	   7868	   1ebc	EXTI_FUNCTIONALITY.elf
Finished building: default.size.stdout
 
Finished building: EXTI_FUNCTIONALITY.list
 
11:35:16 **** Incremental Build of configuration Debug for project EXTI_Sofware ****
make -j12 all 
arm-none-eabi-size  EXTI_Sofware.elf 
   text	   data	    bss	    dec	    hex	filename
   6300	     12	   1572	   7884	   1ecc	EXTI_Sofware.elf
Finished building: default.size.stdout
 
11:35:17 **** Incremental Build of configuration Debug for project INTERRUTTRIGGER_EDGESELEC ****
make -j12 all 
arm-none-eabi-size  INTERRUTTRIGGER_EDGESELEC.elf 
   text	   data	    bss	    dec	    hex	filename
   6268	     16	   1568	   7852	   1eac	INTERRUTTRIGGER_EDGESELEC.elf
Finished building: default.size.stdout
 
11:35:21 **** Incremental Build of configuration Debug for project EXTI_FUNCTIONALITY ****
make -j12 all 
arm-none-eabi-size  EXTI_FUNCTIONALITY.elf 
   text	   data	    bss	    dec	    hex	filename
   6284	     12	   1572	   7868	   1ebc	EXTI_FUNCTIONALITY.elf
Finished building: default.size.stdout
 
11:35:42 **** Incremental Build of configuration Debug for project EXTI_FUNCTIONALITY ****
make -j12 all 
arm-none-eabi-size  EXTI_FUNCTIONALITY.elf 
   text	   data	    bss	    dec	    hex	filename
   6284	     12	   1572	   7868	   1ebc	EXTI_FUNCTIONALITY.elf
Finished building: default.size.stdout
 
11:43:06 **** Incremental Build of configuration Debug for project EXTI_FUNCTIONALITY ****
make -j12 all 
arm-none-eabi-gcc "../Core/Src/main.c" -mcpu=cortex-m4 -std=gnu11 -g3 -DDEBUG -DUSE_HAL_DRIVER -DSTM32F407xx -c -I../Core/Inc -I../Drivers/STM32F4xx_HAL_Driver/Inc -I../Drivers/STM32F4xx_HAL_Driver/Inc/Legacy -I../Drivers/CMSIS/Device/ST/STM32F4xx/Include -I../Drivers/CMSIS/Include -O0 -ffunction-sections -fdata-sections -Wall -fstack-usage -fcyclomatic-complexity -MMD -MP -MF"Core/Src/main.d" -MT"Core/Src/main.o" --specs=nano.specs -mfpu=fpv4-sp-d16 -mfloat-abi=hard -mthumb -o "Core/Src/main.o"
../Core/Src/main.c:45:10: error: unknown type name 'uint8_8'
   45 | volatile uint8_8 led_state=0;
      |          ^~~~~~~
../Core/Src/main.c:46:10: error: unknown type name 'uint8_8'
   46 | volatile uint8_8 led_toggle_flag=0;
      |          ^~~~~~~
../Core/Src/main.c: In function 'main':
../Core/Src/main.c:108:27: error: 'GPIO' undeclared (first use in this function); did you mean 'GPIOH'?
  108 |                           GPIO->BSRR=(1<<13);
      |                           ^~~~
      |                           GPIOH
../Core/Src/main.c:108:27: note: each undeclared identifier is reported only once for each function it appears in
../Core/Src/main.c: In function 'HAL_GPIO_EXTI_Callback':
../Core/Src/main.c:210:10: error: 'button_pressed' undeclared (first use in this function)
  210 |          button_pressed=1;
      |          ^~~~~~~~~~~~~~
make: *** [Core/Src/subdir.mk:34: Core/Src/main.o] Error 1
"make -j12 all" terminated with exit code 2. Build might be incomplete.
11:43:07 **** Incremental Build of configuration Debug for project EXTI_Sofware ****
make -j12 all 
arm-none-eabi-size  EXTI_Sofware.elf 
   text	   data	    bss	    dec	    hex	filename
   6300	     12	   1572	   7884	   1ecc	EXTI_Sofware.elf
Finished building: default.size.stdout
 
11:43:07 **** Incremental Build of configuration Debug for project INTERRUTTRIGGER_EDGESELEC ****
make -j12 all 
arm-none-eabi-size  INTERRUTTRIGGER_EDGESELEC.elf 
   text	   data	    bss	    dec	    hex	filename
   6268	     16	   1568	   7852	   1eac	INTERRUTTRIGGER_EDGESELEC.elf
Finished building: default.size.stdout
 
11:43:16 **** Incremental Build of configuration Debug for project EXTI_FUNCTIONALITY ****
make -j12 all 
arm-none-eabi-gcc "../Core/Src/main.c" -mcpu=cortex-m4 -std=gnu11 -g3 -DDEBUG -DUSE_HAL_DRIVER -DSTM32F407xx -c -I../Core/Inc -I../Drivers/STM32F4xx_HAL_Driver/Inc -I../Drivers/STM32F4xx_HAL_Driver/Inc/Legacy -I../Drivers/CMSIS/Device/ST/STM32F4xx/Include -I../Drivers/CMSIS/Include -O0 -ffunction-sections -fdata-sections -Wall -fstack-usage -fcyclomatic-complexity -MMD -MP -MF"Core/Src/main.d" -MT"Core/Src/main.o" --specs=nano.specs -mfpu=fpv4-sp-d16 -mfloat-abi=hard -mthumb -o "Core/Src/main.o"
../Core/Src/main.c:45:10: error: unknown type name 'uint8_8'
   45 | volatile uint8_8 led_state=0;
      |          ^~~~~~~
../Core/Src/main.c:46:10: error: unknown type name 'uint8_8'
   46 | volatile uint8_8 led_toggle_flag=0;
      |          ^~~~~~~
../Core/Src/main.c: In function 'main':
../Core/Src/main.c:108:27: error: 'GPIO' undeclared (first use in this function); did you mean 'GPIOH'?
  108 |                           GPIO->BSRR=(1<<13);
      |                           ^~~~
      |                           GPIOH
../Core/Src/main.c:108:27: note: each undeclared identifier is reported only once for each function it appears in
../Core/Src/main.c:169:13: error: invalid storage class for function 'MX_GPIO_Init'
  169 | static void MX_GPIO_Init(void)
      |             ^~~~~~~~~~~~
../Core/Src/main.c: In function 'HAL_GPIO_EXTI_Callback':
../Core/Src/main.c:210:10: error: 'button_pressed' undeclared (first use in this function)
  210 |          button_pressed=1;
      |          ^~~~~~~~~~~~~~
../Core/Src/main.c: In function 'main':
../Core/Src/main.c:230:1: error: expected declaration or statement at end of input
  230 | }
      | ^
../Core/Src/main.c: At top level:
../Core/Src/main.c:52:13: warning: 'MX_GPIO_Init' used but never defined
   52 | static void MX_GPIO_Init(void);
      |             ^~~~~~~~~~~~
../Core/Src/main.c:221:6: warning: 'Error_Handler' defined but not used [-Wunused-function]
  221 | void Error_Handler(void)
      |      ^~~~~~~~~~~~~
../Core/Src/main.c:206:6: warning: 'HAL_GPIO_EXTI_Callback' defined but not used [-Wunused-function]
  206 | void HAL_GPIO_EXTI_Callback(uint16_t GPIO_Pin)
      |      ^~~~~~~~~~~~~~~~~~~~~~
../Core/Src/main.c:169:13: warning: 'MX_GPIO_Init' defined but not used [-Wunused-function]
  169 | static void MX_GPIO_Init(void)
      |             ^~~~~~~~~~~~
../Core/Src/main.c:122:6: warning: 'SystemClock_Config' defined but not used [-Wunused-function]
  122 | void SystemClock_Config(void)
      |      ^~~~~~~~~~~~~~~~~~
make: *** [Core/Src/subdir.mk:34: Core/Src/main.o] Error 1
"make -j12 all" terminated with exit code 2. Build might be incomplete.
11:43:16 **** Incremental Build of configuration Debug for project EXTI_Sofware ****
make -j12 all 
arm-none-eabi-size  EXTI_Sofware.elf 
   text	   data	    bss	    dec	    hex	filename
   6300	     12	   1572	   7884	   1ecc	EXTI_Sofware.elf
Finished building: default.size.stdout
 
11:43:17 **** Incremental Build of configuration Debug for project INTERRUTTRIGGER_EDGESELEC ****
make -j12 all 
arm-none-eabi-size  INTERRUTTRIGGER_EDGESELEC.elf 
   text	   data	    bss	    dec	    hex	filename
   6268	     16	   1568	   7852	   1eac	INTERRUTTRIGGER_EDGESELEC.elf
Finished building: default.size.stdout
 
11:43:38 **** Incremental Build of configuration Debug for project EXTI_FUNCTIONALITY ****
make -j12 all 
arm-none-eabi-gcc "../Core/Src/main.c" -mcpu=cortex-m4 -std=gnu11 -g3 -DDEBUG -DUSE_HAL_DRIVER -DSTM32F407xx -c -I../Core/Inc -I../Drivers/STM32F4xx_HAL_Driver/Inc -I../Drivers/STM32F4xx_HAL_Driver/Inc/Legacy -I../Drivers/CMSIS/Device/ST/STM32F4xx/Include -I../Drivers/CMSIS/Include -O0 -ffunction-sections -fdata-sections -Wall -fstack-usage -fcyclomatic-complexity -MMD -MP -MF"Core/Src/main.d" -MT"Core/Src/main.o" --specs=nano.specs -mfpu=fpv4-sp-d16 -mfloat-abi=hard -mthumb -o "Core/Src/main.o"
../Core/Src/main.c:45:10: error: unknown type name 'uint8_8'
   45 | volatile uint8_8 led_state=0;
      |          ^~~~~~~
../Core/Src/main.c:46:10: error: unknown type name 'uint8_8'
   46 | volatile uint8_8 led_toggle_flag=0;
      |          ^~~~~~~
../Core/Src/main.c: In function 'main':
../Core/Src/main.c:169:13: error: invalid storage class for function 'MX_GPIO_Init'
  169 | static void MX_GPIO_Init(void)
      |             ^~~~~~~~~~~~
../Core/Src/main.c: In function 'HAL_GPIO_EXTI_Callback':
../Core/Src/main.c:210:10: error: 'button_pressed' undeclared (first use in this function)
  210 |          button_pressed=1;
      |          ^~~~~~~~~~~~~~
../Core/Src/main.c:210:10: note: each undeclared identifier is reported only once for each function it appears in
../Core/Src/main.c: In function 'main':
../Core/Src/main.c:230:1: error: expected declaration or statement at end of input
  230 | }
      | ^
../Core/Src/main.c: At top level:
../Core/Src/main.c:52:13: warning: 'MX_GPIO_Init' used but never defined
   52 | static void MX_GPIO_Init(void);
      |             ^~~~~~~~~~~~
../Core/Src/main.c:221:6: warning: 'Error_Handler' defined but not used [-Wunused-function]
  221 | void Error_Handler(void)
      |      ^~~~~~~~~~~~~
../Core/Src/main.c:206:6: warning: 'HAL_GPIO_EXTI_Callback' defined but not used [-Wunused-function]
  206 | void HAL_GPIO_EXTI_Callback(uint16_t GPIO_Pin)
      |      ^~~~~~~~~~~~~~~~~~~~~~
../Core/Src/main.c:169:13: warning: 'MX_GPIO_Init' defined but not used [-Wunused-function]
  169 | static void MX_GPIO_Init(void)
      |             ^~~~~~~~~~~~
../Core/Src/main.c:122:6: warning: 'SystemClock_Config' defined but not used [-Wunused-function]
  122 | void SystemClock_Config(void)
      |      ^~~~~~~~~~~~~~~~~~
make: *** [Core/Src/subdir.mk:34: Core/Src/main.o] Error 1
"make -j12 all" terminated with exit code 2. Build might be incomplete.
11:43:38 **** Incremental Build of configuration Debug for project EXTI_Sofware ****
make -j12 all 
arm-none-eabi-size  EXTI_Sofware.elf 
   text	   data	    bss	    dec	    hex	filename
   6300	     12	   1572	   7884	   1ecc	EXTI_Sofware.elf
Finished building: default.size.stdout
 
11:43:39 **** Incremental Build of configuration Debug for project INTERRUTTRIGGER_EDGESELEC ****
make -j12 all 
arm-none-eabi-size  INTERRUTTRIGGER_EDGESELEC.elf 
   text	   data	    bss	    dec	    hex	filename
   6268	     16	   1568	   7852	   1eac	INTERRUTTRIGGER_EDGESELEC.elf
Finished building: default.size.stdout
 
11:46:41 **** Incremental Build of configuration Debug for project EXTI_FUNCTIONALITY ****
make -j12 all 
arm-none-eabi-gcc "../Core/Src/main.c" -mcpu=cortex-m4 -std=gnu11 -g3 -DDEBUG -DUSE_HAL_DRIVER -DSTM32F407xx -c -I../Core/Inc -I../Drivers/STM32F4xx_HAL_Driver/Inc -I../Drivers/STM32F4xx_HAL_Driver/Inc/Legacy -I../Drivers/CMSIS/Device/ST/STM32F4xx/Include -I../Drivers/CMSIS/Include -O0 -ffunction-sections -fdata-sections -Wall -fstack-usage -fcyclomatic-complexity -MMD -MP -MF"Core/Src/main.d" -MT"Core/Src/main.o" --specs=nano.specs -mfpu=fpv4-sp-d16 -mfloat-abi=hard -mthumb -o "Core/Src/main.o"
../Core/Src/main.c:45:10: error: unknown type name 'uint8_8'
   45 | volatile uint8_8 led_state=0;
      |          ^~~~~~~
../Core/Src/main.c:46:10: error: unknown type name 'uint8_8'
   46 | volatile uint8_8 led_toggle_flag=0;
      |          ^~~~~~~
../Core/Src/main.c: In function 'main':
../Core/Src/main.c:169:13: error: invalid storage class for function 'MX_GPIO_Init'
  169 | static void MX_GPIO_Init(void)
      |             ^~~~~~~~~~~~
../Core/Src/main.c:231:1: error: expected declaration or statement at end of input
  231 | }
      | ^
../Core/Src/main.c: At top level:
../Core/Src/main.c:52:13: warning: 'MX_GPIO_Init' used but never defined
   52 | static void MX_GPIO_Init(void);
      |             ^~~~~~~~~~~~
../Core/Src/main.c:222:6: warning: 'Error_Handler' defined but not used [-Wunused-function]
  222 | void Error_Handler(void)
      |      ^~~~~~~~~~~~~
../Core/Src/main.c:206:6: warning: 'HAL_GPIO_EXTI_Callback' defined but not used [-Wunused-function]
  206 | void HAL_GPIO_EXTI_Callback(uint16_t GPIO_Pin)
      |      ^~~~~~~~~~~~~~~~~~~~~~
../Core/Src/main.c:169:13: warning: 'MX_GPIO_Init' defined but not used [-Wunused-function]
  169 | static void MX_GPIO_Init(void)
      |             ^~~~~~~~~~~~
../Core/Src/main.c:122:6: warning: 'SystemClock_Config' defined but not used [-Wunused-function]
  122 | void SystemClock_Config(void)
      |      ^~~~~~~~~~~~~~~~~~
make: *** [Core/Src/subdir.mk:34: Core/Src/main.o] Error 1
"make -j12 all" terminated with exit code 2. Build might be incomplete.
11:46:42 **** Incremental Build of configuration Debug for project EXTI_Sofware ****
make -j12 all 
arm-none-eabi-size  EXTI_Sofware.elf 
   text	   data	    bss	    dec	    hex	filename
   6300	     12	   1572	   7884	   1ecc	EXTI_Sofware.elf
Finished building: default.size.stdout
 
11:46:43 **** Incremental Build of configuration Debug for project INTERRUTTRIGGER_EDGESELEC ****
make -j12 all 
arm-none-eabi-size  INTERRUTTRIGGER_EDGESELEC.elf 
   text	   data	    bss	    dec	    hex	filename
   6268	     16	   1568	   7852	   1eac	INTERRUTTRIGGER_EDGESELEC.elf
Finished building: default.size.stdout
 
11:47:42 **** Incremental Build of configuration Debug for project EXTI_FUNCTIONALITY ****
make -j12 all 
arm-none-eabi-gcc "../Core/Src/main.c" -mcpu=cortex-m4 -std=gnu11 -g3 -DDEBUG -DUSE_HAL_DRIVER -DSTM32F407xx -c -I../Core/Inc -I../Drivers/STM32F4xx_HAL_Driver/Inc -I../Drivers/STM32F4xx_HAL_Driver/Inc/Legacy -I../Drivers/CMSIS/Device/ST/STM32F4xx/Include -I../Drivers/CMSIS/Include -O0 -ffunction-sections -fdata-sections -Wall -fstack-usage -fcyclomatic-complexity -MMD -MP -MF"Core/Src/main.d" -MT"Core/Src/main.o" --specs=nano.specs -mfpu=fpv4-sp-d16 -mfloat-abi=hard -mthumb -o "Core/Src/main.o"
../Core/Src/main.c:45:10: error: unknown type name 'uint8_8'
   45 | volatile uint8_8 led_state=0;
      |          ^~~~~~~
../Core/Src/main.c:46:10: error: unknown type name 'uint8_8'
   46 | volatile uint8_8 led_toggle_flag=0;
      |          ^~~~~~~
../Core/Src/main.c: In function 'main':
../Core/Src/main.c:169:13: error: invalid storage class for function 'MX_GPIO_Init'
  169 | static void MX_GPIO_Init(void)
      |             ^~~~~~~~~~~~
../Core/Src/main.c:231:1: error: expected declaration or statement at end of input
  231 | }
      | ^
../Core/Src/main.c: At top level:
../Core/Src/main.c:52:13: warning: 'MX_GPIO_Init' used but never defined
   52 | static void MX_GPIO_Init(void);
      |             ^~~~~~~~~~~~
../Core/Src/main.c:222:6: warning: 'Error_Handler' defined but not used [-Wunused-function]
  222 | void Error_Handler(void)
      |      ^~~~~~~~~~~~~
../Core/Src/main.c:206:6: warning: 'HAL_GPIO_EXTI_Callback' defined but not used [-Wunused-function]
  206 | void HAL_GPIO_EXTI_Callback(uint16_t GPIO_Pin)
      |      ^~~~~~~~~~~~~~~~~~~~~~
../Core/Src/main.c:169:13: warning: 'MX_GPIO_Init' defined but not used [-Wunused-function]
  169 | static void MX_GPIO_Init(void)
      |             ^~~~~~~~~~~~
../Core/Src/main.c:122:6: warning: 'SystemClock_Config' defined but not used [-Wunused-function]
  122 | void SystemClock_Config(void)
      |      ^~~~~~~~~~~~~~~~~~
make: *** [Core/Src/subdir.mk:34: Core/Src/main.o] Error 1
"make -j12 all" terminated with exit code 2. Build might be incomplete.
11:47:42 **** Incremental Build of configuration Debug for project EXTI_Sofware ****
make -j12 all 
arm-none-eabi-size  EXTI_Sofware.elf 
   text	   data	    bss	    dec	    hex	filename
   6300	     12	   1572	   7884	   1ecc	EXTI_Sofware.elf
Finished building: default.size.stdout
 
11:47:43 **** Incremental Build of configuration Debug for project INTERRUTTRIGGER_EDGESELEC ****
make -j12 all 
arm-none-eabi-size  INTERRUTTRIGGER_EDGESELEC.elf 
   text	   data	    bss	    dec	    hex	filename
   6268	     16	   1568	   7852	   1eac	INTERRUTTRIGGER_EDGESELEC.elf
Finished building: default.size.stdout
 
11:47:54 **** Incremental Build of configuration Debug for project EXTI_FUNCTIONALITY ****
make -j12 all 
arm-none-eabi-gcc "../Core/Src/main.c" -mcpu=cortex-m4 -std=gnu11 -g3 -DDEBUG -DUSE_HAL_DRIVER -DSTM32F407xx -c -I../Core/Inc -I../Drivers/STM32F4xx_HAL_Driver/Inc -I../Drivers/STM32F4xx_HAL_Driver/Inc/Legacy -I../Drivers/CMSIS/Device/ST/STM32F4xx/Include -I../Drivers/CMSIS/Include -O0 -ffunction-sections -fdata-sections -Wall -fstack-usage -fcyclomatic-complexity -MMD -MP -MF"Core/Src/main.d" -MT"Core/Src/main.o" --specs=nano.specs -mfpu=fpv4-sp-d16 -mfloat-abi=hard -mthumb -o "Core/Src/main.o"
../Core/Src/main.c: In function 'main':
../Core/Src/main.c:169:13: error: invalid storage class for function 'MX_GPIO_Init'
  169 | static void MX_GPIO_Init(void)
      |             ^~~~~~~~~~~~
../Core/Src/main.c:231:1: error: expected declaration or statement at end of input
  231 | }
      | ^
../Core/Src/main.c: At top level:
../Core/Src/main.c:52:13: warning: 'MX_GPIO_Init' used but never defined
   52 | static void MX_GPIO_Init(void);
      |             ^~~~~~~~~~~~
../Core/Src/main.c:222:6: warning: 'Error_Handler' defined but not used [-Wunused-function]
  222 | void Error_Handler(void)
      |      ^~~~~~~~~~~~~
../Core/Src/main.c:206:6: warning: 'HAL_GPIO_EXTI_Callback' defined but not used [-Wunused-function]
  206 | void HAL_GPIO_EXTI_Callback(uint16_t GPIO_Pin)
      |      ^~~~~~~~~~~~~~~~~~~~~~
../Core/Src/main.c:169:13: warning: 'MX_GPIO_Init' defined but not used [-Wunused-function]
  169 | static void MX_GPIO_Init(void)
      |             ^~~~~~~~~~~~
../Core/Src/main.c:122:6: warning: 'SystemClock_Config' defined but not used [-Wunused-function]
  122 | void SystemClock_Config(void)
      |      ^~~~~~~~~~~~~~~~~~
make: *** [Core/Src/subdir.mk:34: Core/Src/main.o] Error 1
"make -j12 all" terminated with exit code 2. Build might be incomplete.
11:47:54 **** Incremental Build of configuration Debug for project EXTI_Sofware ****
make -j12 all 
arm-none-eabi-size  EXTI_Sofware.elf 
   text	   data	    bss	    dec	    hex	filename
   6300	     12	   1572	   7884	   1ecc	EXTI_Sofware.elf
Finished building: default.size.stdout
 
11:47:55 **** Incremental Build of configuration Debug for project INTERRUTTRIGGER_EDGESELEC ****
make -j12 all 
arm-none-eabi-size  INTERRUTTRIGGER_EDGESELEC.elf 
   text	   data	    bss	    dec	    hex	filename
   6268	     16	   1568	   7852	   1eac	INTERRUTTRIGGER_EDGESELEC.elf
Finished building: default.size.stdout
 
11:49:07 **** Incremental Build of configuration Debug for project EXTI_FUNCTIONALITY ****
make -j12 all 
arm-none-eabi-gcc "../Core/Src/main.c" -mcpu=cortex-m4 -std=gnu11 -g3 -DDEBUG -DUSE_HAL_DRIVER -DSTM32F407xx -c -I../Core/Inc -I../Drivers/STM32F4xx_HAL_Driver/Inc -I../Drivers/STM32F4xx_HAL_Driver/Inc/Legacy -I../Drivers/CMSIS/Device/ST/STM32F4xx/Include -I../Drivers/CMSIS/Include -O0 -ffunction-sections -fdata-sections -Wall -fstack-usage -fcyclomatic-complexity -MMD -MP -MF"Core/Src/main.d" -MT"Core/Src/main.o" --specs=nano.specs -mfpu=fpv4-sp-d16 -mfloat-abi=hard -mthumb -o "Core/Src/main.o"
../Core/Src/main.c: In function 'main':
../Core/Src/main.c:68:1: warning: implicit declaration of function 'GPIO_EXTI_Init' [-Wimplicit-function-declaration]
   68 | GPIO_EXTI_Init();
      | ^~~~~~~~~~~~~~
../Core/Src/main.c:169:13: error: invalid storage class for function 'MX_GPIO_Init'
  169 | static void MX_GPIO_Init(void)
      |             ^~~~~~~~~~~~
../Core/Src/main.c:231:1: error: expected declaration or statement at end of input
  231 | }
      | ^
../Core/Src/main.c: At top level:
../Core/Src/main.c:52:13: warning: 'MX_GPIO_Init' used but never defined
   52 | static void MX_GPIO_Init(void);
      |             ^~~~~~~~~~~~
../Core/Src/main.c:222:6: warning: 'Error_Handler' defined but not used [-Wunused-function]
  222 | void Error_Handler(void)
      |      ^~~~~~~~~~~~~
../Core/Src/main.c:206:6: warning: 'HAL_GPIO_EXTI_Callback' defined but not used [-Wunused-function]
  206 | void HAL_GPIO_EXTI_Callback(uint16_t GPIO_Pin)
      |      ^~~~~~~~~~~~~~~~~~~~~~
../Core/Src/main.c:169:13: warning: 'MX_GPIO_Init' defined but not used [-Wunused-function]
  169 | static void MX_GPIO_Init(void)
      |             ^~~~~~~~~~~~
../Core/Src/main.c:122:6: warning: 'SystemClock_Config' defined but not used [-Wunused-function]
  122 | void SystemClock_Config(void)
      |      ^~~~~~~~~~~~~~~~~~
make: *** [Core/Src/subdir.mk:34: Core/Src/main.o] Error 1
"make -j12 all" terminated with exit code 2. Build might be incomplete.
11:49:07 **** Incremental Build of configuration Debug for project EXTI_Sofware ****
make -j12 all 
arm-none-eabi-size  EXTI_Sofware.elf 
   text	   data	    bss	    dec	    hex	filename
   6300	     12	   1572	   7884	   1ecc	EXTI_Sofware.elf
Finished building: default.size.stdout
 
11:49:08 **** Incremental Build of configuration Debug for project INTERRUTTRIGGER_EDGESELEC ****
make -j12 all 
arm-none-eabi-size  INTERRUTTRIGGER_EDGESELEC.elf 
   text	   data	    bss	    dec	    hex	filename
   6268	     16	   1568	   7852	   1eac	INTERRUTTRIGGER_EDGESELEC.elf
Finished building: default.size.stdout
 
11:59:31 **** Incremental Build of configuration Debug for project EXTI_FUNCTIONALITY ****
make -j12 all 
arm-none-eabi-gcc "../Core/Src/main.c" -mcpu=cortex-m4 -std=gnu11 -g3 -DDEBUG -DUSE_HAL_DRIVER -DSTM32F407xx -c -I../Core/Inc -I../Drivers/STM32F4xx_HAL_Driver/Inc -I../Drivers/STM32F4xx_HAL_Driver/Inc/Legacy -I../Drivers/CMSIS/Device/ST/STM32F4xx/Include -I../Drivers/CMSIS/Include -O0 -ffunction-sections -fdata-sections -Wall -fstack-usage -fcyclomatic-complexity -MMD -MP -MF"Core/Src/main.d" -MT"Core/Src/main.o" --specs=nano.specs -mfpu=fpv4-sp-d16 -mfloat-abi=hard -mthumb -o "Core/Src/main.o"
../Core/Src/main.c: In function 'main':
../Core/Src/main.c:102:14: error: 'X' undeclared (first use in this function)
  102 |           if(X==1)
      |              ^
../Core/Src/main.c:102:14: note: each undeclared identifier is reported only once for each function it appears in
../Core/Src/main.c:161:13: error: invalid storage class for function 'MX_GPIO_Init'
  161 | static void MX_GPIO_Init(void)
      |             ^~~~~~~~~~~~
../Core/Src/main.c:221:1: error: expected declaration or statement at end of input
  221 | }
      | ^
../Core/Src/main.c: At top level:
../Core/Src/main.c:51:13: warning: 'MX_GPIO_Init' used but never defined
   51 | static void MX_GPIO_Init(void);
      |             ^~~~~~~~~~~~
../Core/Src/main.c:212:6: warning: 'Error_Handler' defined but not used [-Wunused-function]
  212 | void Error_Handler(void)
      |      ^~~~~~~~~~~~~
../Core/Src/main.c:198:6: warning: 'HAL_GPIO_EXTI_Callback' defined but not used [-Wunused-function]
  198 | void HAL_GPIO_EXTI_Callback(uint16_t GPIO_Pin)
      |      ^~~~~~~~~~~~~~~~~~~~~~
../Core/Src/main.c:161:13: warning: 'MX_GPIO_Init' defined but not used [-Wunused-function]
  161 | static void MX_GPIO_Init(void)
      |             ^~~~~~~~~~~~
../Core/Src/main.c:114:6: warning: 'SystemClock_Config' defined but not used [-Wunused-function]
  114 | void SystemClock_Config(void)
      |      ^~~~~~~~~~~~~~~~~~
make: *** [Core/Src/subdir.mk:34: Core/Src/main.o] Error 1
"make -j12 all" terminated with exit code 2. Build might be incomplete.
11:59:31 **** Incremental Build of configuration Debug for project EXTI_Sofware ****
make -j12 all 
arm-none-eabi-size  EXTI_Sofware.elf 
   text	   data	    bss	    dec	    hex	filename
   6300	     12	   1572	   7884	   1ecc	EXTI_Sofware.elf
Finished building: default.size.stdout
 
11:59:32 **** Incremental Build of configuration Debug for project INTERRUTTRIGGER_EDGESELEC ****
make -j12 all 
arm-none-eabi-size  INTERRUTTRIGGER_EDGESELEC.elf 
   text	   data	    bss	    dec	    hex	filename
   6268	     16	   1568	   7852	   1eac	INTERRUTTRIGGER_EDGESELEC.elf
Finished building: default.size.stdout
 
11:59:48 **** Incremental Build of configuration Debug for project EXTI_FUNCTIONALITY ****
make -j12 all 
arm-none-eabi-gcc "../Core/Src/main.c" -mcpu=cortex-m4 -std=gnu11 -g3 -DDEBUG -DUSE_HAL_DRIVER -DSTM32F407xx -c -I../Core/Inc -I../Drivers/STM32F4xx_HAL_Driver/Inc -I../Drivers/STM32F4xx_HAL_Driver/Inc/Legacy -I../Drivers/CMSIS/Device/ST/STM32F4xx/Include -I../Drivers/CMSIS/Include -O0 -ffunction-sections -fdata-sections -Wall -fstack-usage -fcyclomatic-complexity -MMD -MP -MF"Core/Src/main.d" -MT"Core/Src/main.o" --specs=nano.specs -mfpu=fpv4-sp-d16 -mfloat-abi=hard -mthumb -o "Core/Src/main.o"
../Core/Src/main.c: In function 'main':
../Core/Src/main.c:161:13: error: invalid storage class for function 'MX_GPIO_Init'
  161 | static void MX_GPIO_Init(void)
      |             ^~~~~~~~~~~~
../Core/Src/main.c:221:1: error: expected declaration or statement at end of input
  221 | }
      | ^
../Core/Src/main.c: At top level:
../Core/Src/main.c:51:13: warning: 'MX_GPIO_Init' used but never defined
   51 | static void MX_GPIO_Init(void);
      |             ^~~~~~~~~~~~
../Core/Src/main.c:212:6: warning: 'Error_Handler' defined but not used [-Wunused-function]
  212 | void Error_Handler(void)
      |      ^~~~~~~~~~~~~
../Core/Src/main.c:198:6: warning: 'HAL_GPIO_EXTI_Callback' defined but not used [-Wunused-function]
  198 | void HAL_GPIO_EXTI_Callback(uint16_t GPIO_Pin)
      |      ^~~~~~~~~~~~~~~~~~~~~~
../Core/Src/main.c:161:13: warning: 'MX_GPIO_Init' defined but not used [-Wunused-function]
  161 | static void MX_GPIO_Init(void)
      |             ^~~~~~~~~~~~
../Core/Src/main.c:114:6: warning: 'SystemClock_Config' defined but not used [-Wunused-function]
  114 | void SystemClock_Config(void)
      |      ^~~~~~~~~~~~~~~~~~
make: *** [Core/Src/subdir.mk:34: Core/Src/main.o] Error 1
"make -j12 all" terminated with exit code 2. Build might be incomplete.
11:59:48 **** Incremental Build of configuration Debug for project EXTI_Sofware ****
make -j12 all 
arm-none-eabi-size  EXTI_Sofware.elf 
   text	   data	    bss	    dec	    hex	filename
   6300	     12	   1572	   7884	   1ecc	EXTI_Sofware.elf
Finished building: default.size.stdout
 
11:59:49 **** Incremental Build of configuration Debug for project INTERRUTTRIGGER_EDGESELEC ****
make -j12 all 
arm-none-eabi-size  INTERRUTTRIGGER_EDGESELEC.elf 
   text	   data	    bss	    dec	    hex	filename
   6268	     16	   1568	   7852	   1eac	INTERRUTTRIGGER_EDGESELEC.elf
Finished building: default.size.stdout
 
12:53:48 **** Incremental Build of configuration Debug for project EXTI_FUNCTIONALITY ****
make -j12 all 
arm-none-eabi-gcc "../Core/Src/main.c" -mcpu=cortex-m4 -std=gnu11 -g3 -DDEBUG -DUSE_HAL_DRIVER -DSTM32F407xx -c -I../Core/Inc -I../Drivers/STM32F4xx_HAL_Driver/Inc -I../Drivers/STM32F4xx_HAL_Driver/Inc/Legacy -I../Drivers/CMSIS/Device/ST/STM32F4xx/Include -I../Drivers/CMSIS/Include -O0 -ffunction-sections -fdata-sections -Wall -fstack-usage -fcyclomatic-complexity -MMD -MP -MF"Core/Src/main.d" -MT"Core/Src/main.o" --specs=nano.specs -mfpu=fpv4-sp-d16 -mfloat-abi=hard -mthumb -o "Core/Src/main.o"
../Core/Src/main.c: In function 'main':
../Core/Src/main.c:161:13: error: invalid storage class for function 'MX_GPIO_Init'
  161 | static void MX_GPIO_Init(void)
      |             ^~~~~~~~~~~~
../Core/Src/main.c:221:1: error: expected declaration or statement at end of input
  221 | }
      | ^
../Core/Src/main.c: At top level:
../Core/Src/main.c:51:13: warning: 'MX_GPIO_Init' used but never defined
   51 | static void MX_GPIO_Init(void);
      |             ^~~~~~~~~~~~
../Core/Src/main.c:212:6: warning: 'Error_Handler' defined but not used [-Wunused-function]
  212 | void Error_Handler(void)
      |      ^~~~~~~~~~~~~
../Core/Src/main.c:198:6: warning: 'HAL_GPIO_EXTI_Callback' defined but not used [-Wunused-function]
  198 | void HAL_GPIO_EXTI_Callback(uint16_t GPIO_Pin)
      |      ^~~~~~~~~~~~~~~~~~~~~~
../Core/Src/main.c:161:13: warning: 'MX_GPIO_Init' defined but not used [-Wunused-function]
  161 | static void MX_GPIO_Init(void)
      |             ^~~~~~~~~~~~
../Core/Src/main.c:114:6: warning: 'SystemClock_Config' defined but not used [-Wunused-function]
  114 | void SystemClock_Config(void)
      |      ^~~~~~~~~~~~~~~~~~
make: *** [Core/Src/subdir.mk:34: Core/Src/main.o] Error 1
"make -j12 all" terminated with exit code 2. Build might be incomplete.
12:53:49 **** Incremental Build of configuration Debug for project EXTI_Sofware ****
make -j12 all 
arm-none-eabi-size  EXTI_Sofware.elf 
   text	   data	    bss	    dec	    hex	filename
   6300	     12	   1572	   7884	   1ecc	EXTI_Sofware.elf
Finished building: default.size.stdout
 
12:53:50 **** Build of configuration Debug for project HAL_USART2 ****
make -j12 all 
arm-none-eabi-gcc "../Drivers/STM32F4xx_HAL_Driver/Src/stm32f4xx_hal.c" -mcpu=cortex-m4 -std=gnu11 -g3 -DDEBUG -DUSE_HAL_DRIVER -DSTM32F407xx -c -I../Core/Inc -I../Drivers/STM32F4xx_HAL_Driver/Inc -I../Drivers/STM32F4xx_HAL_Driver/Inc/Legacy -I../Drivers/CMSIS/Device/ST/STM32F4xx/Include -I../Drivers/CMSIS/Include -O0 -ffunction-sections -fdata-sections -Wall -fstack-usage -fcyclomatic-complexity -MMD -MP -MF"Drivers/STM32F4xx_HAL_Driver/Src/stm32f4xx_hal.d" -MT"Drivers/STM32F4xx_HAL_Driver/Src/stm32f4xx_hal.o" --specs=nano.specs -mfpu=fpv4-sp-d16 -mfloat-abi=hard -mthumb -o "Drivers/STM32F4xx_HAL_Driver/Src/stm32f4xx_hal.o"
arm-none-eabi-gcc "../Drivers/STM32F4xx_HAL_Driver/Src/stm32f4xx_hal_cortex.c" -mcpu=cortex-m4 -std=gnu11 -g3 -DDEBUG -DUSE_HAL_DRIVER -DSTM32F407xx -c -I../Core/Inc -I../Drivers/STM32F4xx_HAL_Driver/Inc -I../Drivers/STM32F4xx_HAL_Driver/Inc/Legacy -I../Drivers/CMSIS/Device/ST/STM32F4xx/Include -I../Drivers/CMSIS/Include -O0 -ffunction-sections -fdata-sections -Wall -fstack-usage -fcyclomatic-complexity -MMD -MP -MF"Drivers/STM32F4xx_HAL_Driver/Src/stm32f4xx_hal_cortex.d" -MT"Drivers/STM32F4xx_HAL_Driver/Src/stm32f4xx_hal_cortex.o" --specs=nano.specs -mfpu=fpv4-sp-d16 -mfloat-abi=hard -mthumb -o "Drivers/STM32F4xx_HAL_Driver/Src/stm32f4xx_hal_cortex.o"
arm-none-eabi-gcc "../Drivers/STM32F4xx_HAL_Driver/Src/stm32f4xx_hal_dma.c" -mcpu=cortex-m4 -std=gnu11 -g3 -DDEBUG -DUSE_HAL_DRIVER -DSTM32F407xx -c -I../Core/Inc -I../Drivers/STM32F4xx_HAL_Driver/Inc -I../Drivers/STM32F4xx_HAL_Driver/Inc/Legacy -I../Drivers/CMSIS/Device/ST/STM32F4xx/Include -I../Drivers/CMSIS/Include -O0 -ffunction-sections -fdata-sections -Wall -fstack-usage -fcyclomatic-complexity -MMD -MP -MF"Drivers/STM32F4xx_HAL_Driver/Src/stm32f4xx_hal_dma.d" -MT"Drivers/STM32F4xx_HAL_Driver/Src/stm32f4xx_hal_dma.o" --specs=nano.specs -mfpu=fpv4-sp-d16 -mfloat-abi=hard -mthumb -o "Drivers/STM32F4xx_HAL_Driver/Src/stm32f4xx_hal_dma.o"
arm-none-eabi-gcc "../Drivers/STM32F4xx_HAL_Driver/Src/stm32f4xx_hal_dma_ex.c" -mcpu=cortex-m4 -std=gnu11 -g3 -DDEBUG -DUSE_HAL_DRIVER -DSTM32F407xx -c -I../Core/Inc -I../Drivers/STM32F4xx_HAL_Driver/Inc -I../Drivers/STM32F4xx_HAL_Driver/Inc/Legacy -I../Drivers/CMSIS/Device/ST/STM32F4xx/Include -I../Drivers/CMSIS/Include -O0 -ffunction-sections -fdata-sections -Wall -fstack-usage -fcyclomatic-complexity -MMD -MP -MF"Drivers/STM32F4xx_HAL_Driver/Src/stm32f4xx_hal_dma_ex.d" -MT"Drivers/STM32F4xx_HAL_Driver/Src/stm32f4xx_hal_dma_ex.o" --specs=nano.specs -mfpu=fpv4-sp-d16 -mfloat-abi=hard -mthumb -o "Drivers/STM32F4xx_HAL_Driver/Src/stm32f4xx_hal_dma_ex.o"
arm-none-eabi-gcc "../Drivers/STM32F4xx_HAL_Driver/Src/stm32f4xx_hal_exti.c" -mcpu=cortex-m4 -std=gnu11 -g3 -DDEBUG -DUSE_HAL_DRIVER -DSTM32F407xx -c -I../Core/Inc -I../Drivers/STM32F4xx_HAL_Driver/Inc -I../Drivers/STM32F4xx_HAL_Driver/Inc/Legacy -I../Drivers/CMSIS/Device/ST/STM32F4xx/Include -I../Drivers/CMSIS/Include -O0 -ffunction-sections -fdata-sections -Wall -fstack-usage -fcyclomatic-complexity -MMD -MP -MF"Drivers/STM32F4xx_HAL_Driver/Src/stm32f4xx_hal_exti.d" -MT"Drivers/STM32F4xx_HAL_Driver/Src/stm32f4xx_hal_exti.o" --specs=nano.specs -mfpu=fpv4-sp-d16 -mfloat-abi=hard -mthumb -o "Drivers/STM32F4xx_HAL_Driver/Src/stm32f4xx_hal_exti.o"
arm-none-eabi-gcc "../Drivers/STM32F4xx_HAL_Driver/Src/stm32f4xx_hal_flash.c" -mcpu=cortex-m4 -std=gnu11 -g3 -DDEBUG -DUSE_HAL_DRIVER -DSTM32F407xx -c -I../Core/Inc -I../Drivers/STM32F4xx_HAL_Driver/Inc -I../Drivers/STM32F4xx_HAL_Driver/Inc/Legacy -I../Drivers/CMSIS/Device/ST/STM32F4xx/Include -I../Drivers/CMSIS/Include -O0 -ffunction-sections -fdata-sections -Wall -fstack-usage -fcyclomatic-complexity -MMD -MP -MF"Drivers/STM32F4xx_HAL_Driver/Src/stm32f4xx_hal_flash.d" -MT"Drivers/STM32F4xx_HAL_Driver/Src/stm32f4xx_hal_flash.o" --specs=nano.specs -mfpu=fpv4-sp-d16 -mfloat-abi=hard -mthumb -o "Drivers/STM32F4xx_HAL_Driver/Src/stm32f4xx_hal_flash.o"
arm-none-eabi-gcc "../Drivers/STM32F4xx_HAL_Driver/Src/stm32f4xx_hal_flash_ex.c" -mcpu=cortex-m4 -std=gnu11 -g3 -DDEBUG -DUSE_HAL_DRIVER -DSTM32F407xx -c -I../Core/Inc -I../Drivers/STM32F4xx_HAL_Driver/Inc -I../Drivers/STM32F4xx_HAL_Driver/Inc/Legacy -I../Drivers/CMSIS/Device/ST/STM32F4xx/Include -I../Drivers/CMSIS/Include -O0 -ffunction-sections -fdata-sections -Wall -fstack-usage -fcyclomatic-complexity -MMD -MP -MF"Drivers/STM32F4xx_HAL_Driver/Src/stm32f4xx_hal_flash_ex.d" -MT"Drivers/STM32F4xx_HAL_Driver/Src/stm32f4xx_hal_flash_ex.o" --specs=nano.specs -mfpu=fpv4-sp-d16 -mfloat-abi=hard -mthumb -o "Drivers/STM32F4xx_HAL_Driver/Src/stm32f4xx_hal_flash_ex.o"
arm-none-eabi-gcc "../Drivers/STM32F4xx_HAL_Driver/Src/stm32f4xx_hal_flash_ramfunc.c" -mcpu=cortex-m4 -std=gnu11 -g3 -DDEBUG -DUSE_HAL_DRIVER -DSTM32F407xx -c -I../Core/Inc -I../Drivers/STM32F4xx_HAL_Driver/Inc -I../Drivers/STM32F4xx_HAL_Driver/Inc/Legacy -I../Drivers/CMSIS/Device/ST/STM32F4xx/Include -I../Drivers/CMSIS/Include -O0 -ffunction-sections -fdata-sections -Wall -fstack-usage -fcyclomatic-complexity -MMD -MP -MF"Drivers/STM32F4xx_HAL_Driver/Src/stm32f4xx_hal_flash_ramfunc.d" -MT"Drivers/STM32F4xx_HAL_Driver/Src/stm32f4xx_hal_flash_ramfunc.o" --specs=nano.specs -mfpu=fpv4-sp-d16 -mfloat-abi=hard -mthumb -o "Drivers/STM32F4xx_HAL_Driver/Src/stm32f4xx_hal_flash_ramfunc.o"
arm-none-eabi-gcc "../Drivers/STM32F4xx_HAL_Driver/Src/stm32f4xx_hal_gpio.c" -mcpu=cortex-m4 -std=gnu11 -g3 -DDEBUG -DUSE_HAL_DRIVER -DSTM32F407xx -c -I../Core/Inc -I../Drivers/STM32F4xx_HAL_Driver/Inc -I../Drivers/STM32F4xx_HAL_Driver/Inc/Legacy -I../Drivers/CMSIS/Device/ST/STM32F4xx/Include -I../Drivers/CMSIS/Include -O0 -ffunction-sections -fdata-sections -Wall -fstack-usage -fcyclomatic-complexity -MMD -MP -MF"Drivers/STM32F4xx_HAL_Driver/Src/stm32f4xx_hal_gpio.d" -MT"Drivers/STM32F4xx_HAL_Driver/Src/stm32f4xx_hal_gpio.o" --specs=nano.specs -mfpu=fpv4-sp-d16 -mfloat-abi=hard -mthumb -o "Drivers/STM32F4xx_HAL_Driver/Src/stm32f4xx_hal_gpio.o"
arm-none-eabi-gcc "../Drivers/STM32F4xx_HAL_Driver/Src/stm32f4xx_hal_pwr.c" -mcpu=cortex-m4 -std=gnu11 -g3 -DDEBUG -DUSE_HAL_DRIVER -DSTM32F407xx -c -I../Core/Inc -I../Drivers/STM32F4xx_HAL_Driver/Inc -I../Drivers/STM32F4xx_HAL_Driver/Inc/Legacy -I../Drivers/CMSIS/Device/ST/STM32F4xx/Include -I../Drivers/CMSIS/Include -O0 -ffunction-sections -fdata-sections -Wall -fstack-usage -fcyclomatic-complexity -MMD -MP -MF"Drivers/STM32F4xx_HAL_Driver/Src/stm32f4xx_hal_pwr.d" -MT"Drivers/STM32F4xx_HAL_Driver/Src/stm32f4xx_hal_pwr.o" --specs=nano.specs -mfpu=fpv4-sp-d16 -mfloat-abi=hard -mthumb -o "Drivers/STM32F4xx_HAL_Driver/Src/stm32f4xx_hal_pwr.o"
arm-none-eabi-gcc "../Drivers/STM32F4xx_HAL_Driver/Src/stm32f4xx_hal_pwr_ex.c" -mcpu=cortex-m4 -std=gnu11 -g3 -DDEBUG -DUSE_HAL_DRIVER -DSTM32F407xx -c -I../Core/Inc -I../Drivers/STM32F4xx_HAL_Driver/Inc -I../Drivers/STM32F4xx_HAL_Driver/Inc/Legacy -I../Drivers/CMSIS/Device/ST/STM32F4xx/Include -I../Drivers/CMSIS/Include -O0 -ffunction-sections -fdata-sections -Wall -fstack-usage -fcyclomatic-complexity -MMD -MP -MF"Drivers/STM32F4xx_HAL_Driver/Src/stm32f4xx_hal_pwr_ex.d" -MT"Drivers/STM32F4xx_HAL_Driver/Src/stm32f4xx_hal_pwr_ex.o" --specs=nano.specs -mfpu=fpv4-sp-d16 -mfloat-abi=hard -mthumb -o "Drivers/STM32F4xx_HAL_Driver/Src/stm32f4xx_hal_pwr_ex.o"
arm-none-eabi-gcc "../Drivers/STM32F4xx_HAL_Driver/Src/stm32f4xx_hal_rcc.c" -mcpu=cortex-m4 -std=gnu11 -g3 -DDEBUG -DUSE_HAL_DRIVER -DSTM32F407xx -c -I../Core/Inc -I../Drivers/STM32F4xx_HAL_Driver/Inc -I../Drivers/STM32F4xx_HAL_Driver/Inc/Legacy -I../Drivers/CMSIS/Device/ST/STM32F4xx/Include -I../Drivers/CMSIS/Include -O0 -ffunction-sections -fdata-sections -Wall -fstack-usage -fcyclomatic-complexity -MMD -MP -MF"Drivers/STM32F4xx_HAL_Driver/Src/stm32f4xx_hal_rcc.d" -MT"Drivers/STM32F4xx_HAL_Driver/Src/stm32f4xx_hal_rcc.o" --specs=nano.specs -mfpu=fpv4-sp-d16 -mfloat-abi=hard -mthumb -o "Drivers/STM32F4xx_HAL_Driver/Src/stm32f4xx_hal_rcc.o"
arm-none-eabi-gcc "../Drivers/STM32F4xx_HAL_Driver/Src/stm32f4xx_hal_rcc_ex.c" -mcpu=cortex-m4 -std=gnu11 -g3 -DDEBUG -DUSE_HAL_DRIVER -DSTM32F407xx -c -I../Core/Inc -I../Drivers/STM32F4xx_HAL_Driver/Inc -I../Drivers/STM32F4xx_HAL_Driver/Inc/Legacy -I../Drivers/CMSIS/Device/ST/STM32F4xx/Include -I../Drivers/CMSIS/Include -O0 -ffunction-sections -fdata-sections -Wall -fstack-usage -fcyclomatic-complexity -MMD -MP -MF"Drivers/STM32F4xx_HAL_Driver/Src/stm32f4xx_hal_rcc_ex.d" -MT"Drivers/STM32F4xx_HAL_Driver/Src/stm32f4xx_hal_rcc_ex.o" --specs=nano.specs -mfpu=fpv4-sp-d16 -mfloat-abi=hard -mthumb -o "Drivers/STM32F4xx_HAL_Driver/Src/stm32f4xx_hal_rcc_ex.o"
arm-none-eabi-gcc "../Drivers/STM32F4xx_HAL_Driver/Src/stm32f4xx_hal_uart.c" -mcpu=cortex-m4 -std=gnu11 -g3 -DDEBUG -DUSE_HAL_DRIVER -DSTM32F407xx -c -I../Core/Inc -I../Drivers/STM32F4xx_HAL_Driver/Inc -I../Drivers/STM32F4xx_HAL_Driver/Inc/Legacy -I../Drivers/CMSIS/Device/ST/STM32F4xx/Include -I../Drivers/CMSIS/Include -O0 -ffunction-sections -fdata-sections -Wall -fstack-usage -fcyclomatic-complexity -MMD -MP -MF"Drivers/STM32F4xx_HAL_Driver/Src/stm32f4xx_hal_uart.d" -MT"Drivers/STM32F4xx_HAL_Driver/Src/stm32f4xx_hal_uart.o" --specs=nano.specs -mfpu=fpv4-sp-d16 -mfloat-abi=hard -mthumb -o "Drivers/STM32F4xx_HAL_Driver/Src/stm32f4xx_hal_uart.o"
arm-none-eabi-gcc -mcpu=cortex-m4 -g3 -DDEBUG -c -x assembler-with-cpp -MMD -MP -MF"Core/Startup/startup_stm32f407vgtx.d" -MT"Core/Startup/startup_stm32f407vgtx.o" --specs=nano.specs -mfpu=fpv4-sp-d16 -mfloat-abi=hard -mthumb -o "Core/Startup/startup_stm32f407vgtx.o" "../Core/Startup/startup_stm32f407vgtx.s"
arm-none-eabi-gcc "../Core/Src/main.c" -mcpu=cortex-m4 -std=gnu11 -g3 -DDEBUG -DUSE_HAL_DRIVER -DSTM32F407xx -c -I../Core/Inc -I../Drivers/STM32F4xx_HAL_Driver/Inc -I../Drivers/STM32F4xx_HAL_Driver/Inc/Legacy -I../Drivers/CMSIS/Device/ST/STM32F4xx/Include -I../Drivers/CMSIS/Include -O0 -ffunction-sections -fdata-sections -Wall -fstack-usage -fcyclomatic-complexity -MMD -MP -MF"Core/Src/main.d" -MT"Core/Src/main.o" --specs=nano.specs -mfpu=fpv4-sp-d16 -mfloat-abi=hard -mthumb -o "Core/Src/main.o"
arm-none-eabi-gcc "../Core/Src/stm32f4xx_hal_msp.c" -mcpu=cortex-m4 -std=gnu11 -g3 -DDEBUG -DUSE_HAL_DRIVER -DSTM32F407xx -c -I../Core/Inc -I../Drivers/STM32F4xx_HAL_Driver/Inc -I../Drivers/STM32F4xx_HAL_Driver/Inc/Legacy -I../Drivers/CMSIS/Device/ST/STM32F4xx/Include -I../Drivers/CMSIS/Include -O0 -ffunction-sections -fdata-sections -Wall -fstack-usage -fcyclomatic-complexity -MMD -MP -MF"Core/Src/stm32f4xx_hal_msp.d" -MT"Core/Src/stm32f4xx_hal_msp.o" --specs=nano.specs -mfpu=fpv4-sp-d16 -mfloat-abi=hard -mthumb -o "Core/Src/stm32f4xx_hal_msp.o"
arm-none-eabi-gcc "../Core/Src/stm32f4xx_it.c" -mcpu=cortex-m4 -std=gnu11 -g3 -DDEBUG -DUSE_HAL_DRIVER -DSTM32F407xx -c -I../Core/Inc -I../Drivers/STM32F4xx_HAL_Driver/Inc -I../Drivers/STM32F4xx_HAL_Driver/Inc/Legacy -I../Drivers/CMSIS/Device/ST/STM32F4xx/Include -I../Drivers/CMSIS/Include -O0 -ffunction-sections -fdata-sections -Wall -fstack-usage -fcyclomatic-complexity -MMD -MP -MF"Core/Src/stm32f4xx_it.d" -MT"Core/Src/stm32f4xx_it.o" --specs=nano.specs -mfpu=fpv4-sp-d16 -mfloat-abi=hard -mthumb -o "Core/Src/stm32f4xx_it.o"
arm-none-eabi-gcc "../Core/Src/syscalls.c" -mcpu=cortex-m4 -std=gnu11 -g3 -DDEBUG -DUSE_HAL_DRIVER -DSTM32F407xx -c -I../Core/Inc -I../Drivers/STM32F4xx_HAL_Driver/Inc -I../Drivers/STM32F4xx_HAL_Driver/Inc/Legacy -I../Drivers/CMSIS/Device/ST/STM32F4xx/Include -I../Drivers/CMSIS/Include -O0 -ffunction-sections -fdata-sections -Wall -fstack-usage -fcyclomatic-complexity -MMD -MP -MF"Core/Src/syscalls.d" -MT"Core/Src/syscalls.o" --specs=nano.specs -mfpu=fpv4-sp-d16 -mfloat-abi=hard -mthumb -o "Core/Src/syscalls.o"
arm-none-eabi-gcc "../Core/Src/sysmem.c" -mcpu=cortex-m4 -std=gnu11 -g3 -DDEBUG -DUSE_HAL_DRIVER -DSTM32F407xx -c -I../Core/Inc -I../Drivers/STM32F4xx_HAL_Driver/Inc -I../Drivers/STM32F4xx_HAL_Driver/Inc/Legacy -I../Drivers/CMSIS/Device/ST/STM32F4xx/Include -I../Drivers/CMSIS/Include -O0 -ffunction-sections -fdata-sections -Wall -fstack-usage -fcyclomatic-complexity -MMD -MP -MF"Core/Src/sysmem.d" -MT"Core/Src/sysmem.o" --specs=nano.specs -mfpu=fpv4-sp-d16 -mfloat-abi=hard -mthumb -o "Core/Src/sysmem.o"
arm-none-eabi-gcc "../Core/Src/system_stm32f4xx.c" -mcpu=cortex-m4 -std=gnu11 -g3 -DDEBUG -DUSE_HAL_DRIVER -DSTM32F407xx -c -I../Core/Inc -I../Drivers/STM32F4xx_HAL_Driver/Inc -I../Drivers/STM32F4xx_HAL_Driver/Inc/Legacy -I../Drivers/CMSIS/Device/ST/STM32F4xx/Include -I../Drivers/CMSIS/Include -O0 -ffunction-sections -fdata-sections -Wall -fstack-usage -fcyclomatic-complexity -MMD -MP -MF"Core/Src/system_stm32f4xx.d" -MT"Core/Src/system_stm32f4xx.o" --specs=nano.specs -mfpu=fpv4-sp-d16 -mfloat-abi=hard -mthumb -o "Core/Src/system_stm32f4xx.o"
../Core/Src/main.c: In function 'main':
../Core/Src/main.c:95:3: warning: implicit declaration of function 'HAL_URT_Transmit'; did you mean 'HAL_UART_Transmit'? [-Wimplicit-function-declaration]
   95 |   HAL_URT_Transmit(&huart2, (uint8_t*)str,strlen(str),HAL_MAX_Delay);
      |   ^~~~~~~~~~~~~~~~
      |   HAL_UART_Transmit
../Core/Src/main.c:95:55: error: 'HAL_MAX_Delay' undeclared (first use in this function); did you mean 'HAL_MAX_DELAY'?
   95 |   HAL_URT_Transmit(&huart2, (uint8_t*)str,strlen(str),HAL_MAX_Delay);
      |                                                       ^~~~~~~~~~~~~
      |                                                       HAL_MAX_DELAY
../Core/Src/main.c:95:55: note: each undeclared identifier is reported only once for each function it appears in
make: *** [Core/Src/subdir.mk:34: Core/Src/main.o] Error 1
make: *** Waiting for unfinished jobs....
"make -j12 all" terminated with exit code 2. Build might be incomplete.
12:53:53 **** Incremental Build of configuration Debug for project INTERRUTTRIGGER_EDGESELEC ****
make -j12 all 
arm-none-eabi-size  INTERRUTTRIGGER_EDGESELEC.elf 
   text	   data	    bss	    dec	    hex	filename
   6268	     16	   1568	   7852	   1eac	INTERRUTTRIGGER_EDGESELEC.elf
Finished building: default.size.stdout
 
12:54:25 **** Incremental Build of configuration Debug for project EXTI_FUNCTIONALITY ****
make -j12 all 
arm-none-eabi-gcc "../Core/Src/main.c" -mcpu=cortex-m4 -std=gnu11 -g3 -DDEBUG -DUSE_HAL_DRIVER -DSTM32F407xx -c -I../Core/Inc -I../Drivers/STM32F4xx_HAL_Driver/Inc -I../Drivers/STM32F4xx_HAL_Driver/Inc/Legacy -I../Drivers/CMSIS/Device/ST/STM32F4xx/Include -I../Drivers/CMSIS/Include -O0 -ffunction-sections -fdata-sections -Wall -fstack-usage -fcyclomatic-complexity -MMD -MP -MF"Core/Src/main.d" -MT"Core/Src/main.o" --specs=nano.specs -mfpu=fpv4-sp-d16 -mfloat-abi=hard -mthumb -o "Core/Src/main.o"
../Core/Src/main.c: In function 'main':
../Core/Src/main.c:161:13: error: invalid storage class for function 'MX_GPIO_Init'
  161 | static void MX_GPIO_Init(void)
      |             ^~~~~~~~~~~~
../Core/Src/main.c:221:1: error: expected declaration or statement at end of input
  221 | }
      | ^
../Core/Src/main.c: At top level:
../Core/Src/main.c:51:13: warning: 'MX_GPIO_Init' used but never defined
   51 | static void MX_GPIO_Init(void);
      |             ^~~~~~~~~~~~
../Core/Src/main.c:212:6: warning: 'Error_Handler' defined but not used [-Wunused-function]
  212 | void Error_Handler(void)
      |      ^~~~~~~~~~~~~
../Core/Src/main.c:198:6: warning: 'HAL_GPIO_EXTI_Callback' defined but not used [-Wunused-function]
  198 | void HAL_GPIO_EXTI_Callback(uint16_t GPIO_Pin)
      |      ^~~~~~~~~~~~~~~~~~~~~~
../Core/Src/main.c:161:13: warning: 'MX_GPIO_Init' defined but not used [-Wunused-function]
  161 | static void MX_GPIO_Init(void)
      |             ^~~~~~~~~~~~
../Core/Src/main.c:114:6: warning: 'SystemClock_Config' defined but not used [-Wunused-function]
  114 | void SystemClock_Config(void)
      |      ^~~~~~~~~~~~~~~~~~
make: *** [Core/Src/subdir.mk:34: Core/Src/main.o] Error 1
"make -j12 all" terminated with exit code 2. Build might be incomplete.
12:54:26 **** Incremental Build of configuration Debug for project EXTI_Sofware ****
make -j12 all 
arm-none-eabi-size  EXTI_Sofware.elf 
   text	   data	    bss	    dec	    hex	filename
   6300	     12	   1572	   7884	   1ecc	EXTI_Sofware.elf
Finished building: default.size.stdout
 
12:54:27 **** Incremental Build of configuration Debug for project HAL_USART2 ****
make -j12 all 
arm-none-eabi-gcc "../Core/Src/main.c" -mcpu=cortex-m4 -std=gnu11 -g3 -DDEBUG -DUSE_HAL_DRIVER -DSTM32F407xx -c -I../Core/Inc -I../Drivers/STM32F4xx_HAL_Driver/Inc -I../Drivers/STM32F4xx_HAL_Driver/Inc/Legacy -I../Drivers/CMSIS/Device/ST/STM32F4xx/Include -I../Drivers/CMSIS/Include -O0 -ffunction-sections -fdata-sections -Wall -fstack-usage -fcyclomatic-complexity -MMD -MP -MF"Core/Src/main.d" -MT"Core/Src/main.o" --specs=nano.specs -mfpu=fpv4-sp-d16 -mfloat-abi=hard -mthumb -o "Core/Src/main.o"
../Core/Src/main.c: In function 'main':
../Core/Src/main.c:95:3: warning: implicit declaration of function 'HAL_URT_Transmit'; did you mean 'HAL_UART_Transmit'? [-Wimplicit-function-declaration]
   95 |   HAL_URT_Transmit(&huart2, (uint8_t*)str,strlen(str),HAL_MAX_DELAY);
      |   ^~~~~~~~~~~~~~~~
      |   HAL_UART_Transmit
arm-none-eabi-gcc -o "HAL_USART2.elf" @"objects.list"   -mcpu=cortex-m4 -T"C:\Users\sanket mirage\OneDrive\Desktop\Intenshipdata\ARM_94088_SAKSHI\Assignment7\HAL_USART2\STM32F407VGTX_FLASH.ld" --specs=nosys.specs -Wl,-Map="HAL_USART2.map" -Wl,--gc-sections -static --specs=nano.specs -mfpu=fpv4-sp-d16 -mfloat-abi=hard -mthumb -Wl,--start-group -lc -lm -Wl,--end-group
C:/ST/STM32CubeIDE_1.19.0/STM32CubeIDE/plugins/com.st.stm32cube.ide.mcu.externaltools.gnu-tools-for-stm32.13.3.rel1.win32_1.0.0.202411081344/tools/bin/../lib/gcc/arm-none-eabi/13.3.1/../../../../arm-none-eabi/bin/ld.exe: ./Core/Src/main.o: in function `main':
C:/Users/sanket mirage/OneDrive/Desktop/Intenshipdata/ARM_94088_SAKSHI/Assignment7/HAL_USART2/Debug/../Core/Src/main.c:95:(.text.main+0x40): undefined reference to `HAL_URT_Transmit'
collect2.exe: error: ld returned 1 exit status
make: *** [makefile:64: HAL_USART2.elf] Error 1
"make -j12 all" terminated with exit code 2. Build might be incomplete.
12:54:28 **** Incremental Build of configuration Debug for project INTERRUTTRIGGER_EDGESELEC ****
make -j12 all 
arm-none-eabi-size  INTERRUTTRIGGER_EDGESELEC.elf 
   text	   data	    bss	    dec	    hex	filename
   6268	     16	   1568	   7852	   1eac	INTERRUTTRIGGER_EDGESELEC.elf
Finished building: default.size.stdout
 
12:55:20 **** Incremental Build of configuration Debug for project EXTI_FUNCTIONALITY ****
make -j12 all 
arm-none-eabi-gcc "../Core/Src/main.c" -mcpu=cortex-m4 -std=gnu11 -g3 -DDEBUG -DUSE_HAL_DRIVER -DSTM32F407xx -c -I../Core/Inc -I../Drivers/STM32F4xx_HAL_Driver/Inc -I../Drivers/STM32F4xx_HAL_Driver/Inc/Legacy -I../Drivers/CMSIS/Device/ST/STM32F4xx/Include -I../Drivers/CMSIS/Include -O0 -ffunction-sections -fdata-sections -Wall -fstack-usage -fcyclomatic-complexity -MMD -MP -MF"Core/Src/main.d" -MT"Core/Src/main.o" --specs=nano.specs -mfpu=fpv4-sp-d16 -mfloat-abi=hard -mthumb -o "Core/Src/main.o"
../Core/Src/main.c: In function 'main':
../Core/Src/main.c:161:13: error: invalid storage class for function 'MX_GPIO_Init'
  161 | static void MX_GPIO_Init(void)
      |             ^~~~~~~~~~~~
../Core/Src/main.c:221:1: error: expected declaration or statement at end of input
  221 | }
      | ^
../Core/Src/main.c: At top level:
../Core/Src/main.c:51:13: warning: 'MX_GPIO_Init' used but never defined
   51 | static void MX_GPIO_Init(void);
      |             ^~~~~~~~~~~~
../Core/Src/main.c:212:6: warning: 'Error_Handler' defined but not used [-Wunused-function]
  212 | void Error_Handler(void)
      |      ^~~~~~~~~~~~~
../Core/Src/main.c:198:6: warning: 'HAL_GPIO_EXTI_Callback' defined but not used [-Wunused-function]
  198 | void HAL_GPIO_EXTI_Callback(uint16_t GPIO_Pin)
      |      ^~~~~~~~~~~~~~~~~~~~~~
../Core/Src/main.c:161:13: warning: 'MX_GPIO_Init' defined but not used [-Wunused-function]
  161 | static void MX_GPIO_Init(void)
      |             ^~~~~~~~~~~~
../Core/Src/main.c:114:6: warning: 'SystemClock_Config' defined but not used [-Wunused-function]
  114 | void SystemClock_Config(void)
      |      ^~~~~~~~~~~~~~~~~~
make: *** [Core/Src/subdir.mk:34: Core/Src/main.o] Error 1
"make -j12 all" terminated with exit code 2. Build might be incomplete.
12:55:21 **** Incremental Build of configuration Debug for project EXTI_Sofware ****
make -j12 all 
arm-none-eabi-size  EXTI_Sofware.elf 
   text	   data	    bss	    dec	    hex	filename
   6300	     12	   1572	   7884	   1ecc	EXTI_Sofware.elf
Finished building: default.size.stdout
 
12:55:21 **** Incremental Build of configuration Debug for project HAL_USART2 ****
make -j12 all 
arm-none-eabi-gcc "../Core/Src/main.c" -mcpu=cortex-m4 -std=gnu11 -g3 -DDEBUG -DUSE_HAL_DRIVER -DSTM32F407xx -c -I../Core/Inc -I../Drivers/STM32F4xx_HAL_Driver/Inc -I../Drivers/STM32F4xx_HAL_Driver/Inc/Legacy -I../Drivers/CMSIS/Device/ST/STM32F4xx/Include -I../Drivers/CMSIS/Include -O0 -ffunction-sections -fdata-sections -Wall -fstack-usage -fcyclomatic-complexity -MMD -MP -MF"Core/Src/main.d" -MT"Core/Src/main.o" --specs=nano.specs -mfpu=fpv4-sp-d16 -mfloat-abi=hard -mthumb -o "Core/Src/main.o"
arm-none-eabi-gcc -o "HAL_USART2.elf" @"objects.list"   -mcpu=cortex-m4 -T"C:\Users\sanket mirage\OneDrive\Desktop\Intenshipdata\ARM_94088_SAKSHI\Assignment7\HAL_USART2\STM32F407VGTX_FLASH.ld" --specs=nosys.specs -Wl,-Map="HAL_USART2.map" -Wl,--gc-sections -static --specs=nano.specs -mfpu=fpv4-sp-d16 -mfloat-abi=hard -mthumb -Wl,--start-group -lc -lm -Wl,--end-group
Finished building target: HAL_USART2.elf
 
arm-none-eabi-size  HAL_USART2.elf 
arm-none-eabi-objdump -h -S HAL_USART2.elf  > "HAL_USART2.list"
   text	   data	    bss	    dec	    hex	filename
   8372	     12	   1644	  10028	   272c	HAL_USART2.elf
Finished building: default.size.stdout
 
Finished building: HAL_USART2.list
 
12:55:23 **** Incremental Build of configuration Debug for project INTERRUTTRIGGER_EDGESELEC ****
make -j12 all 
arm-none-eabi-size  INTERRUTTRIGGER_EDGESELEC.elf 
   text	   data	    bss	    dec	    hex	filename
   6268	     16	   1568	   7852	   1eac	INTERRUTTRIGGER_EDGESELEC.elf
Finished building: default.size.stdout
 
